Archive member included to satisfy reference by file (symbol)

/Applications/STM32CubeIDE.app/Contents/Eclipse/plugins/com.st.stm32cube.ide.mcu.externaltools.gnu-tools-for-stm32.12.3.rel1.macos64_1.0.200.202406191456/tools/bin/../lib/gcc/arm-none-eabi/12.3.1/../../../../arm-none-eabi/lib/thumb/v7e-m+dp/hard/libc_nano.a(libc_a-assert.o)
                              ./Middlewares/Third_Party/OpenAMP/device.o (__assert_func)
/Applications/STM32CubeIDE.app/Contents/Eclipse/plugins/com.st.stm32cube.ide.mcu.externaltools.gnu-tools-for-stm32.12.3.rel1.macos64_1.0.200.202406191456/tools/bin/../lib/gcc/arm-none-eabi/12.3.1/../../../../arm-none-eabi/lib/thumb/v7e-m+dp/hard/libc_nano.a(libc_a-exit.o)
                              /Applications/STM32CubeIDE.app/Contents/Eclipse/plugins/com.st.stm32cube.ide.mcu.externaltools.gnu-tools-for-stm32.12.3.rel1.macos64_1.0.200.202406191456/tools/bin/../lib/gcc/arm-none-eabi/12.3.1/../../../../arm-none-eabi/lib/thumb/v7e-m+dp/hard/crt0.o (exit)
/Applications/STM32CubeIDE.app/Contents/Eclipse/plugins/com.st.stm32cube.ide.mcu.externaltools.gnu-tools-for-stm32.12.3.rel1.macos64_1.0.200.202406191456/tools/bin/../lib/gcc/arm-none-eabi/12.3.1/../../../../arm-none-eabi/lib/thumb/v7e-m+dp/hard/libc_nano.a(libc_a-malloc.o)
                              ./Middlewares/Third_Party/OpenAMP/remoteproc_virtio.o (malloc)
/Applications/STM32CubeIDE.app/Contents/Eclipse/plugins/com.st.stm32cube.ide.mcu.externaltools.gnu-tools-for-stm32.12.3.rel1.macos64_1.0.200.202406191456/tools/bin/../lib/gcc/arm-none-eabi/12.3.1/../../../../arm-none-eabi/lib/thumb/v7e-m+dp/hard/libc_nano.a(libc_a-mallocr.o)
                              /Applications/STM32CubeIDE.app/Contents/Eclipse/plugins/com.st.stm32cube.ide.mcu.externaltools.gnu-tools-for-stm32.12.3.rel1.macos64_1.0.200.202406191456/tools/bin/../lib/gcc/arm-none-eabi/12.3.1/../../../../arm-none-eabi/lib/thumb/v7e-m+dp/hard/libc_nano.a(libc_a-malloc.o) (_malloc_r)
/Applications/STM32CubeIDE.app/Contents/Eclipse/plugins/com.st.stm32cube.ide.mcu.externaltools.gnu-tools-for-stm32.12.3.rel1.macos64_1.0.200.202406191456/tools/bin/../lib/gcc/arm-none-eabi/12.3.1/../../../../arm-none-eabi/lib/thumb/v7e-m+dp/hard/libc_nano.a(libc_a-mlock.o)
                              /Applications/STM32CubeIDE.app/Contents/Eclipse/plugins/com.st.stm32cube.ide.mcu.externaltools.gnu-tools-for-stm32.12.3.rel1.macos64_1.0.200.202406191456/tools/bin/../lib/gcc/arm-none-eabi/12.3.1/../../../../arm-none-eabi/lib/thumb/v7e-m+dp/hard/libc_nano.a(libc_a-mallocr.o) (__malloc_lock)
/Applications/STM32CubeIDE.app/Contents/Eclipse/plugins/com.st.stm32cube.ide.mcu.externaltools.gnu-tools-for-stm32.12.3.rel1.macos64_1.0.200.202406191456/tools/bin/../lib/gcc/arm-none-eabi/12.3.1/../../../../arm-none-eabi/lib/thumb/v7e-m+dp/hard/libc_nano.a(libc_a-findfp.o)
                              /Applications/STM32CubeIDE.app/Contents/Eclipse/plugins/com.st.stm32cube.ide.mcu.externaltools.gnu-tools-for-stm32.12.3.rel1.macos64_1.0.200.202406191456/tools/bin/../lib/gcc/arm-none-eabi/12.3.1/../../../../arm-none-eabi/lib/thumb/v7e-m+dp/hard/libc_nano.a(libc_a-exit.o) (__stdio_exit_handler)
/Applications/STM32CubeIDE.app/Contents/Eclipse/plugins/com.st.stm32cube.ide.mcu.externaltools.gnu-tools-for-stm32.12.3.rel1.macos64_1.0.200.202406191456/tools/bin/../lib/gcc/arm-none-eabi/12.3.1/../../../../arm-none-eabi/lib/thumb/v7e-m+dp/hard/libc_nano.a(libc_a-fprintf.o)
                              /Applications/STM32CubeIDE.app/Contents/Eclipse/plugins/com.st.stm32cube.ide.mcu.externaltools.gnu-tools-for-stm32.12.3.rel1.macos64_1.0.200.202406191456/tools/bin/../lib/gcc/arm-none-eabi/12.3.1/../../../../arm-none-eabi/lib/thumb/v7e-m+dp/hard/libc_nano.a(libc_a-assert.o) (fiprintf)
/Applications/STM32CubeIDE.app/Contents/Eclipse/plugins/com.st.stm32cube.ide.mcu.externaltools.gnu-tools-for-stm32.12.3.rel1.macos64_1.0.200.202406191456/tools/bin/../lib/gcc/arm-none-eabi/12.3.1/../../../../arm-none-eabi/lib/thumb/v7e-m+dp/hard/libc_nano.a(libc_a-fwalk.o)
                              /Applications/STM32CubeIDE.app/Contents/Eclipse/plugins/com.st.stm32cube.ide.mcu.externaltools.gnu-tools-for-stm32.12.3.rel1.macos64_1.0.200.202406191456/tools/bin/../lib/gcc/arm-none-eabi/12.3.1/../../../../arm-none-eabi/lib/thumb/v7e-m+dp/hard/libc_nano.a(libc_a-findfp.o) (_fwalk_sglue)
/Applications/STM32CubeIDE.app/Contents/Eclipse/plugins/com.st.stm32cube.ide.mcu.externaltools.gnu-tools-for-stm32.12.3.rel1.macos64_1.0.200.202406191456/tools/bin/../lib/gcc/arm-none-eabi/12.3.1/../../../../arm-none-eabi/lib/thumb/v7e-m+dp/hard/libc_nano.a(libc_a-strncmp.o)
                              ./Middlewares/Third_Party/OpenAMP/rpmsg.o (strncmp)
/Applications/STM32CubeIDE.app/Contents/Eclipse/plugins/com.st.stm32cube.ide.mcu.externaltools.gnu-tools-for-stm32.12.3.rel1.macos64_1.0.200.202406191456/tools/bin/../lib/gcc/arm-none-eabi/12.3.1/../../../../arm-none-eabi/lib/thumb/v7e-m+dp/hard/libc_nano.a(libc_a-strncpy.o)
[...]
Memory Configuration

Name             Origin             Length             Attributes
RAM_D1           0x24000000         0x00080000         xrw
FLASH            0x08000000         0x00100000         xr
DTCMRAM          0x20000000         0x00020000         xrw
RAM_D2           0x30000000         0x00048000         xrw
RAM_D3           0x38000000         0x00010000         xrw
ITCMRAM          0x00000000         0x00010000         xrw
OPENAMP_RSC_TAB  0x38000000         0x00000400         xrw
OPEN_AMP_SHMEM   0x38000400         0x0000fc00         xrw
*default*        0x00000000         0xffffffff

Linker script and memory map

LOAD /Applications/STM32CubeIDE.app/Contents/Eclipse/plugins/com.st.stm32cube.ide.mcu.externaltools.gnu-tools-for-stm32.12.3.rel1.macos64_1.0.200.202406191456/tools/bin/../lib/gcc/arm-none-eabi/12.3.1/thumb/v7e-m+dp/hard/crti.o
LOAD /Applications/STM32CubeIDE.app/Contents/Eclipse/plugins/com.st.stm32cube.ide.mcu.externaltools.gnu-tools-for-stm32.12.3.rel1.macos64_1.0.200.202406191456/tools/bin/../lib/gcc/arm-none-eabi/12.3.1/thumb/v7e-m+dp/hard/crtbegin.o
LOAD /Applications/STM32CubeIDE.app/Contents/Eclipse/plugins/com.st.stm32cube.ide.mcu.externaltools.gnu-tools-for-stm32.12.3.rel1.macos64_1.0.200.202406191456/tools/bin/../lib/gcc/arm-none-eabi/12.3.1/../../../../arm-none-eabi/lib/thumb/v7e-m+dp/hard/crt0.o
LOAD ./Common/Src/system_stm32h7xx_dualcore_boot_cm4_cm7.o
LOAD ./Core/Src/freertos.o
LOAD ./Core/Src/main.o
LOAD ./Core/Src/stm32h7xx_hal_msp.o
LOAD ./Core/Src/stm32h7xx_hal_timebase_tim.o
LOAD ./Core/Src/stm32h7xx_it.o
LOAD ./Core/Src/syscalls.o
LOAD ./Core/Src/sysmem.o
LOAD ./Core/Startup/startup_stm32h745zitx.o
LOAD ./Drivers/STM32H7xx_HAL_Driver/stm32h7xx_hal.o
LOAD ./Drivers/STM32H7xx_HAL_Driver/stm32h7xx_hal_cortex.o
LOAD ./Drivers/STM32H7xx_HAL_Driver/stm32h7xx_hal_dma.o
LOAD ./Drivers/STM32H7xx_HAL_Driver/stm32h7xx_hal_dma_ex.o
LOAD ./Drivers/STM32H7xx_HAL_Driver/stm32h7xx_hal_eth.o
LOAD ./Drivers/STM32H7xx_HAL_Driver/stm32h7xx_hal_eth_ex.o
LOAD ./Drivers/STM32H7xx_HAL_Driver/stm32h7xx_hal_exti.o
LOAD ./Drivers/STM32H7xx_HAL_Driver/stm32h7xx_hal_flash.o
LOAD ./Drivers/STM32H7xx_HAL_Driver/stm32h7xx_hal_flash_ex.o
LOAD ./Drivers/STM32H7xx_HAL_Driver/stm32h7xx_hal_gpio.o
LOAD ./Drivers/STM32H7xx_HAL_Driver/stm32h7xx_hal_hsem.o
LOAD ./Drivers/STM32H7xx_HAL_Driver/stm32h7xx_hal_i2c.o
LOAD ./Drivers/STM32H7xx_HAL_Driver/stm32h7xx_hal_i2c_ex.o
LOAD ./Drivers/STM32H7xx_HAL_Driver/stm32h7xx_hal_mdma.o
LOAD ./Drivers/STM32H7xx_HAL_Driver/stm32h7xx_hal_pcd.o
LOAD ./Drivers/STM32H7xx_HAL_Driver/stm32h7xx_hal_pcd_ex.o
LOAD ./Drivers/STM32H7xx_HAL_Driver/stm32h7xx_hal_pwr.o
LOAD ./Drivers/STM32H7xx_HAL_Driver/stm32h7xx_hal_pwr_ex.o
LOAD ./Drivers/STM32H7xx_HAL_Driver/stm32h7xx_hal_rcc.o
LOAD ./Drivers/STM32H7xx_HAL_Driver/stm32h7xx_hal_rcc_ex.o
LOAD ./Drivers/STM32H7xx_HAL_Driver/stm32h7xx_hal_tim.o
LOAD ./Drivers/STM32H7xx_HAL_Driver/stm32h7xx_hal_tim_ex.o
LOAD ./Drivers/STM32H7xx_HAL_Driver/stm32h7xx_ll_usb.o
LOAD ./Middlewares/Third_Party/FreeRTOS/cmsis_os2.o
LOAD ./Middlewares/Third_Party/FreeRTOS/croutine.o
LOAD ./Middlewares/Third_Party/FreeRTOS/event_groups.o
LOAD ./Middlewares/Third_Party/FreeRTOS/heap_4.o
LOAD ./Middlewares/Third_Party/FreeRTOS/list.o
LOAD ./Middlewares/Third_Party/FreeRTOS/port.o
LOAD ./Middlewares/Third_Party/FreeRTOS/queue.o
LOAD ./Middlewares/Third_Party/FreeRTOS/stream_buffer.o
LOAD ./Middlewares/Third_Party/FreeRTOS/tasks.o
LOAD ./Middlewares/Third_Party/FreeRTOS/timers.o
LOAD ./Middlewares/Third_Party/OpenAMP/condition.o
LOAD ./Middlewares/Third_Party/OpenAMP/device.o
LOAD ./Middlewares/Third_Party/OpenAMP/generic_device.o
LOAD ./Middlewares/Third_Party/OpenAMP/generic_init.o
LOAD ./Middlewares/Third_Party/OpenAMP/generic_io.o
LOAD ./Middlewares/Third_Party/OpenAMP/generic_shmem.o
LOAD ./Middlewares/Third_Party/OpenAMP/init.o
LOAD ./Middlewares/Third_Party/OpenAMP/io.o
LOAD ./Middlewares/Third_Party/OpenAMP/log.o
LOAD ./Middlewares/Third_Party/OpenAMP/remoteproc_virtio.o
LOAD ./Middlewares/Third_Party/OpenAMP/rpmsg.o
LOAD ./Middlewares/Third_Party/OpenAMP/rpmsg_virtio.o
LOAD ./Middlewares/Third_Party/OpenAMP/shmem.o
LOAD ./Middlewares/Third_Party/OpenAMP/sys.o
LOAD ./Middlewares/Third_Party/OpenAMP/time.o
LOAD ./Middlewares/Third_Party/OpenAMP/virtio.o
LOAD ./Middlewares/Third_Party/OpenAMP/virtqueue.o
LOAD ./OPENAMP/mbox_hsem.o
LOAD ./OPENAMP/openamp.o
LOAD ./OPENAMP/rsc_table.o
START GROUP
LOAD /Applications/STM32CubeIDE.app/Contents/Eclipse/plugins/com.st.stm32cube.ide.mcu.externaltools.gnu-tools-for-stm32.12.3.rel1.macos64_1.0.200.202406191456/tools/bin/../lib/gcc/arm-none-eabi/12.3.1/../../../../arm-none-eabi/lib/thumb/v7e-m+dp/hard/libc_nano.a
LOAD /Applications/STM32CubeIDE.app/Contents/Eclipse/plugins/com.st.stm32cube.ide.mcu.externaltools.gnu-tools-for-stm32.12.3.rel1.macos64_1.0.200.202406191456/tools/bin/../lib/gcc/arm-none-eabi/12.3.1/../../../../arm-none-eabi/lib/thumb/v7e-m+dp/hard/libm.a
END GROUP
START GROUP
LOAD /Applications/STM32CubeIDE.app/Contents/Eclipse/plugins/com.st.stm32cube.ide.mcu.externaltools.gnu-tools-for-stm32.12.3.rel1.macos64_1.0.200.202406191456/tools/bin/../lib/gcc/arm-none-eabi/12.3.1/thumb/v7e-m+dp/hard/libgcc.a
LOAD /Applications/STM32CubeIDE.app/Contents/Eclipse/plugins/com.st.stm32cube.ide.mcu.externaltools.gnu-tools-for-stm32.12.3.rel1.macos64_1.0.200.202406191456/tools/bin/../lib/gcc/arm-none-eabi/12.3.1/../../../../arm-none-eabi/lib/thumb/v7e-m+dp/hard/libc_nano.a
END GROUP
START GROUP
LOAD /Applications/STM32CubeIDE.app/Contents/Eclipse/plugins/com.st.stm32cube.ide.mcu.externaltools.gnu-tools-for-stm32.12.3.rel1.macos64_1.0.200.202406191456/tools/bin/../lib/gcc/arm-none-eabi/12.3.1/thumb/v7e-m+dp/hard/libgcc.a
LOAD /Applications/STM32CubeIDE.app/Contents/Eclipse/plugins/com.st.stm32cube.ide.mcu.externaltools.gnu-tools-for-stm32.12.3.rel1.macos64_1.0.200.202406191456/tools/bin/../lib/gcc/arm-none-eabi/12.3.1/../../../../arm-none-eabi/lib/thumb/v7e-m+dp/hard/libc_nano.a
LOAD /Applications/STM32CubeIDE.app/Contents/Eclipse/plugins/com.st.stm32cube.ide.mcu.externaltools.gnu-tools-for-stm32.12.3.rel1.macos64_1.0.200.202406191456/tools/bin/../lib/gcc/arm-none-eabi/12.3.1/../../../../arm-none-eabi/lib/thumb/v7e-m+dp/hard/libnosys.a
END GROUP
START GROUP
LOAD /Applications/STM32CubeIDE.app/Contents/Eclipse/plugins/com.st.stm32cube.ide.mcu.externaltools.gnu-tools-for-stm32.12.3.rel1.macos64_1.0.200.202406191456/tools/bin/../lib/gcc/arm-none-eabi/12.3.1/thumb/v7e-m+dp/hard/libgcc.a
LOAD /Applications/STM32CubeIDE.app/Contents/Eclipse/plugins/com.st.stm32cube.ide.mcu.externaltools.gnu-tools-for-stm32.12.3.rel1.macos64_1.0.200.202406191456/tools/bin/../lib/gcc/arm-none-eabi/12.3.1/../../../../arm-none-eabi/lib/thumb/v7e-m+dp/hard/libc_nano.a
LOAD /Applications/STM32CubeIDE.app/Contents/Eclipse/plugins/com.st.stm32cube.ide.mcu.externaltools.gnu-tools-for-stm32.12.3.rel1.macos64_1.0.200.202406191456/tools/bin/../lib/gcc/arm-none-eabi/12.3.1/../../../../arm-none-eabi/lib/thumb/v7e-m+dp/hard/libnosys.a
END GROUP
LOAD /Applications/STM32CubeIDE.app/Contents/Eclipse/plugins/com.st.stm32cube.ide.mcu.externaltools.gnu-tools-for-stm32.12.3.rel1.macos64_1.0.200.202406191456/tools/bin/../lib/gcc/arm-none-eabi/12.3.1/thumb/v7e-m+dp/hard/crtend.o
LOAD /Applications/STM32CubeIDE.app/Contents/Eclipse/plugins/com.st.stm32cube.ide.mcu.externaltools.gnu-tools-for-stm32.12.3.rel1.macos64_1.0.200.202406191456/tools/bin/../lib/gcc/arm-none-eabi/12.3.1/thumb/v7e-m+dp/hard/crtn.o
                0x24080000                        _estack = (ORIGIN (RAM_D1) + LENGTH (RAM_D1))
                0x00000200                        _Min_Heap_Size = 0x200
                0x00000400                        _Min_Stack_Size = 0x400
                0x38000400                        __OPENAMP_region_start__ = ORIGIN (OPEN_AMP_SHMEM)
                0x38010000                        __OPENAMP_region_end__ = (ORIGIN (OPEN_AMP_SHMEM) + LENGTH (OPEN_AMP_SHMEM))

.isr_vector     0x08000000      0x298
                0x08000000                        . = ALIGN (0x4)
 *(.isr_vector)
 .isr_vector    0x08000000      0x298 ./Core/Startup/startup_stm32h745zitx.o
                0x08000000                g_pfnVectors
                0x08000298                        . = ALIGN (0x4)

.text           0x080002a0     0xbee8
                0x080002a0                        . = ALIGN (0x4)
 *(.text)
 .text          0x080002a0       0x40 /Applications/STM32CubeIDE.app/Contents/Eclipse/plugins/com.st.stm32cube.ide.mcu.externaltools.gnu-tools-for-stm32.12.3.rel1.macos64_1.0.200.202406191456/tools/bin/../lib/gcc/arm-none-eabi/12.3.1/thumb/v7e-m+dp/hard/crtbegin.o
 .text          0x080002e0       0x10 /Applications/STM32CubeIDE.app/Contents/Eclipse/plugins/com.st.stm32cube.ide.mcu.externaltools.gnu-tools-for-stm32.12.3.rel1.macos64_1.0.200.202406191456/tools/bin/../lib/gcc/arm-none-eabi/12.3.1/../../../../arm-none-eabi/lib/thumb/v7e-m+dp/hard/libc_nano.a(libc_a-strlen.o)
                0x080002e0                strlen
 .text          0x080002f0       0x14 /Applications/STM32CubeIDE.app/Contents/Eclipse/plugins/com.st.stm32cube.ide.mcu.externaltools.gnu-tools-for-stm32.12.3.rel1.macos64_1.0.200.202406191456/tools/bin/../lib/gcc/arm-none-eabi/12.3.1/../../../../arm-none-eabi/lib/thumb/v7e-m+dp/hard/libc_nano.a(libc_a-strcmp.o)
                0x080002f0                strcmp
 *fill*         0x08000304        0xc 
 .text          0x08000310       0xa0 /Applications/STM32CubeIDE.app/Contents/Eclipse/plugins/com.st.stm32cube.ide.mcu.externaltools.gnu-tools-for-stm32.12.3.rel1.macos64_1.0.200.202406191456/tools/bin/../lib/gcc/arm-none-eabi/12.3.1/../../../../arm-none-eabi/lib/thumb/v7e-m+dp/hard/libc_nano.a(libc_a-memchr.o)
                0x08000310                memchr
 *(.text*)
 .text.SystemInit
                0x080003b0      0x12c ./Common/Src/system_stm32h7xx_dualcore_boot_cm4_cm7.o
                0x080003b0                SystemInit
 .text.rpmsg_send
                0x080004dc       0x40 ./Core/Src/main.o
 .text.rpmsg_init_ept
                0x0800051c       0x3a ./Core/Src/main.o
 *fill*         0x08000556        0x2 
 .text.main     0x08000558      0x1ac ./Core/Src/main.o
                0x08000558                main
 .text.SystemClock_Config
                0x08000704       0xfc ./Core/Src/main.o
                0x08000704                SystemClock_Config
 .text.MX_ETH_Init
                0x08000800       0x98 ./Core/Src/main.o
 .text.MX_USB_OTG_FS_PCD_Init
                0x08000898       0x64 ./Core/Src/main.o
 .text.MX_GPIO_Init
                0x080008fc       0xe4 ./Core/Src/main.o
 .text.rpmsg_recv_callback
                0x080009e0       0x34 ./Core/Src/main.o
 .text.service_destroy_cb
                0x08000a14       0x20 ./Core/Src/main.o
                0x08000a14                service_destroy_cb
 .text.new_service_cb
                0x08000a34       0x3c ./Core/Src/main.o
                0x08000a34                new_service_cb
 .text.StartRxTask
                0x08000a70       0x6c ./Core/Src/main.o
                0x08000a70                StartRxTask
 .text.StartTxTask
                0x08000adc       0x54 ./Core/Src/main.o
                0x08000adc                StartTxTask
 .text.MPU_Config
                0x08000b30       0x5a ./Core/Src/main.o
 *fill*         0x08000b8a        0x2 
 .text.HAL_TIM_PeriodElapsedCallback
                0x08000b8c       0x24 ./Core/Src/main.o
                0x08000b8c                HAL_TIM_PeriodElapsedCallback
 .text.Error_Handler
                0x08000bb0        0xc ./Core/Src/main.o
                0x08000bb0                Error_Handler
 .text.HAL_MspInit
                0x08000bbc       0x4c ./Core/Src/stm32h7xx_hal_msp.o
                0x08000bbc                HAL_MspInit
 .text.HAL_ETH_MspInit
                0x08000c08      0x19c ./Core/Src/stm32h7xx_hal_msp.o
                0x08000c08                HAL_ETH_MspInit
 .text.HAL_PCD_MspInit
                0x08000da4      0x118 ./Core/Src/stm32h7xx_hal_msp.o
                0x08000da4                HAL_PCD_MspInit
 .text.HAL_InitTick
                0x08000ebc       0xd8 ./Core/Src/stm32h7xx_hal_timebase_tim.o
                0x08000ebc                HAL_InitTick
 .text.NMI_Handler
                0x08000f94        0x8 ./Core/Src/stm32h7xx_it.o
                0x08000f94                NMI_Handler
 .text.HardFault_Handler
                0x08000f9c        0x8 ./Core/Src/stm32h7xx_it.o
                0x08000f9c                HardFault_Handler
 .text.MemManage_Handler
                0x08000fa4        0x8 ./Core/Src/stm32h7xx_it.o
                0x08000fa4                MemManage_Handler
 .text.BusFault_Handler
                0x08000fac        0x8 ./Core/Src/stm32h7xx_it.o
                0x08000fac                BusFault_Handler
 .text.UsageFault_Handler
                0x08000fb4        0x8 ./Core/Src/stm32h7xx_it.o
                0x08000fb4                UsageFault_Handler
 .text.DebugMon_Handler
                0x08000fbc        0xe ./Core/Src/stm32h7xx_it.o
                0x08000fbc                DebugMon_Handler
 *fill*         0x08000fca        0x2 
 .text.TIM6_DAC_IRQHandler
                0x08000fcc       0x14 ./Core/Src/stm32h7xx_it.o
                0x08000fcc                TIM6_DAC_IRQHandler
 .text.HSEM1_IRQHandler
                0x08000fe0        0xc ./Core/Src/stm32h7xx_it.o
                0x08000fe0                HSEM1_IRQHandler
 .text._getpid  0x08000fec       0x10 ./Core/Src/syscalls.o
                0x08000fec                _getpid
 .text._kill    0x08000ffc       0x20 ./Core/Src/syscalls.o
                0x08000ffc                _kill
 .text._exit    0x0800101c       0x16 ./Core/Src/syscalls.o
                0x0800101c                _exit
 .text._read    0x08001032       0x3a ./Core/Src/syscalls.o
                0x08001032                _read
 .text._write   0x0800106c       0x38 ./Core/Src/syscalls.o
                0x0800106c                _write
 .text._close   0x080010a4       0x18 ./Core/Src/syscalls.o
                0x080010a4                _close
 .text._fstat   0x080010bc       0x20 ./Core/Src/syscalls.o
                0x080010bc                _fstat
 .text._isatty  0x080010dc       0x16 ./Core/Src/syscalls.o
                0x080010dc                _isatty
 .text._lseek   0x080010f2       0x1a ./Core/Src/syscalls.o
                0x080010f2                _lseek
 .text._sbrk    0x0800110c       0x6c ./Core/Src/sysmem.o
                0x0800110c                _sbrk
 .text.Reset_Handler
                0x08001178       0x50 ./Core/Startup/startup_stm32h745zitx.o
                0x08001178                Reset_Handler
 .text.Default_Handler
                0x080011c8        0x2 ./Core/Startup/startup_stm32h745zitx.o
                0x080011c8                DMA1_Stream3_IRQHandler
                0x080011c8                EXTI2_IRQHandler
                0x080011c8                TIM8_CC_IRQHandler
                0x080011c8                HRTIM1_Master_IRQHandler
                0x080011c8                UART8_IRQHandler
                0x080011c8                SPI4_IRQHandler
                0x080011c8                TIM1_CC_IRQHandler
                0x080011c8                BDMA_Channel6_IRQHandler
                0x080011c8                DMA2_Stream5_IRQHandler
                0x080011c8                HRTIM1_FLT_IRQHandler
                0x080011c8                JPEG_IRQHandler
                0x080011c8                DMA1_Stream5_IRQHandler
                0x080011c8                BDMA_Channel1_IRQHandler
                0x080011c8                HRTIM1_TIMD_IRQHandler
                0x080011c8                TAMP_STAMP_IRQHandler
                0x080011c8                EXTI3_IRQHandler
                0x080011c8                LPTIM4_IRQHandler
                0x080011c8                TIM8_TRG_COM_TIM14_IRQHandler
                0x080011c8                LPTIM2_IRQHandler
                0x080011c8                DFSDM1_FLT1_IRQHandler
                0x080011c8                DMAMUX2_OVR_IRQHandler
                0x080011c8                TIM8_UP_TIM13_IRQHandler
                0x080011c8                I2C3_ER_IRQHandler
                0x080011c8                DFSDM1_FLT2_IRQHandler
                0x080011c8                MDMA_IRQHandler
                0x080011c8                LPTIM3_IRQHandler
                0x080011c8                EXTI0_IRQHandler
                0x080011c8                I2C2_EV_IRQHandler
                0x080011c8                DMA1_Stream2_IRQHandler
                0x080011c8                FPU_IRQHandler
                0x080011c8                OTG_HS_WKUP_IRQHandler
                0x080011c8                FDCAN1_IT1_IRQHandler
                0x080011c8                LTDC_ER_IRQHandler
                0x080011c8                DMA2_Stream2_IRQHandler
                0x080011c8                HRTIM1_TIME_IRQHandler
                0x080011c8                SPI1_IRQHandler
                0x080011c8                DCMI_IRQHandler
                0x080011c8                HRTIM1_TIMC_IRQHandler
                0x080011c8                DMA2_Stream3_IRQHandler
                0x080011c8                SAI2_IRQHandler
                0x080011c8                DFSDM1_FLT3_IRQHandler
                0x080011c8                USART6_IRQHandler
                0x080011c8                TIM17_IRQHandler
                0x080011c8                USART3_IRQHandler
                0x080011c8                BDMA_Channel7_IRQHandler
                0x080011c8                LPTIM5_IRQHandler
                0x080011c8                UART5_IRQHandler
                0x080011c8                ADC3_IRQHandler
                0x080011c8                DMA2_Stream0_IRQHandler
                0x080011c8                TIM4_IRQHandler
                0x080011c8                BDMA_Channel2_IRQHandler
                0x080011c8                QUADSPI_IRQHandler
                0x080011c8                I2C1_EV_IRQHandler
                0x080011c8                DMA1_Stream6_IRQHandler
                0x080011c8                DMAMUX1_OVR_IRQHandler
                0x080011c8                DMA1_Stream1_IRQHandler
                0x080011c8                TIM16_IRQHandler
                0x080011c8                UART4_IRQHandler
                0x080011c8                BDMA_Channel5_IRQHandler
                0x080011c8                TIM3_IRQHandler
                0x080011c8                RCC_IRQHandler
                0x080011c8                TIM8_BRK_TIM12_IRQHandler
                0x080011c8                TIM1_TRG_COM_IRQHandler
                0x080011c8                Default_Handler
                0x080011c8                ECC_IRQHandler
                0x080011c8                CEC_IRQHandler
                0x080011c8                EXTI15_10_IRQHandler
                0x080011c8                BDMA_Channel0_IRQHandler
                0x080011c8                ADC_IRQHandler
                0x080011c8                DMA1_Stream7_IRQHandler
                0x080011c8                HRTIM1_TIMA_IRQHandler
                0x080011c8                SPI5_IRQHandler
                0x080011c8                TIM7_IRQHandler
                0x080011c8                SDMMC1_IRQHandler
                0x080011c8                TIM5_IRQHandler
                0x080011c8                DMA2_Stream7_IRQHandler
                0x080011c8                TIM15_IRQHandler
                0x080011c8                PVD_AVD_IRQHandler
                0x080011c8                I2C3_EV_IRQHandler
                0x080011c8                EXTI9_5_IRQHandler
                0x080011c8                RTC_WKUP_IRQHandler
                0x080011c8                LTDC_IRQHandler
                0x080011c8                SAI3_IRQHandler
                0x080011c8                ETH_WKUP_IRQHandler
                0x080011c8                SPDIF_RX_IRQHandler
                0x080011c8                SPI2_IRQHandler
                0x080011c8                OTG_HS_EP1_IN_IRQHandler
                0x080011c8                DMA1_Stream0_IRQHandler
                0x080011c8                CRS_IRQHandler
                0x080011c8                CM7_SEV_IRQHandler
                0x080011c8                EXTI4_IRQHandler
                0x080011c8                RNG_IRQHandler
                0x080011c8                CM4_SEV_IRQHandler
                0x080011c8                HRTIM1_TIMB_IRQHandler
                0x080011c8                FDCAN2_IT1_IRQHandler
                0x080011c8                ETH_IRQHandler
                0x080011c8                TIM1_UP_IRQHandler
                0x080011c8                WWDG_RST_IRQHandler
                0x080011c8                BDMA_Channel4_IRQHandler
                0x080011c8                OTG_HS_EP1_OUT_IRQHandler
                0x080011c8                WWDG_IRQHandler
                0x080011c8                SPI6_IRQHandler
                0x080011c8                MDIOS_IRQHandler
                0x080011c8                I2C4_EV_IRQHandler
                0x080011c8                FDCAN2_IT0_IRQHandler
                0x080011c8                LPUART1_IRQHandler
                0x080011c8                FDCAN1_IT0_IRQHandler
                0x080011c8                TIM2_IRQHandler
                0x080011c8                OTG_FS_WKUP_IRQHandler
                0x080011c8                OTG_HS_IRQHandler
                0x080011c8                HSEM2_IRQHandler
                0x080011c8                DMA2D_IRQHandler
                0x080011c8                TIM1_BRK_IRQHandler
                0x080011c8                EXTI1_IRQHandler
                0x080011c8                SDMMC2_IRQHandler
                0x080011c8                OTG_FS_EP1_OUT_IRQHandler
                0x080011c8                BDMA_Channel3_IRQHandler
                0x080011c8                HOLD_CORE_IRQHandler
                0x080011c8                UART7_IRQHandler
                0x080011c8                MDIOS_WKUP_IRQHandler
                0x080011c8                USART2_IRQHandler
                0x080011c8                DFSDM1_FLT0_IRQHandler
                0x080011c8                SAI4_IRQHandler
                0x080011c8                I2C2_ER_IRQHandler
                0x080011c8                DMA2_Stream1_IRQHandler
                0x080011c8                FLASH_IRQHandler
                0x080011c8                DMA2_Stream4_IRQHandler
                0x080011c8                USART1_IRQHandler
                0x080011c8                OTG_FS_IRQHandler
                0x080011c8                SPI3_IRQHandler
                0x080011c8                WAKEUP_PIN_IRQHandler
                0x080011c8                DMA1_Stream4_IRQHandler
                0x080011c8                OTG_FS_EP1_IN_IRQHandler
                0x080011c8                I2C1_ER_IRQHandler
                0x080011c8                FMC_IRQHandler
                0x080011c8                FDCAN_CAL_IRQHandler
                0x080011c8                SWPMI1_IRQHandler
                0x080011c8                COMP1_IRQHandler
                0x080011c8                LPTIM1_IRQHandler
                0x080011c8                I2C4_ER_IRQHandler
                0x080011c8                DMA2_Stream6_IRQHandler
                0x080011c8                SAI1_IRQHandler
                0x080011c8                RTC_Alarm_IRQHandler
 *fill*         0x080011ca        0x2 
 .text.HAL_Init
                0x080011cc       0x78 ./Drivers/STM32H7xx_HAL_Driver/stm32h7xx_hal.o
                0x080011cc                HAL_Init
 .text.HAL_IncTick
                0x08001244       0x28 ./Drivers/STM32H7xx_HAL_Driver/stm32h7xx_hal.o
                0x08001244                HAL_IncTick
 .text.HAL_GetTick
                0x0800126c       0x18 ./Drivers/STM32H7xx_HAL_Driver/stm32h7xx_hal.o
                0x0800126c                HAL_GetTick
 .text.HAL_Delay
                0x08001284       0x48 ./Drivers/STM32H7xx_HAL_Driver/stm32h7xx_hal.o
                0x08001284                HAL_Delay
 .text.HAL_GetREVID
                0x080012cc       0x18 ./Drivers/STM32H7xx_HAL_Driver/stm32h7xx_hal.o
                0x080012cc                HAL_GetREVID
 .text.HAL_SYSCFG_ETHInterfaceSelect
                0x080012e4       0x28 ./Drivers/STM32H7xx_HAL_Driver/stm32h7xx_hal.o
                0x080012e4                HAL_SYSCFG_ETHInterfaceSelect
 .text.__NVIC_SetPriorityGrouping
                0x0800130c       0x48 ./Drivers/STM32H7xx_HAL_Driver/stm32h7xx_hal_cortex.o
 .text.__NVIC_GetPriorityGrouping
                0x08001354       0x1c ./Drivers/STM32H7xx_HAL_Driver/stm32h7xx_hal_cortex.o
 .text.__NVIC_EnableIRQ
                0x08001370       0x3c ./Drivers/STM32H7xx_HAL_Driver/stm32h7xx_hal_cortex.o
 .text.__NVIC_SetPriority
                0x080013ac       0x54 ./Drivers/STM32H7xx_HAL_Driver/stm32h7xx_hal_cortex.o
 .text.NVIC_EncodePriority
                0x08001400       0x66 ./Drivers/STM32H7xx_HAL_Driver/stm32h7xx_hal_cortex.o
 .text.HAL_NVIC_SetPriorityGrouping
                0x08001466       0x16 ./Drivers/STM32H7xx_HAL_Driver/stm32h7xx_hal_cortex.o
                0x08001466                HAL_NVIC_SetPriorityGrouping
 .text.HAL_NVIC_SetPriority
                0x0800147c       0x34 ./Drivers/STM32H7xx_HAL_Driver/stm32h7xx_hal_cortex.o
                0x0800147c                HAL_NVIC_SetPriority
 .text.HAL_NVIC_EnableIRQ
                0x080014b0       0x1c ./Drivers/STM32H7xx_HAL_Driver/stm32h7xx_hal_cortex.o
                0x080014b0                HAL_NVIC_EnableIRQ
 .text.HAL_MPU_Disable
                0x080014cc       0x30 ./Drivers/STM32H7xx_HAL_Driver/stm32h7xx_hal_cortex.o
                0x080014cc                HAL_MPU_Disable
 .text.HAL_MPU_Enable
                0x080014fc       0x40 ./Drivers/STM32H7xx_HAL_Driver/stm32h7xx_hal_cortex.o
                0x080014fc                HAL_MPU_Enable
 .text.HAL_MPU_ConfigRegion
                0x0800153c       0x80 ./Drivers/STM32H7xx_HAL_Driver/stm32h7xx_hal_cortex.o
                0x0800153c                HAL_MPU_ConfigRegion
 .text.HAL_ETH_Init
                0x080015bc      0x1fc ./Drivers/STM32H7xx_HAL_Driver/stm32h7xx_hal_eth.o
                0x080015bc                HAL_ETH_Init
 .text.HAL_ETH_SetMDIOClockRange
                0x080017b8       0xa0 ./Drivers/STM32H7xx_HAL_Driver/stm32h7xx_hal_eth.o
                0x080017b8                HAL_ETH_SetMDIOClockRange
 .text.ETH_SetMACConfig
                0x08001858      0x238 ./Drivers/STM32H7xx_HAL_Driver/stm32h7xx_hal_eth.o
 .text.ETH_SetDMAConfig
                0x08001a90      0x10c ./Drivers/STM32H7xx_HAL_Driver/stm32h7xx_hal_eth.o
 .text.ETH_MACDMAConfig
                0x08001b9c      0x13a ./Drivers/STM32H7xx_HAL_Driver/stm32h7xx_hal_eth.o
 .text.ETH_DMATxDescListInit
                0x08001cd6       0x92 ./Drivers/STM32H7xx_HAL_Driver/stm32h7xx_hal_eth.o
 .text.ETH_DMARxDescListInit
                0x08001d68       0xba ./Drivers/STM32H7xx_HAL_Driver/stm32h7xx_hal_eth.o
 *fill*         0x08001e22        0x2 
 .text.HAL_GPIO_Init
                0x08001e24      0x360 ./Drivers/STM32H7xx_HAL_Driver/stm32h7xx_hal_gpio.o
                0x08001e24                HAL_GPIO_Init
 .text.HAL_GPIO_WritePin
                0x08002184       0x32 ./Drivers/STM32H7xx_HAL_Driver/stm32h7xx_hal_gpio.o
                0x08002184                HAL_GPIO_WritePin
 .text.HAL_GPIO_TogglePin
                0x080021b6       0x34 ./Drivers/STM32H7xx_HAL_Driver/stm32h7xx_hal_gpio.o
                0x080021b6                HAL_GPIO_TogglePin
 *fill*         0x080021ea        0x2 
 .text.HAL_HSEM_FastTake
                0x080021ec       0x34 ./Drivers/STM32H7xx_HAL_Driver/stm32h7xx_hal_hsem.o
                0x080021ec                HAL_HSEM_FastTake
 .text.HAL_HSEM_Release
                0x08002220       0x28 ./Drivers/STM32H7xx_HAL_Driver/stm32h7xx_hal_hsem.o
                0x08002220                HAL_HSEM_Release
 .text.HAL_HSEM_ActivateNotification
                0x08002248       0x24 ./Drivers/STM32H7xx_HAL_Driver/stm32h7xx_hal_hsem.o
                0x08002248                HAL_HSEM_ActivateNotification
 .text.HAL_HSEM_IRQHandler
                0x0800226c       0x34 ./Drivers/STM32H7xx_HAL_Driver/stm32h7xx_hal_hsem.o
                0x0800226c                HAL_HSEM_IRQHandler
 .text.HAL_PCD_Init
                0x080022a0      0x218 ./Drivers/STM32H7xx_HAL_Driver/stm32h7xx_hal_pcd.o
                0x080022a0                HAL_PCD_Init
 .text.HAL_PCDEx_ActivateLPM
                0x080024b8       0x48 ./Drivers/STM32H7xx_HAL_Driver/stm32h7xx_hal_pcd_ex.o
                0x080024b8                HAL_PCDEx_ActivateLPM
 .text.HAL_PWREx_ConfigSupply
                0x08002500       0xb4 ./Drivers/STM32H7xx_HAL_Driver/stm32h7xx_hal_pwr_ex.o
                0x08002500                HAL_PWREx_ConfigSupply
 .text.HAL_PWREx_EnableUSBVoltageDetector
                0x080025b4       0x20 ./Drivers/STM32H7xx_HAL_Driver/stm32h7xx_hal_pwr_ex.o
                0x080025b4                HAL_PWREx_EnableUSBVoltageDetector
 .text.HAL_RCC_OscConfig
                0x080025d4      0x8b4 ./Drivers/STM32H7xx_HAL_Driver/stm32h7xx_hal_rcc.o
                0x080025d4                HAL_RCC_OscConfig
 .text.HAL_RCC_ClockConfig
                0x08002e88      0x36c ./Drivers/STM32H7xx_HAL_Driver/stm32h7xx_hal_rcc.o
                0x08002e88                HAL_RCC_ClockConfig
 .text.HAL_RCC_GetSysClockFreq
                0x080031f4      0x2f4 ./Drivers/STM32H7xx_HAL_Driver/stm32h7xx_hal_rcc.o
                0x080031f4                HAL_RCC_GetSysClockFreq
 .text.HAL_RCC_GetHCLKFreq
                0x080034e8       0x60 ./Drivers/STM32H7xx_HAL_Driver/stm32h7xx_hal_rcc.o
                0x080034e8                HAL_RCC_GetHCLKFreq
 .text.HAL_RCC_GetPCLK1Freq
                0x08003548       0x2c ./Drivers/STM32H7xx_HAL_Driver/stm32h7xx_hal_rcc.o
                0x08003548                HAL_RCC_GetPCLK1Freq
 .text.HAL_RCC_GetClockConfig
                0x08003574       0x84 ./Drivers/STM32H7xx_HAL_Driver/stm32h7xx_hal_rcc.o
                0x08003574                HAL_RCC_GetClockConfig
 .text.HAL_RCCEx_PeriphCLKConfig
                0x080035f8     0x1414 ./Drivers/STM32H7xx_HAL_Driver/stm32h7xx_hal_rcc_ex.o
                0x080035f8                HAL_RCCEx_PeriphCLKConfig
 .text.RCCEx_PLL2_Config
                0x08004a0c      0x164 ./Drivers/STM32H7xx_HAL_Driver/stm32h7xx_hal_rcc_ex.o
 .text.RCCEx_PLL3_Config
                0x08004b70      0x164 ./Drivers/STM32H7xx_HAL_Driver/stm32h7xx_hal_rcc_ex.o
 .text.HAL_TIM_Base_Init
                0x08004cd4       0xae ./Drivers/STM32H7xx_HAL_Driver/stm32h7xx_hal_tim.o
                0x08004cd4                HAL_TIM_Base_Init
 .text.HAL_TIM_Base_MspInit
                0x08004d82       0x14 ./Drivers/STM32H7xx_HAL_Driver/stm32h7xx_hal_tim.o
                0x08004d82                HAL_TIM_Base_MspInit
 *fill*         0x08004d96        0x2 
 .text.HAL_TIM_Base_Start_IT
                0x08004d98       0xf0 ./Drivers/STM32H7xx_HAL_Driver/stm32h7xx_hal_tim.o
                0x08004d98                HAL_TIM_Base_Start_IT
 .text.HAL_TIM_IRQHandler
                0x08004e88      0x20e ./Drivers/STM32H7xx_HAL_Driver/stm32h7xx_hal_tim.o
                0x08004e88                HAL_TIM_IRQHandler
 .text.HAL_TIM_OC_DelayElapsedCallback
                0x08005096       0x14 ./Drivers/STM32H7xx_HAL_Driver/stm32h7xx_hal_tim.o
                0x08005096                HAL_TIM_OC_DelayElapsedCallback
 .text.HAL_TIM_IC_CaptureCallback
                0x080050aa       0x14 ./Drivers/STM32H7xx_HAL_Driver/stm32h7xx_hal_tim.o
                0x080050aa                HAL_TIM_IC_CaptureCallback
 .text.HAL_TIM_PWM_PulseFinishedCallback
                0x080050be       0x14 ./Drivers/STM32H7xx_HAL_Driver/stm32h7xx_hal_tim.o
                0x080050be                HAL_TIM_PWM_PulseFinishedCallback
 .text.HAL_TIM_TriggerCallback
                0x080050d2       0x14 ./Drivers/STM32H7xx_HAL_Driver/stm32h7xx_hal_tim.o
                0x080050d2                HAL_TIM_TriggerCallback
 *fill*         0x080050e6        0x2 
 .text.TIM_Base_SetConfig
                0x080050e8      0x14c ./Drivers/STM32H7xx_HAL_Driver/stm32h7xx_hal_tim.o
                0x080050e8                TIM_Base_SetConfig
 .text.HAL_TIMEx_CommutCallback
                0x08005234       0x14 ./Drivers/STM32H7xx_HAL_Driver/stm32h7xx_hal_tim_ex.o
                0x08005234                HAL_TIMEx_CommutCallback
 .text.HAL_TIMEx_BreakCallback
                0x08005248       0x14 ./Drivers/STM32H7xx_HAL_Driver/stm32h7xx_hal_tim_ex.o
                0x08005248                HAL_TIMEx_BreakCallback
 .text.HAL_TIMEx_Break2Callback
                0x0800525c       0x14 ./Drivers/STM32H7xx_HAL_Driver/stm32h7xx_hal_tim_ex.o
                0x0800525c                HAL_TIMEx_Break2Callback
 .text.USB_CoreInit
                0x08005270       0xe4 ./Drivers/STM32H7xx_HAL_Driver/stm32h7xx_ll_usb.o
                0x08005270                USB_CoreInit
 .text.USB_DisableGlobalInt
                0x08005354       0x22 ./Drivers/STM32H7xx_HAL_Driver/stm32h7xx_ll_usb.o
                0x08005354                USB_DisableGlobalInt
 .text.USB_SetCurrentMode
                0x08005376       0x98 ./Drivers/STM32H7xx_HAL_Driver/stm32h7xx_ll_usb.o
                0x08005376                USB_SetCurrentMode
 *fill*         0x0800540e        0x2 
 .text.USB_DevInit
                0x08005410      0x2bc ./Drivers/STM32H7xx_HAL_Driver/stm32h7xx_ll_usb.o
                0x08005410                USB_DevInit
 .text.USB_FlushTxFifo
                0x080056cc       0x64 ./Drivers/STM32H7xx_HAL_Driver/stm32h7xx_ll_usb.o
                0x080056cc                USB_FlushTxFifo
 .text.USB_FlushRxFifo
                0x08005730       0x5c ./Drivers/STM32H7xx_HAL_Driver/stm32h7xx_ll_usb.o
                0x08005730                USB_FlushRxFifo
 .text.USB_SetDevSpeed
                0x0800578c       0x32 ./Drivers/STM32H7xx_HAL_Driver/stm32h7xx_ll_usb.o
                0x0800578c                USB_SetDevSpeed
 .text.USB_DevDisconnect
                0x080057be       0x42 ./Drivers/STM32H7xx_HAL_Driver/stm32h7xx_ll_usb.o
                0x080057be                USB_DevDisconnect
 .text.USB_GetMode
                0x08005800       0x1c ./Drivers/STM32H7xx_HAL_Driver/stm32h7xx_ll_usb.o
                0x08005800                USB_GetMode
 .text.USB_CoreReset
                0x0800581c       0x62 ./Drivers/STM32H7xx_HAL_Driver/stm32h7xx_ll_usb.o
 *fill*         0x0800587e        0x2 
 .text.__NVIC_SetPriority
                0x08005880       0x54 ./Middlewares/Third_Party/FreeRTOS/cmsis_os2.o
 .text.SysTick_Handler
                0x080058d4       0x20 ./Middlewares/Third_Party/FreeRTOS/cmsis_os2.o
                0x080058d4                SysTick_Handler
 .text.SVC_Setup
                0x080058f4       0x12 ./Middlewares/Third_Party/FreeRTOS/cmsis_os2.o
 *fill*         0x08005906        0x2 
 .text.osKernelInitialize
                0x08005908       0x48 ./Middlewares/Third_Party/FreeRTOS/cmsis_os2.o
                0x08005908                osKernelInitialize
 .text.osKernelStart
                0x08005950       0x4c ./Middlewares/Third_Party/FreeRTOS/cmsis_os2.o
                0x08005950                osKernelStart
 .text.osThreadNew
                0x0800599c      0x124 ./Middlewares/Third_Party/FreeRTOS/cmsis_os2.o
                0x0800599c                osThreadNew
 .text.osDelay  0x08005ac0       0x36 ./Middlewares/Third_Party/FreeRTOS/cmsis_os2.o
                0x08005ac0                osDelay
 *fill*         0x08005af6        0x2 
 .text.vApplicationGetIdleTaskMemory
                0x08005af8       0x34 ./Middlewares/Third_Party/FreeRTOS/cmsis_os2.o
                0x08005af8                vApplicationGetIdleTaskMemory
 .text.vApplicationGetTimerTaskMemory
                0x08005b2c       0x34 ./Middlewares/Third_Party/FreeRTOS/cmsis_os2.o
                0x08005b2c                vApplicationGetTimerTaskMemory
 .text.pvPortMalloc
                0x08005b60      0x19c ./Middlewares/Third_Party/FreeRTOS/heap_4.o
                0x08005b60                pvPortMalloc
 .text.vPortFree
                0x08005cfc       0xc8 ./Middlewares/Third_Party/FreeRTOS/heap_4.o
                0x08005cfc                vPortFree
 .text.prvHeapInit
                0x08005dc4       0xc4 ./Middlewares/Third_Party/FreeRTOS/heap_4.o
 .text.prvInsertBlockIntoFreeList
                0x08005e88       0xb4 ./Middlewares/Third_Party/FreeRTOS/heap_4.o
 .text.vListInitialise
                0x08005f3c       0x40 ./Middlewares/Third_Party/FreeRTOS/list.o
                0x08005f3c                vListInitialise
 .text.vListInitialiseItem
                0x08005f7c       0x1a ./Middlewares/Third_Party/FreeRTOS/list.o
                0x08005f7c                vListInitialiseItem
 .text.vListInsertEnd
                0x08005f96       0x48 ./Middlewares/Third_Party/FreeRTOS/list.o
                0x08005f96                vListInsertEnd
 .text.vListInsert
                0x08005fde       0x72 ./Middlewares/Third_Party/FreeRTOS/list.o
                0x08005fde                vListInsert
 .text.uxListRemove
                0x08006050       0x54 ./Middlewares/Third_Party/FreeRTOS/list.o
                0x08006050                uxListRemove
 .text.pxPortInitialiseStack
                0x080060a4       0x68 ./Middlewares/Third_Party/FreeRTOS/port.o
                0x080060a4                pxPortInitialiseStack
 .text.prvTaskExitError
                0x0800610c       0x5c ./Middlewares/Third_Party/FreeRTOS/port.o
 *fill*         0x08006168        0x8 
 .text.SVC_Handler
                0x08006170       0x28 ./Middlewares/Third_Party/FreeRTOS/port.o
                0x08006170                SVC_Handler
 .text.prvPortStartFirstTask
                0x08006198       0x28 ./Middlewares/Third_Party/FreeRTOS/port.o
 .text.xPortStartScheduler
                0x080061c0      0x148 ./Middlewares/Third_Party/FreeRTOS/port.o
                0x080061c0                xPortStartScheduler
 .text.vPortEnterCritical
                0x08006308       0x64 ./Middlewares/Third_Party/FreeRTOS/port.o
                0x08006308                vPortEnterCritical
 .text.vPortExitCritical
                0x0800636c       0x54 ./Middlewares/Third_Party/FreeRTOS/port.o
                0x0800636c                vPortExitCritical
 .text.PendSV_Handler
                0x080063c0       0x68 ./Middlewares/Third_Party/FreeRTOS/port.o
                0x080063c0                PendSV_Handler
 .text.xPortSysTickHandler
                0x08006428       0x44 ./Middlewares/Third_Party/FreeRTOS/port.o
                0x08006428                xPortSysTickHandler
 .text.vPortSetupTimerInterrupt
                0x0800646c       0x48 ./Middlewares/Third_Party/FreeRTOS/port.o
                0x0800646c                vPortSetupTimerInterrupt
 .text.vPortEnableVFP
                0x080064b4       0x14 ./Middlewares/Third_Party/FreeRTOS/port.o
 .text.vPortValidateInterruptPriority
                0x080064c8       0x84 ./Middlewares/Third_Party/FreeRTOS/port.o
                0x080064c8                vPortValidateInterruptPriority
 .text.xQueueGenericReset
                0x0800654c       0xd4 ./Middlewares/Third_Party/FreeRTOS/queue.o
                0x0800654c                xQueueGenericReset
 .text.xQueueGenericCreateStatic
                0x08006620       0xfa ./Middlewares/Third_Party/FreeRTOS/queue.o
                0x08006620                xQueueGenericCreateStatic
 .text.prvInitialiseNewQueue
                0x0800671a       0x46 ./Middlewares/Third_Party/FreeRTOS/queue.o
 .text.xQueueGenericSend
                0x08006760      0x204 ./Middlewares/Third_Party/FreeRTOS/queue.o
                0x08006760                xQueueGenericSend
 .text.xQueueGenericSendFromISR
                0x08006964      0x13c ./Middlewares/Third_Party/FreeRTOS/queue.o
                0x08006964                xQueueGenericSendFromISR
 .text.xQueueReceive
                0x08006aa0      0x1c4 ./Middlewares/Third_Party/FreeRTOS/queue.o
                0x08006aa0                xQueueReceive
 .text.prvCopyDataToQueue
                0x08006c64       0xd4 ./Middlewares/Third_Party/FreeRTOS/queue.o
 .text.prvCopyDataFromQueue
                0x08006d38       0x4c ./Middlewares/Third_Party/FreeRTOS/queue.o
 .text.prvUnlockQueue
                0x08006d84       0xa4 ./Middlewares/Third_Party/FreeRTOS/queue.o
 .text.prvIsQueueEmpty
                0x08006e28       0x2c ./Middlewares/Third_Party/FreeRTOS/queue.o
 .text.prvIsQueueFull
                0x08006e54       0x30 ./Middlewares/Third_Party/FreeRTOS/queue.o
 .text.vQueueAddToRegistry
                0x08006e84       0x54 ./Middlewares/Third_Party/FreeRTOS/queue.o
                0x08006e84                vQueueAddToRegistry
 .text.vQueueWaitForMessageRestricted
                0x08006ed8       0x68 ./Middlewares/Third_Party/FreeRTOS/queue.o
                0x08006ed8                vQueueWaitForMessageRestricted
 .text.xTaskCreateStatic
                0x08006f40       0xc0 ./Middlewares/Third_Party/FreeRTOS/tasks.o
                0x08006f40                xTaskCreateStatic
 .text.xTaskCreate
                0x08007000       0x8a ./Middlewares/Third_Party/FreeRTOS/tasks.o
                0x08007000                xTaskCreate
 .text.prvInitialiseNewTask
                0x0800708a      0x120 ./Middlewares/Third_Party/FreeRTOS/tasks.o
 *fill*         0x080071aa        0x2 
 .text.prvAddNewTaskToReadyList
                0x080071ac       0xe0 ./Middlewares/Third_Party/FreeRTOS/tasks.o
 .text.vTaskDelay
                0x0800728c       0x6c ./Middlewares/Third_Party/FreeRTOS/tasks.o
                0x0800728c                vTaskDelay
 .text.vTaskStartScheduler
                0x080072f8       0xd0 ./Middlewares/Third_Party/FreeRTOS/tasks.o
                0x080072f8                vTaskStartScheduler
 .text.vTaskSuspendAll
                0x080073c8       0x1c ./Middlewares/Third_Party/FreeRTOS/tasks.o
                0x080073c8                vTaskSuspendAll
 .text.xTaskResumeAll
                0x080073e4      0x13c ./Middlewares/Third_Party/FreeRTOS/tasks.o
                0x080073e4                xTaskResumeAll
 .text.xTaskGetTickCount
                0x08007520       0x20 ./Middlewares/Third_Party/FreeRTOS/tasks.o
                0x08007520                xTaskGetTickCount
 .text.xTaskIncrementTick
                0x08007540      0x174 ./Middlewares/Third_Party/FreeRTOS/tasks.o
                0x08007540                xTaskIncrementTick
 .text.vTaskSwitchContext
                0x080076b4       0xbc ./Middlewares/Third_Party/FreeRTOS/tasks.o
                0x080076b4                vTaskSwitchContext
 .text.vTaskPlaceOnEventList
                0x08007770       0x4c ./Middlewares/Third_Party/FreeRTOS/tasks.o
                0x08007770                vTaskPlaceOnEventList
 .text.vTaskPlaceOnEventListRestricted
                0x080077bc       0x58 ./Middlewares/Third_Party/FreeRTOS/tasks.o
                0x080077bc                vTaskPlaceOnEventListRestricted
 .text.xTaskRemoveFromEventList
                0x08007814       0xc8 ./Middlewares/Third_Party/FreeRTOS/tasks.o
                0x08007814                xTaskRemoveFromEventList
 .text.vTaskInternalSetTimeOutState
                0x080078dc       0x2c ./Middlewares/Third_Party/FreeRTOS/tasks.o
                0x080078dc                vTaskInternalSetTimeOutState
 .text.xTaskCheckForTimeOut
                0x08007908       0xc8 ./Middlewares/Third_Party/FreeRTOS/tasks.o
                0x08007908                xTaskCheckForTimeOut
 .text.vTaskMissedYield
                0x080079d0       0x18 ./Middlewares/Third_Party/FreeRTOS/tasks.o
                0x080079d0                vTaskMissedYield
 .text.prvIdleTask
                0x080079e8       0x30 ./Middlewares/Third_Party/FreeRTOS/tasks.o
 .text.prvInitialiseTaskLists
                0x08007a18       0x80 ./Middlewares/Third_Party/FreeRTOS/tasks.o
 .text.prvCheckTasksWaitingTermination
                0x08007a98       0x5c ./Middlewares/Third_Party/FreeRTOS/tasks.o
 .text.prvDeleteTCB
                0x08007af4       0x60 ./Middlewares/Third_Party/FreeRTOS/tasks.o
 .text.prvResetNextTaskUnblockTime
                0x08007b54       0x40 ./Middlewares/Third_Party/FreeRTOS/tasks.o
 .text.xTaskGetSchedulerState
                0x08007b94       0x3c ./Middlewares/Third_Party/FreeRTOS/tasks.o
                0x08007b94                xTaskGetSchedulerState
 .text.xTaskPriorityDisinherit
                0x08007bd0       0xe0 ./Middlewares/Third_Party/FreeRTOS/tasks.o
                0x08007bd0                xTaskPriorityDisinherit
 .text.prvAddCurrentTaskToDelayedList
                0x08007cb0       0xa8 ./Middlewares/Third_Party/FreeRTOS/tasks.o
 .text.xTimerCreateTimerTask
                0x08007d58       0x94 ./Middlewares/Third_Party/FreeRTOS/timers.o
                0x08007d58                xTimerCreateTimerTask
 .text.xTimerGenericCommand
                0x08007dec       0x9c ./Middlewares/Third_Party/FreeRTOS/timers.o
                0x08007dec                xTimerGenericCommand
 .text.prvProcessExpiredTimer
                0x08007e88       0x9c ./Middlewares/Third_Party/FreeRTOS/timers.o
 .text.prvTimerTask
                0x08007f24       0x26 ./Middlewares/Third_Party/FreeRTOS/timers.o
 *fill*         0x08007f4a        0x2 
 .text.prvProcessTimerOrBlockTask
                0x08007f4c       0x9c ./Middlewares/Third_Party/FreeRTOS/timers.o
 .text.prvGetNextExpireTime
                0x08007fe8       0x48 ./Middlewares/Third_Party/FreeRTOS/timers.o
 .text.prvSampleTimeNow
                0x08008030       0x40 ./Middlewares/Third_Party/FreeRTOS/timers.o
 .text.prvInsertTimerInActiveList
                0x08008070       0x84 ./Middlewares/Third_Party/FreeRTOS/timers.o
 .text.prvProcessReceivedCommands
                0x080080f4      0x1cc ./Middlewares/Third_Party/FreeRTOS/timers.o
 .text.prvSwitchTimerLists
                0x080082c0       0xcc ./Middlewares/Third_Party/FreeRTOS/timers.o
 .text.prvCheckForValidListAndQueue
                0x0800838c       0x80 ./Middlewares/Third_Party/FreeRTOS/timers.o
 .text.metal_list_init
                0x0800840c       0x22 ./Middlewares/Third_Party/OpenAMP/device.o
 .text.metal_list_add_before
                0x0800842e       0x34 ./Middlewares/Third_Party/OpenAMP/device.o
 .text.metal_list_add_tail
                0x08008462       0x1a ./Middlewares/Third_Party/OpenAMP/device.o
 .text.metal_list_del
                0x0800847c       0x36 ./Middlewares/Third_Party/OpenAMP/device.o
 .text.__metal_cache_flush
                0x080084b2       0x1a ./Middlewares/Third_Party/OpenAMP/device.o
 .text.__metal_cache_invalidate
                0x080084cc       0x1a ./Middlewares/Third_Party/OpenAMP/device.o
 .text.metal_cache_flush
                0x080084e6       0x1a ./Middlewares/Third_Party/OpenAMP/device.o
 .text.metal_cache_invalidate
                0x08008500       0x1a ./Middlewares/Third_Party/OpenAMP/device.o
 *fill*         0x0800851a        0x2 
 .text.metal_bus_register
                0x0800851c       0x88 ./Middlewares/Third_Party/OpenAMP/device.o
                0x0800851c                metal_bus_register
 .text.metal_bus_unregister
                0x080085a4       0x54 ./Middlewares/Third_Party/OpenAMP/device.o
                0x080085a4                metal_bus_unregister
 .text.metal_bus_find
                0x080085f8       0x60 ./Middlewares/Third_Party/OpenAMP/device.o
                0x080085f8                metal_bus_find
 .text.metal_device_open
                0x08008658       0x7c ./Middlewares/Third_Party/OpenAMP/device.o
                0x08008658                metal_device_open
 .text.metal_register_generic_device
                0x080086d4       0x4c ./Middlewares/Third_Party/OpenAMP/device.o
                0x080086d4                metal_register_generic_device
 .text.metal_generic_dev_open
                0x08008720       0x60 ./Middlewares/Third_Party/OpenAMP/device.o
                0x08008720                metal_generic_dev_open
 .text.metal_generic_dev_dma_map
                0x08008780       0xa2 ./Middlewares/Third_Party/OpenAMP/device.o
                0x08008780                metal_generic_dev_dma_map
 .text.metal_generic_dev_dma_unmap
                0x08008822       0x56 ./Middlewares/Third_Party/OpenAMP/device.o
                0x08008822                metal_generic_dev_dma_unmap
 .text.metal_generic_dev_sys_open
                0x08008878       0x4e ./Middlewares/Third_Party/OpenAMP/generic_device.o
                0x08008878                metal_generic_dev_sys_open
 *fill*         0x080088c6        0x2 
 .text.metal_sys_init
                0x080088c8       0x1c ./Middlewares/Third_Party/OpenAMP/generic_init.o
                0x080088c8                metal_sys_init
 .text.metal_sys_finish
                0x080088e4       0x14 ./Middlewares/Third_Party/OpenAMP/generic_init.o
                0x080088e4                metal_sys_finish
 .text.metal_sys_io_mem_map
                0x080088f8       0x7c ./Middlewares/Third_Party/OpenAMP/generic_io.o
                0x080088f8                metal_sys_io_mem_map
 .text.metal_list_init
                0x08008974       0x22 ./Middlewares/Third_Party/OpenAMP/init.o
 *fill*         0x08008996        0x2 
 .text.metal_init
                0x08008998       0x64 ./Middlewares/Third_Party/OpenAMP/init.o
                0x08008998                metal_init
 .text.metal_finish
                0x080089fc       0x1c ./Middlewares/Third_Party/OpenAMP/init.o
                0x080089fc                metal_finish
 .text.metal_io_virt
                0x08008a18       0x36 ./Middlewares/Third_Party/OpenAMP/io.o
 .text.metal_io_init
                0x08008a4e       0x9e ./Middlewares/Third_Party/OpenAMP/io.o
                0x08008a4e                metal_io_init
 .text.metal_io_block_read
                0x08008aec       0xee ./Middlewares/Third_Party/OpenAMP/io.o
                0x08008aec                metal_io_block_read
 .text.metal_io_block_write
                0x08008bda       0xec ./Middlewares/Third_Party/OpenAMP/io.o
                0x08008bda                metal_io_block_write
 .text.metal_io_block_set
                0x08008cc6       0xf2 ./Middlewares/Third_Party/OpenAMP/io.o
                0x08008cc6                metal_io_block_set
 .text.metal_default_log_handler
                0x08008db8       0x1a ./Middlewares/Third_Party/OpenAMP/log.o
                0x08008db8                metal_default_log_handler
 .text.metal_io_virt
                0x08008dd2       0x36 ./Middlewares/Third_Party/OpenAMP/remoteproc_virtio.o
 .text.metal_io_virt_to_offset
                0x08008e08       0x32 ./Middlewares/Third_Party/OpenAMP/remoteproc_virtio.o
 *fill*         0x08008e3a        0x2 
 .text.metal_io_read
                0x08008e3c      0x104 ./Middlewares/Third_Party/OpenAMP/remoteproc_virtio.o
 .text.metal_io_write
                0x08008f40       0xec ./Middlewares/Third_Party/OpenAMP/remoteproc_virtio.o
 .text.metal_allocate_memory
                0x0800902c       0x18 ./Middlewares/Third_Party/OpenAMP/remoteproc_virtio.o
 .text.metal_free_memory
                0x08009044       0x16 ./Middlewares/Third_Party/OpenAMP/remoteproc_virtio.o
 .text.virtqueue_allocate
                0x0800905a       0x32 ./Middlewares/Third_Party/OpenAMP/remoteproc_virtio.o
 .text.rproc_virtio_virtqueue_notify
                0x0800908c       0x68 ./Middlewares/Third_Party/OpenAMP/remoteproc_virtio.o
 .text.rproc_virtio_get_status
                0x080090f4       0x44 ./Middlewares/Third_Party/OpenAMP/remoteproc_virtio.o
 .text.rproc_virtio_set_status
                0x08009138       0x5e ./Middlewares/Third_Party/OpenAMP/remoteproc_virtio.o
 .text.rproc_virtio_get_features
                0x08009196       0x44 ./Middlewares/Third_Party/OpenAMP/remoteproc_virtio.o
 .text.rproc_virtio_set_features
                0x080091da       0x5c ./Middlewares/Third_Party/OpenAMP/remoteproc_virtio.o
 .text.rproc_virtio_negotiate_features
                0x08009236       0x18 ./Middlewares/Third_Party/OpenAMP/remoteproc_virtio.o
 .text.rproc_virtio_read_config
                0x0800924e       0x1a ./Middlewares/Third_Party/OpenAMP/remoteproc_virtio.o
 .text.rproc_virtio_write_config
                0x08009268       0x1a ./Middlewares/Third_Party/OpenAMP/remoteproc_virtio.o
 .text.rproc_virtio_reset_device
                0x08009282       0x20 ./Middlewares/Third_Party/OpenAMP/remoteproc_virtio.o
 *fill*         0x080092a2        0x2 
 .text.rproc_virtio_create_vdev
                0x080092a4      0x15c ./Middlewares/Third_Party/OpenAMP/remoteproc_virtio.o
                0x080092a4                rproc_virtio_create_vdev
 .text.rproc_virtio_init_vring
                0x08009400       0x62 ./Middlewares/Third_Party/OpenAMP/remoteproc_virtio.o
                0x08009400                rproc_virtio_init_vring
 .text.rproc_virtio_notified
                0x08009462       0x78 ./Middlewares/Third_Party/OpenAMP/remoteproc_virtio.o
                0x08009462                rproc_virtio_notified
 .text.rproc_virtio_wait_remote_ready
                0x080094da       0x32 ./Middlewares/Third_Party/OpenAMP/remoteproc_virtio.o
                0x080094da                rproc_virtio_wait_remote_ready
 .text.__metal_mutex_acquire
                0x0800950c       0x38 ./Middlewares/Third_Party/OpenAMP/rpmsg.o
 .text.__metal_mutex_release
                0x08009544       0x22 ./Middlewares/Third_Party/OpenAMP/rpmsg.o
 .text.metal_mutex_acquire
                0x08009566       0x16 ./Middlewares/Third_Party/OpenAMP/rpmsg.o
 .text.metal_mutex_release
                0x0800957c       0x16 ./Middlewares/Third_Party/OpenAMP/rpmsg.o
 .text.metal_list_add_before
                0x08009592       0x34 ./Middlewares/Third_Party/OpenAMP/rpmsg.o
 .text.metal_list_add_tail
                0x080095c6       0x1a ./Middlewares/Third_Party/OpenAMP/rpmsg.o
 .text.metal_list_del
                0x080095e0       0x36 ./Middlewares/Third_Party/OpenAMP/rpmsg.o
 .text.metal_bitmap_set_bit
                0x08009616       0x38 ./Middlewares/Third_Party/OpenAMP/rpmsg.o
 .text.metal_bitmap_is_bit_set
                0x0800964e       0x30 ./Middlewares/Third_Party/OpenAMP/rpmsg.o
 .text.metal_bitmap_clear_bit
                0x0800967e       0x3a ./Middlewares/Third_Party/OpenAMP/rpmsg.o
 .text.metal_bitmap_is_bit_clear
                0x080096b8       0x26 ./Middlewares/Third_Party/OpenAMP/rpmsg.o
 .text.metal_bitmap_next_clear_bit
                0x080096de       0x3a ./Middlewares/Third_Party/OpenAMP/rpmsg.o
 .text.rpmsg_init_ept
                0x08009718       0x3a ./Middlewares/Third_Party/OpenAMP/rpmsg.o
 .text.rpmsg_get_address
                0x08009752       0x3e ./Middlewares/Third_Party/OpenAMP/rpmsg.o
 .text.rpmsg_release_address
                0x08009790       0x24 ./Middlewares/Third_Party/OpenAMP/rpmsg.o
 .text.rpmsg_is_address_set
                0x080097b4       0x30 ./Middlewares/Third_Party/OpenAMP/rpmsg.o
 .text.rpmsg_set_address
                0x080097e4       0x30 ./Middlewares/Third_Party/OpenAMP/rpmsg.o
 .text.rpmsg_send_offchannel_raw
                0x08009814       0x64 ./Middlewares/Third_Party/OpenAMP/rpmsg.o
                0x08009814                rpmsg_send_offchannel_raw
 .text.rpmsg_send_ns_message
                0x08009878       0x50 ./Middlewares/Third_Party/OpenAMP/rpmsg.o
                0x08009878                rpmsg_send_ns_message
 .text.rpmsg_get_endpoint
                0x080098c8       0xc0 ./Middlewares/Third_Party/OpenAMP/rpmsg.o
                0x080098c8                rpmsg_get_endpoint
 .text.rpmsg_unregister_endpoint
                0x08009988       0x44 ./Middlewares/Third_Party/OpenAMP/rpmsg.o
 .text.rpmsg_register_endpoint
                0x080099cc       0x28 ./Middlewares/Third_Party/OpenAMP/rpmsg.o
                0x080099cc                rpmsg_register_endpoint
 .text.rpmsg_create_ept
                0x080099f4       0xfc ./Middlewares/Third_Party/OpenAMP/rpmsg.o
                0x080099f4                rpmsg_create_ept
 .text.rpmsg_destroy_ept
                0x08009af0       0x48 ./Middlewares/Third_Party/OpenAMP/rpmsg.o
                0x08009af0                rpmsg_destroy_ept
 .text.__metal_cache_invalidate
                0x08009b38       0x1a ./Middlewares/Third_Party/OpenAMP/rpmsg_virtio.o
 .text.metal_cache_invalidate
                0x08009b52       0x1a ./Middlewares/Third_Party/OpenAMP/rpmsg_virtio.o
 .text.__metal_sleep_usec
                0x08009b6c       0x16 ./Middlewares/Third_Party/OpenAMP/rpmsg_virtio.o
 .text.metal_sleep_usec
                0x08009b82       0x18 ./Middlewares/Third_Party/OpenAMP/rpmsg_virtio.o
 .text.metal_list_init
                0x08009b9a       0x22 ./Middlewares/Third_Party/OpenAMP/rpmsg_virtio.o
 .text.metal_list_is_empty
                0x08009bbc       0x24 ./Middlewares/Third_Party/OpenAMP/rpmsg_virtio.o
 .text.metal_io_virt_to_offset
                0x08009be0       0x32 ./Middlewares/Third_Party/OpenAMP/rpmsg_virtio.o
 .text.__metal_mutex_init
                0x08009c12       0x2c ./Middlewares/Third_Party/OpenAMP/rpmsg_virtio.o
 .text.__metal_mutex_deinit
                0x08009c3e       0x14 ./Middlewares/Third_Party/OpenAMP/rpmsg_virtio.o
 .text.__metal_mutex_acquire
                0x08009c52       0x38 ./Middlewares/Third_Party/OpenAMP/rpmsg_virtio.o
 .text.__metal_mutex_release
                0x08009c8a       0x22 ./Middlewares/Third_Party/OpenAMP/rpmsg_virtio.o
 .text.metal_mutex_init
                0x08009cac       0x16 ./Middlewares/Third_Party/OpenAMP/rpmsg_virtio.o
 .text.metal_mutex_deinit
                0x08009cc2       0x16 ./Middlewares/Third_Party/OpenAMP/rpmsg_virtio.o
 .text.metal_mutex_acquire
                0x08009cd8       0x16 ./Middlewares/Third_Party/OpenAMP/rpmsg_virtio.o
 .text.metal_mutex_release
                0x08009cee       0x16 ./Middlewares/Third_Party/OpenAMP/rpmsg_virtio.o
 .text.rpmsg_init_ept
                0x08009d04       0x3a ./Middlewares/Third_Party/OpenAMP/rpmsg_virtio.o
 .text.rpmsg_virtio_get_role
                0x08009d3e       0x1a ./Middlewares/Third_Party/OpenAMP/rpmsg_virtio.o
 .text.rpmsg_virtio_set_status
                0x08009d58       0x26 ./Middlewares/Third_Party/OpenAMP/rpmsg_virtio.o
 .text.rpmsg_virtio_get_status
                0x08009d7e       0x22 ./Middlewares/Third_Party/OpenAMP/rpmsg_virtio.o
 .text.rpmsg_virtio_get_features
                0x08009da0       0x22 ./Middlewares/Third_Party/OpenAMP/rpmsg_virtio.o
 .text.rpmsg_virtio_create_virtqueues
                0x08009dc2       0x2a ./Middlewares/Third_Party/OpenAMP/rpmsg_virtio.o
 .text.rpmsg_get_ept_from_addr
                0x08009dec       0x22 ./Middlewares/Third_Party/OpenAMP/rpmsg_virtio.o
 .text.rpmsg_virtio_shm_pool_get_buffer
                0x08009e0e       0x44 ./Middlewares/Third_Party/OpenAMP/rpmsg_virtio.o
                0x08009e0e                rpmsg_virtio_shm_pool_get_buffer
 .text.rpmsg_virtio_init_shm_pool
                0x08009e52       0x5a ./Middlewares/Third_Party/OpenAMP/rpmsg_virtio.o
                0x08009e52                rpmsg_virtio_init_shm_pool
 .text.rpmsg_virtio_return_buffer
                0x08009eac       0x40 ./Middlewares/Third_Party/OpenAMP/rpmsg_virtio.o
 .text.rpmsg_virtio_enqueue_buffer
                0x08009eec       0x46 ./Middlewares/Third_Party/OpenAMP/rpmsg_virtio.o
 .text.rpmsg_virtio_get_tx_buffer
                0x08009f32       0x56 ./Middlewares/Third_Party/OpenAMP/rpmsg_virtio.o
 .text.rpmsg_virtio_get_rx_buffer
                0x08009f88       0x4a ./Middlewares/Third_Party/OpenAMP/rpmsg_virtio.o
 .text._rpmsg_virtio_get_buffer_size
                0x08009fd2       0x2a ./Middlewares/Third_Party/OpenAMP/rpmsg_virtio.o
 .text.rpmsg_virtio_send_offchannel_raw
                0x08009ffc      0x154 ./Middlewares/Third_Party/OpenAMP/rpmsg_virtio.o
 .text.rpmsg_virtio_tx_callback
                0x0800a150       0x14 ./Middlewares/Third_Party/OpenAMP/rpmsg_virtio.o
 .text.rpmsg_virtio_rx_callback
                0x0800a164       0xec ./Middlewares/Third_Party/OpenAMP/rpmsg_virtio.o
 .text.rpmsg_virtio_ns_callback
                0x0800a250       0xe4 ./Middlewares/Third_Party/OpenAMP/rpmsg_virtio.o
 .text.rpmsg_init_vdev
                0x0800a334      0x1d4 ./Middlewares/Third_Party/OpenAMP/rpmsg_virtio.o
                0x0800a334                rpmsg_init_vdev
 .text.rpmsg_deinit_vdev
                0x0800a508       0x4c ./Middlewares/Third_Party/OpenAMP/rpmsg_virtio.o
                0x0800a508                rpmsg_deinit_vdev
 .text.metal_machine_cache_flush
                0x0800a554       0x16 ./Middlewares/Third_Party/OpenAMP/sys.o
                0x0800a554                metal_machine_cache_flush
 .text.metal_machine_cache_invalidate
                0x0800a56a       0x16 ./Middlewares/Third_Party/OpenAMP/sys.o
                0x0800a56a                metal_machine_cache_invalidate
 .text.metal_machine_io_mem_map
                0x0800a580       0x1c ./Middlewares/Third_Party/OpenAMP/sys.o
                0x0800a580                metal_machine_io_mem_map
 .text.vring_size
                0x0800a59c       0x46 ./Middlewares/Third_Party/OpenAMP/virtio.o
 .text.metal_io_virt_to_offset
                0x0800a5e2       0x32 ./Middlewares/Third_Party/OpenAMP/virtio.o
 .text.virtio_create_virtqueues
                0x0800a614       0xd2 ./Middlewares/Third_Party/OpenAMP/virtio.o
                0x0800a614                virtio_create_virtqueues
 .text.vring_init
                0x0800a6e6       0x52 ./Middlewares/Third_Party/OpenAMP/virtqueue.o
 .text.vring_need_event
                0x0800a738       0x3c ./Middlewares/Third_Party/OpenAMP/virtqueue.o
 .text.metal_io_virt_to_offset
                0x0800a774       0x32 ./Middlewares/Third_Party/OpenAMP/virtqueue.o
 .text.metal_io_phys
                0x0800a7a6       0x5c ./Middlewares/Third_Party/OpenAMP/virtqueue.o
 .text.metal_io_virt_to_phys
                0x0800a802       0x26 ./Middlewares/Third_Party/OpenAMP/virtqueue.o
 .text.virtqueue_virt_to_phys
                0x0800a828       0x22 ./Middlewares/Third_Party/OpenAMP/virtqueue.o
 .text.virtqueue_create
                0x0800a84a       0x68 ./Middlewares/Third_Party/OpenAMP/virtqueue.o
                0x0800a84a                virtqueue_create
 .text.virtqueue_add_buffer
                0x0800a8b2       0x88 ./Middlewares/Third_Party/OpenAMP/virtqueue.o
                0x0800a8b2                virtqueue_add_buffer
 .text.virtqueue_get_buffer
                0x0800a93a       0xa0 ./Middlewares/Third_Party/OpenAMP/virtqueue.o
                0x0800a93a                virtqueue_get_buffer
 .text.virtqueue_disable_cb
                0x0800a9da       0x54 ./Middlewares/Third_Party/OpenAMP/virtqueue.o
                0x0800a9da                virtqueue_disable_cb
 .text.virtqueue_kick
                0x0800aa2e       0x2c ./Middlewares/Third_Party/OpenAMP/virtqueue.o
                0x0800aa2e                virtqueue_kick
 .text.vq_ring_add_buffer
                0x0800aa5a       0xae ./Middlewares/Third_Party/OpenAMP/virtqueue.o
 .text.vq_ring_free_chain
                0x0800ab08       0x8e ./Middlewares/Third_Party/OpenAMP/virtqueue.o
 .text.vq_ring_init
                0x0800ab96       0x66 ./Middlewares/Third_Party/OpenAMP/virtqueue.o
 .text.vq_ring_update_avail
                0x0800abfc       0x5a ./Middlewares/Third_Party/OpenAMP/virtqueue.o
 .text.virtqueue_notification
                0x0800ac56       0x24 ./Middlewares/Third_Party/OpenAMP/virtqueue.o
                0x0800ac56                virtqueue_notification
 .text.vq_ring_must_notify_host
                0x0800ac7a       0x6c ./Middlewares/Third_Party/OpenAMP/virtqueue.o
 .text.vq_ring_notify_host
                0x0800ace6       0x20 ./Middlewares/Third_Party/OpenAMP/virtqueue.o
 *fill*         0x0800ad06        0x2 
 .text.HAL_HSEM_FreeCallback
                0x0800ad08       0x20 ./OPENAMP/mbox_hsem.o
                0x0800ad08                HAL_HSEM_FreeCallback
 .text.MAILBOX_Init
                0x0800ad28       0x38 ./OPENAMP/mbox_hsem.o
                0x0800ad28                MAILBOX_Init
 .text.MAILBOX_Poll
                0x0800ad60       0x34 ./OPENAMP/mbox_hsem.o
                0x0800ad60                MAILBOX_Poll
 .text.MAILBOX_Notify
                0x0800ad94       0x22 ./OPENAMP/mbox_hsem.o
                0x0800ad94                MAILBOX_Notify
 .text.is_rpmsg_ept_ready
                0x0800adb6       0x2e ./OPENAMP/openamp.o
 .text.metal_device_io_region
                0x0800ade4       0x36 ./OPENAMP/openamp.o
 *fill*         0x0800ae1a        0x2 
 .text.OPENAMP_shmem_init
                0x0800ae1c      0x140 ./OPENAMP/openamp.o
 .text.MX_OPENAMP_Init
                0x0800af5c      0x12c ./OPENAMP/openamp.o
                0x0800af5c                MX_OPENAMP_Init
 .text.OPENAMP_DeInit
                0x0800b088       0x18 ./OPENAMP/openamp.o
                0x0800b088                OPENAMP_DeInit
 .text.OPENAMP_create_endpoint
                0x0800b0a0       0x3c ./OPENAMP/openamp.o
                0x0800b0a0                OPENAMP_create_endpoint
 .text.OPENAMP_check_for_message
                0x0800b0dc       0x18 ./OPENAMP/openamp.o
                0x0800b0dc                OPENAMP_check_for_message
 .text.OPENAMP_Wait_EndPointready
                0x0800b0f4       0x30 ./OPENAMP/openamp.o
                0x0800b0f4                OPENAMP_Wait_EndPointready
 .text.resource_table_init
                0x0800b124       0x94 ./OPENAMP/rsc_table.o
                0x0800b124                resource_table_init
 .text.__assert_func
                0x0800b1b8       0x3c /Applications/STM32CubeIDE.app/Contents/Eclipse/plugins/com.st.stm32cube.ide.mcu.externaltools.gnu-tools-for-stm32.12.3.rel1.macos64_1.0.200.202406191456/tools/bin/../lib/gcc/arm-none-eabi/12.3.1/../../../../arm-none-eabi/lib/thumb/v7e-m+dp/hard/libc_nano.a(libc_a-assert.o)
                0x0800b1b8                __assert_func
 .text.malloc   0x0800b1f4       0x10 /Applications/STM32CubeIDE.app/Contents/Eclipse/plugins/com.st.stm32cube.ide.mcu.externaltools.gnu-tools-for-stm32.12.3.rel1.macos64_1.0.200.202406191456/tools/bin/../lib/gcc/arm-none-eabi/12.3.1/../../../../arm-none-eabi/lib/thumb/v7e-m+dp/hard/libc_nano.a(libc_a-malloc.o)
                0x0800b1f4                malloc
 .text.free     0x0800b204       0x10 /Applications/STM32CubeIDE.app/Contents/Eclipse/plugins/com.st.stm32cube.ide.mcu.externaltools.gnu-tools-for-stm32.12.3.rel1.macos64_1.0.200.202406191456/tools/bin/../lib/gcc/arm-none-eabi/12.3.1/../../../../arm-none-eabi/lib/thumb/v7e-m+dp/hard/libc_nano.a(libc_a-malloc.o)
                0x0800b204                free
 .text.sbrk_aligned
                0x0800b214       0x44 /Applications/STM32CubeIDE.app/Contents/Eclipse/plugins/com.st.stm32cube.ide.mcu.externaltools.gnu-tools-for-stm32.12.3.rel1.macos64_1.0.200.202406191456/tools/bin/../lib/gcc/arm-none-eabi/12.3.1/../../../../arm-none-eabi/lib/thumb/v7e-m+dp/hard/libc_nano.a(libc_a-mallocr.o)
 .text._malloc_r
                0x0800b258      0x100 /Applications/STM32CubeIDE.app/Contents/Eclipse/plugins/com.st.stm32cube.ide.mcu.externaltools.gnu-tools-for-stm32.12.3.rel1.macos64_1.0.200.202406191456/tools/bin/../lib/gcc/arm-none-eabi/12.3.1/../../../../arm-none-eabi/lib/thumb/v7e-m+dp/hard/libc_nano.a(libc_a-mallocr.o)
                0x0800b258                _malloc_r
 .text.__malloc_lock
                0x0800b358        0xc /Applications/STM32CubeIDE.app/Contents/Eclipse/plugins/com.st.stm32cube.ide.mcu.externaltools.gnu-tools-for-stm32.12.3.rel1.macos64_1.0.200.202406191456/tools/bin/../lib/gcc/arm-none-eabi/12.3.1/../../../../arm-none-eabi/lib/thumb/v7e-m+dp/hard/libc_nano.a(libc_a-mlock.o)
                0x0800b358                __malloc_lock
 .text.__malloc_unlock
                0x0800b364        0xc /Applications/STM32CubeIDE.app/Contents/Eclipse/plugins/com.st.stm32cube.ide.mcu.externaltools.gnu-tools-for-stm32.12.3.rel1.macos64_1.0.200.202406191456/tools/bin/../lib/gcc/arm-none-eabi/12.3.1/../../../../arm-none-eabi/lib/thumb/v7e-m+dp/hard/libc_nano.a(libc_a-mlock.o)
                0x0800b364                __malloc_unlock
 .text.std      0x0800b370       0x6c /Applications/STM32CubeIDE.app/Contents/Eclipse/plugins/com.st.stm32cube.ide.mcu.externaltools.gnu-tools-for-stm32.12.3.rel1.macos64_1.0.200.202406191456/tools/bin/../lib/gcc/arm-none-eabi/12.3.1/../../../../arm-none-eabi/lib/thumb/v7e-m+dp/hard/libc_nano.a(libc_a-findfp.o)
 .text.stdio_exit_handler
                0x0800b3dc       0x18 /Applications/STM32CubeIDE.app/Contents/Eclipse/plugins/com.st.stm32cube.ide.mcu.externaltools.gnu-tools-for-stm32.12.3.rel1.macos64_1.0.200.202406191456/tools/bin/../lib/gcc/arm-none-eabi/12.3.1/../../../../arm-none-eabi/lib/thumb/v7e-m+dp/hard/libc_nano.a(libc_a-findfp.o)
 .text.cleanup_stdio
                0x0800b3f4       0x40 /Applications/STM32CubeIDE.app/Contents/Eclipse/plugins/com.st.stm32cube.ide.mcu.externaltools.gnu-tools-for-stm32.12.3.rel1.macos64_1.0.200.202406191456/tools/bin/../lib/gcc/arm-none-eabi/12.3.1/../../../../arm-none-eabi/lib/thumb/v7e-m+dp/hard/libc_nano.a(libc_a-findfp.o)
 .text.global_stdio_init.part.0
                0x0800b434       0x3c /Applications/STM32CubeIDE.app/Contents/Eclipse/plugins/com.st.stm32cube.ide.mcu.externaltools.gnu-tools-for-stm32.12.3.rel1.macos64_1.0.200.202406191456/tools/bin/../lib/gcc/arm-none-eabi/12.3.1/../../../../arm-none-eabi/lib/thumb/v7e-m+dp/hard/libc_nano.a(libc_a-findfp.o)
 .text.__sfp_lock_acquire
                0x0800b470        0xc /Applications/STM32CubeIDE.app/Contents/Eclipse/plugins/com.st.stm32cube.ide.mcu.externaltools.gnu-tools-for-stm32.12.3.rel1.macos64_1.0.200.202406191456/tools/bin/../lib/gcc/arm-none-eabi/12.3.1/../../../../arm-none-eabi/lib/thumb/v7e-m+dp/hard/libc_nano.a(libc_a-findfp.o)
                0x0800b470                __sfp_lock_acquire
 .text.__sfp_lock_release
                0x0800b47c        0xc /Applications/STM32CubeIDE.app/Contents/Eclipse/plugins/com.st.stm32cube.ide.mcu.externaltools.gnu-tools-for-stm32.12.3.rel1.macos64_1.0.200.202406191456/tools/bin/../lib/gcc/arm-none-eabi/12.3.1/../../../../arm-none-eabi/lib/thumb/v7e-m+dp/hard/libc_nano.a(libc_a-findfp.o)
                0x0800b47c                __sfp_lock_release
 .text.__sinit  0x0800b488       0x30 /Applications/STM32CubeIDE.app/Contents/Eclipse/plugins/com.st.stm32cube.ide.mcu.externaltools.gnu-tools-for-stm32.12.3.rel1.macos64_1.0.200.202406191456/tools/bin/../lib/gcc/arm-none-eabi/12.3.1/../../../../arm-none-eabi/lib/thumb/v7e-m+dp/hard/libc_nano.a(libc_a-findfp.o)
                0x0800b488                __sinit
 .text.fprintf  0x0800b4b8       0x24 /Applications/STM32CubeIDE.app/Contents/Eclipse/plugins/com.st.stm32cube.ide.mcu.externaltools.gnu-tools-for-stm32.12.3.rel1.macos64_1.0.200.202406191456/tools/bin/../lib/gcc/arm-none-eabi/12.3.1/../../../../arm-none-eabi/lib/thumb/v7e-m+dp/hard/libc_nano.a(libc_a-fprintf.o)
                0x0800b4b8                fprintf
                0x0800b4b8                fiprintf
 .text._fwalk_sglue
                0x0800b4dc       0x3c /Applications/STM32CubeIDE.app/Contents/Eclipse/plugins/com.st.stm32cube.ide.mcu.externaltools.gnu-tools-for-stm32.12.3.rel1.macos64_1.0.200.202406191456/tools/bin/../lib/gcc/arm-none-eabi/12.3.1/../../../../arm-none-eabi/lib/thumb/v7e-m+dp/hard/libc_nano.a(libc_a-fwalk.o)
                0x0800b4dc                _fwalk_sglue
 .text.strncmp  0x0800b518       0x24 /Applications/STM32CubeIDE.app/Contents/Eclipse/plugins/com.st.stm32cube.ide.mcu.externaltools.gnu-tools-for-stm32.12.3.rel1.macos64_1.0.200.202406191456/tools/bin/../lib/gcc/arm-none-eabi/12.3.1/../../../../arm-none-eabi/lib/thumb/v7e-m+dp/hard/libc_nano.a(libc_a-strncmp.o)
                0x0800b518                strncmp
 .text.strncpy  0x0800b53c       0x26 /Applications/STM32CubeIDE.app/Contents/Eclipse/plugins/com.st.stm32cube.ide.mcu.externaltools.gnu-tools-for-stm32.12.3.rel1.macos64_1.0.200.202406191456/tools/bin/../lib/gcc/arm-none-eabi/12.3.1/../../../../arm-none-eabi/lib/thumb/v7e-m+dp/hard/libc_nano.a(libc_a-strncpy.o)
                0x0800b53c                strncpy
 .text.memset   0x0800b562       0x10 /Applications/STM32CubeIDE.app/Contents/Eclipse/plugins/com.st.stm32cube.ide.mcu.externaltools.gnu-tools-for-stm32.12.3.rel1.macos64_1.0.200.202406191456/tools/bin/../lib/gcc/arm-none-eabi/12.3.1/../../../../arm-none-eabi/lib/thumb/v7e-m+dp/hard/libc_nano.a(libc_a-memset.o)
                0x0800b562                memset
 *fill*         0x0800b572        0x2 
 .text._sbrk_r  0x0800b574       0x20 /Applications/STM32CubeIDE.app/Contents/Eclipse/plugins/com.st.stm32cube.ide.mcu.externaltools.gnu-tools-for-stm32.12.3.rel1.macos64_1.0.200.202406191456/tools/bin/../lib/gcc/arm-none-eabi/12.3.1/../../../../arm-none-eabi/lib/thumb/v7e-m+dp/hard/libc_nano.a(libc_a-sbrkr.o)
                0x0800b574                _sbrk_r
 .text.__errno  0x0800b594        0xc /Applications/STM32CubeIDE.app/Contents/Eclipse/plugins/com.st.stm32cube.ide.mcu.externaltools.gnu-tools-for-stm32.12.3.rel1.macos64_1.0.200.202406191456/tools/bin/../lib/gcc/arm-none-eabi/12.3.1/../../../../arm-none-eabi/lib/thumb/v7e-m+dp/hard/libc_nano.a(libc_a-errno.o)
                0x0800b594                __errno
 .text.__libc_init_array
                0x0800b5a0       0x48 /Applications/STM32CubeIDE.app/Contents/Eclipse/plugins/com.st.stm32cube.ide.mcu.externaltools.gnu-tools-for-stm32.12.3.rel1.macos64_1.0.200.202406191456/tools/bin/../lib/gcc/arm-none-eabi/12.3.1/../../../../arm-none-eabi/lib/thumb/v7e-m+dp/hard/libc_nano.a(libc_a-init.o)
                0x0800b5a0                __libc_init_array
 .text.__retarget_lock_init_recursive
                0x0800b5e8        0x2 /Applications/STM32CubeIDE.app/Contents/Eclipse/plugins/com.st.stm32cube.ide.mcu.externaltools.gnu-tools-for-stm32.12.3.rel1.macos64_1.0.200.202406191456/tools/bin/../lib/gcc/arm-none-eabi/12.3.1/../../../../arm-none-eabi/lib/thumb/v7e-m+dp/hard/libc_nano.a(libc_a-lock.o)
                0x0800b5e8                __retarget_lock_init_recursive
 .text.__retarget_lock_acquire_recursive
                0x0800b5ea        0x2 /Applications/STM32CubeIDE.app/Contents/Eclipse/plugins/com.st.stm32cube.ide.mcu.externaltools.gnu-tools-for-stm32.12.3.rel1.macos64_1.0.200.202406191456/tools/bin/../lib/gcc/arm-none-eabi/12.3.1/../../../../arm-none-eabi/lib/thumb/v7e-m+dp/hard/libc_nano.a(libc_a-lock.o)
                0x0800b5ea                __retarget_lock_acquire_recursive
 .text.__retarget_lock_release_recursive
                0x0800b5ec        0x2 /Applications/STM32CubeIDE.app/Contents/Eclipse/plugins/com.st.stm32cube.ide.mcu.externaltools.gnu-tools-for-stm32.12.3.rel1.macos64_1.0.200.202406191456/tools/bin/../lib/gcc/arm-none-eabi/12.3.1/../../../../arm-none-eabi/lib/thumb/v7e-m+dp/hard/libc_nano.a(libc_a-lock.o)
                0x0800b5ec                __retarget_lock_release_recursive
 .text.memcpy   0x0800b5ee       0x1c /Applications/STM32CubeIDE.app/Contents/Eclipse/plugins/com.st.stm32cube.ide.mcu.externaltools.gnu-tools-for-stm32.12.3.rel1.macos64_1.0.200.202406191456/tools/bin/../lib/gcc/arm-none-eabi/12.3.1/../../../../arm-none-eabi/lib/thumb/v7e-m+dp/hard/libc_nano.a(libc_a-memcpy-stub.o)
                0x0800b5ee                memcpy
 .text.abort    0x0800b60a        0xe /Applications/STM32CubeIDE.app/Contents/Eclipse/plugins/com.st.stm32cube.ide.mcu.externaltools.gnu-tools-for-stm32.12.3.rel1.macos64_1.0.200.202406191456/tools/bin/../lib/gcc/arm-none-eabi/12.3.1/../../../../arm-none-eabi/lib/thumb/v7e-m+dp/hard/libc_nano.a(libc_a-abort.o)
                0x0800b60a                abort
 .text._free_r  0x0800b618       0x94 /Applications/STM32CubeIDE.app/Contents/Eclipse/plugins/com.st.stm32cube.ide.mcu.externaltools.gnu-tools-for-stm32.12.3.rel1.macos64_1.0.200.202406191456/tools/bin/../lib/gcc/arm-none-eabi/12.3.1/../../../../arm-none-eabi/lib/thumb/v7e-m+dp/hard/libc_nano.a(libc_a-freer.o)
                0x0800b618                _free_r
 .text.__sfputc_r
                0x0800b6ac       0x2e /Applications/STM32CubeIDE.app/Contents/Eclipse/plugins/com.st.stm32cube.ide.mcu.externaltools.gnu-tools-for-stm32.12.3.rel1.macos64_1.0.200.202406191456/tools/bin/../lib/gcc/arm-none-eabi/12.3.1/../../../../arm-none-eabi/lib/thumb/v7e-m+dp/hard/libc_nano.a(libc_a-nano-vfprintf.o)
 .text.__sfputs_r
                0x0800b6da       0x24 /Applications/STM32CubeIDE.app/Contents/Eclipse/plugins/com.st.stm32cube.ide.mcu.externaltools.gnu-tools-for-stm32.12.3.rel1.macos64_1.0.200.202406191456/tools/bin/../lib/gcc/arm-none-eabi/12.3.1/../../../../arm-none-eabi/lib/thumb/v7e-m+dp/hard/libc_nano.a(libc_a-nano-vfprintf.o)
                0x0800b6da                __sfputs_r
 *fill*         0x0800b6fe        0x2 
 .text._vfprintf_r
                0x0800b700      0x230 /Applications/STM32CubeIDE.app/Contents/Eclipse/plugins/com.st.stm32cube.ide.mcu.externaltools.gnu-tools-for-stm32.12.3.rel1.macos64_1.0.200.202406191456/tools/bin/../lib/gcc/arm-none-eabi/12.3.1/../../../../arm-none-eabi/lib/thumb/v7e-m+dp/hard/libc_nano.a(libc_a-nano-vfprintf.o)
                0x0800b700                _vfiprintf_r
                0x0800b700                _vfprintf_r
 .text._printf_common
                0x0800b930       0xda /Applications/STM32CubeIDE.app/Contents/Eclipse/plugins/com.st.stm32cube.ide.mcu.externaltools.gnu-tools-for-stm32.12.3.rel1.macos64_1.0.200.202406191456/tools/bin/../lib/gcc/arm-none-eabi/12.3.1/../../../../arm-none-eabi/lib/thumb/v7e-m+dp/hard/libc_nano.a(libc_a-nano-vfprintf_i.o)
                0x0800b930                _printf_common
 *fill*         0x0800ba0a        0x2 
 .text._printf_i
                0x0800ba0c      0x240 /Applications/STM32CubeIDE.app/Contents/Eclipse/plugins/com.st.stm32cube.ide.mcu.externaltools.gnu-tools-for-stm32.12.3.rel1.macos64_1.0.200.202406191456/tools/bin/../lib/gcc/arm-none-eabi/12.3.1/../../../../arm-none-eabi/lib/thumb/v7e-m+dp/hard/libc_nano.a(libc_a-nano-vfprintf_i.o)
                0x0800ba0c                _printf_i
 .text.__sflush_r
                0x0800bc4c      0x108 /Applications/STM32CubeIDE.app/Contents/Eclipse/plugins/com.st.stm32cube.ide.mcu.externaltools.gnu-tools-for-stm32.12.3.rel1.macos64_1.0.200.202406191456/tools/bin/../lib/gcc/arm-none-eabi/12.3.1/../../../../arm-none-eabi/lib/thumb/v7e-m+dp/hard/libc_nano.a(libc_a-fflush.o)
                0x0800bc4c                __sflush_r
 .text._fflush_r
                0x0800bd54       0x50 /Applications/STM32CubeIDE.app/Contents/Eclipse/plugins/com.st.stm32cube.ide.mcu.externaltools.gnu-tools-for-stm32.12.3.rel1.macos64_1.0.200.202406191456/tools/bin/../lib/gcc/arm-none-eabi/12.3.1/../../../../arm-none-eabi/lib/thumb/v7e-m+dp/hard/libc_nano.a(libc_a-fflush.o)
                0x0800bd54                _fflush_r
 .text.__sread  0x0800bda4       0x22 /Applications/STM32CubeIDE.app/Contents/Eclipse/plugins/com.st.stm32cube.ide.mcu.externaltools.gnu-tools-for-stm32.12.3.rel1.macos64_1.0.200.202406191456/tools/bin/../lib/gcc/arm-none-eabi/12.3.1/../../../../arm-none-eabi/lib/thumb/v7e-m+dp/hard/libc_nano.a(libc_a-stdio.o)
                0x0800bda4                __sread
 .text.__swrite
                0x0800bdc6       0x38 /Applications/STM32CubeIDE.app/Contents/Eclipse/plugins/com.st.stm32cube.ide.mcu.externaltools.gnu-tools-for-stm32.12.3.rel1.macos64_1.0.200.202406191456/tools/bin/../lib/gcc/arm-none-eabi/12.3.1/../../../../arm-none-eabi/lib/thumb/v7e-m+dp/hard/libc_nano.a(libc_a-stdio.o)
                0x0800bdc6                __swrite
 .text.__sseek  0x0800bdfe       0x24 /Applications/STM32CubeIDE.app/Contents/Eclipse/plugins/com.st.stm32cube.ide.mcu.externaltools.gnu-tools-for-stm32.12.3.rel1.macos64_1.0.200.202406191456/tools/bin/../lib/gcc/arm-none-eabi/12.3.1/../../../../arm-none-eabi/lib/thumb/v7e-m+dp/hard/libc_nano.a(libc_a-stdio.o)
                0x0800bdfe                __sseek
 .text.__sclose
                0x0800be22        0x8 /Applications/STM32CubeIDE.app/Contents/Eclipse/plugins/com.st.stm32cube.ide.mcu.externaltools.gnu-tools-for-stm32.12.3.rel1.macos64_1.0.200.202406191456/tools/bin/../lib/gcc/arm-none-eabi/12.3.1/../../../../arm-none-eabi/lib/thumb/v7e-m+dp/hard/libc_nano.a(libc_a-stdio.o)
                0x0800be22                __sclose
 .text.__swbuf_r
                0x0800be2a       0x7c /Applications/STM32CubeIDE.app/Contents/Eclipse/plugins/com.st.stm32cube.ide.mcu.externaltools.gnu-tools-for-stm32.12.3.rel1.macos64_1.0.200.202406191456/tools/bin/../lib/gcc/arm-none-eabi/12.3.1/../../../../arm-none-eabi/lib/thumb/v7e-m+dp/hard/libc_nano.a(libc_a-wbuf.o)
                0x0800be2a                __swbuf_r
 *fill*         0x0800bea6        0x2 
 .text.__swsetup_r
                0x0800bea8       0xac /Applications/STM32CubeIDE.app/Contents/Eclipse/plugins/com.st.stm32cube.ide.mcu.externaltools.gnu-tools-for-stm32.12.3.rel1.macos64_1.0.200.202406191456/tools/bin/../lib/gcc/arm-none-eabi/12.3.1/../../../../arm-none-eabi/lib/thumb/v7e-m+dp/hard/libc_nano.a(libc_a-wsetup.o)
                0x0800bea8                __swsetup_r
 .text.__swhatbuf_r
                0x0800bf54       0x4c /Applications/STM32CubeIDE.app/Contents/Eclipse/plugins/com.st.stm32cube.ide.mcu.externaltools.gnu-tools-for-stm32.12.3.rel1.macos64_1.0.200.202406191456/tools/bin/../lib/gcc/arm-none-eabi/12.3.1/../../../../arm-none-eabi/lib/thumb/v7e-m+dp/hard/libc_nano.a(libc_a-makebuf.o)
                0x0800bf54                __swhatbuf_r
 .text.__smakebuf_r
                0x0800bfa0       0x78 /Applications/STM32CubeIDE.app/Contents/Eclipse/plugins/com.st.stm32cube.ide.mcu.externaltools.gnu-tools-for-stm32.12.3.rel1.macos64_1.0.200.202406191456/tools/bin/../lib/gcc/arm-none-eabi/12.3.1/../../../../arm-none-eabi/lib/thumb/v7e-m+dp/hard/libc_nano.a(libc_a-makebuf.o)
                0x0800bfa0                __smakebuf_r
 .text._close_r
                0x0800c018       0x20 /Applications/STM32CubeIDE.app/Contents/Eclipse/plugins/com.st.stm32cube.ide.mcu.externaltools.gnu-tools-for-stm32.12.3.rel1.macos64_1.0.200.202406191456/tools/bin/../lib/gcc/arm-none-eabi/12.3.1/../../../../arm-none-eabi/lib/thumb/v7e-m+dp/hard/libc_nano.a(libc_a-closer.o)
                0x0800c018                _close_r
 .text._fstat_r
                0x0800c038       0x24 /Applications/STM32CubeIDE.app/Contents/Eclipse/plugins/com.st.stm32cube.ide.mcu.externaltools.gnu-tools-for-stm32.12.3.rel1.macos64_1.0.200.202406191456/tools/bin/../lib/gcc/arm-none-eabi/12.3.1/../../../../arm-none-eabi/lib/thumb/v7e-m+dp/hard/libc_nano.a(libc_a-fstatr.o)
                0x0800c038                _fstat_r
 .text._isatty_r
                0x0800c05c       0x20 /Applications/STM32CubeIDE.app/Contents/Eclipse/plugins/com.st.stm32cube.ide.mcu.externaltools.gnu-tools-for-stm32.12.3.rel1.macos64_1.0.200.202406191456/tools/bin/../lib/gcc/arm-none-eabi/12.3.1/../../../../arm-none-eabi/lib/thumb/v7e-m+dp/hard/libc_nano.a(libc_a-isattyr.o)
                0x0800c05c                _isatty_r
 .text._lseek_r
                0x0800c07c       0x24 /Applications/STM32CubeIDE.app/Contents/Eclipse/plugins/com.st.stm32cube.ide.mcu.externaltools.gnu-tools-for-stm32.12.3.rel1.macos64_1.0.200.202406191456/tools/bin/../lib/gcc/arm-none-eabi/12.3.1/../../../../arm-none-eabi/lib/thumb/v7e-m+dp/hard/libc_nano.a(libc_a-lseekr.o)
                0x0800c07c                _lseek_r
 .text._raise_r
                0x0800c0a0       0x50 /Applications/STM32CubeIDE.app/Contents/Eclipse/plugins/com.st.stm32cube.ide.mcu.externaltools.gnu-tools-for-stm32.12.3.rel1.macos64_1.0.200.202406191456/tools/bin/../lib/gcc/arm-none-eabi/12.3.1/../../../../arm-none-eabi/lib/thumb/v7e-m+dp/hard/libc_nano.a(libc_a-signal.o)
                0x0800c0a0                _raise_r
 .text.raise    0x0800c0f0       0x10 /Applications/STM32CubeIDE.app/Contents/Eclipse/plugins/com.st.stm32cube.ide.mcu.externaltools.gnu-tools-for-stm32.12.3.rel1.macos64_1.0.200.202406191456/tools/bin/../lib/gcc/arm-none-eabi/12.3.1/../../../../arm-none-eabi/lib/thumb/v7e-m+dp/hard/libc_nano.a(libc_a-signal.o)
                0x0800c0f0                raise
 .text._read_r  0x0800c100       0x24 /Applications/STM32CubeIDE.app/Contents/Eclipse/plugins/com.st.stm32cube.ide.mcu.externaltools.gnu-tools-for-stm32.12.3.rel1.macos64_1.0.200.202406191456/tools/bin/../lib/gcc/arm-none-eabi/12.3.1/../../../../arm-none-eabi/lib/thumb/v7e-m+dp/hard/libc_nano.a(libc_a-readr.o)
                0x0800c100                _read_r
 .text._kill_r  0x0800c124       0x24 /Applications/STM32CubeIDE.app/Contents/Eclipse/plugins/com.st.stm32cube.ide.mcu.externaltools.gnu-tools-for-stm32.12.3.rel1.macos64_1.0.200.202406191456/tools/bin/../lib/gcc/arm-none-eabi/12.3.1/../../../../arm-none-eabi/lib/thumb/v7e-m+dp/hard/libc_nano.a(libc_a-signalr.o)
                0x0800c124                _kill_r
 .text._getpid_r
                0x0800c148        0x4 /Applications/STM32CubeIDE.app/Contents/Eclipse/plugins/com.st.stm32cube.ide.mcu.externaltools.gnu-tools-for-stm32.12.3.rel1.macos64_1.0.200.202406191456/tools/bin/../lib/gcc/arm-none-eabi/12.3.1/../../../../arm-none-eabi/lib/thumb/v7e-m+dp/hard/libc_nano.a(libc_a-signalr.o)
                0x0800c148                _getpid_r
 .text._write_r
                0x0800c14c       0x24 /Applications/STM32CubeIDE.app/Contents/Eclipse/plugins/com.st.stm32cube.ide.mcu.externaltools.gnu-tools-for-stm32.12.3.rel1.macos64_1.0.200.202406191456/tools/bin/../lib/gcc/arm-none-eabi/12.3.1/../../../../arm-none-eabi/lib/thumb/v7e-m+dp/hard/libc_nano.a(libc_a-writer.o)
                0x0800c14c                _write_r
 *(.glue_7)
 .glue_7        0x0800c170        0x0 linker stubs
 *(.glue_7t)
 .glue_7t       0x0800c170        0x0 linker stubs
 *(.eh_frame)
 .eh_frame      0x0800c170        0x0 /Applications/STM32CubeIDE.app/Contents/Eclipse/plugins/com.st.stm32cube.ide.mcu.externaltools.gnu-tools-for-stm32.12.3.rel1.macos64_1.0.200.202406191456/tools/bin/../lib/gcc/arm-none-eabi/12.3.1/thumb/v7e-m+dp/hard/crtbegin.o
 *(.init)
 .init          0x0800c170        0x4 /Applications/STM32CubeIDE.app/Contents/Eclipse/plugins/com.st.stm32cube.ide.mcu.externaltools.gnu-tools-for-stm32.12.3.rel1.macos64_1.0.200.202406191456/tools/bin/../lib/gcc/arm-none-eabi/12.3.1/thumb/v7e-m+dp/hard/crti.o
                0x0800c170                _init
 .init          0x0800c174        0x8 /Applications/STM32CubeIDE.app/Contents/Eclipse/plugins/com.st.stm32cube.ide.mcu.externaltools.gnu-tools-for-stm32.12.3.rel1.macos64_1.0.200.202406191456/tools/bin/../lib/gcc/arm-none-eabi/12.3.1/thumb/v7e-m+dp/hard/crtn.o
 *(.fini)
 .fini          0x0800c17c        0x4 /Applications/STM32CubeIDE.app/Contents/Eclipse/plugins/com.st.stm32cube.ide.mcu.externaltools.gnu-tools-for-stm32.12.3.rel1.macos64_1.0.200.202406191456/tools/bin/../lib/gcc/arm-none-eabi/12.3.1/thumb/v7e-m+dp/hard/crti.o
                0x0800c17c                _fini
 .fini          0x0800c180        0x8 /Applications/STM32CubeIDE.app/Contents/Eclipse/plugins/com.st.stm32cube.ide.mcu.externaltools.gnu-tools-for-stm32.12.3.rel1.macos64_1.0.200.202406191456/tools/bin/../lib/gcc/arm-none-eabi/12.3.1/thumb/v7e-m+dp/hard/crtn.o
                0x0800c188                        . = ALIGN (0x4)
                0x0800c188                        _etext = .

.vfp11_veneer   0x0800c188        0x0
 .vfp11_veneer  0x0800c188        0x0 linker stubs

.v4_bx          0x0800c188        0x0
 .v4_bx         0x0800c188        0x0 linker stubs

.iplt           0x0800c188        0x0
 .iplt          0x0800c188        0x0 /Applications/STM32CubeIDE.app/Contents/Eclipse/plugins/com.st.stm32cube.ide.mcu.externaltools.gnu-tools-for-stm32.12.3.rel1.macos64_1.0.200.202406191456/tools/bin/../lib/gcc/arm-none-eabi/12.3.1/thumb/v7e-m+dp/hard/crtbegin.o

.rodata         0x0800c188      0x348
                0x0800c188                        . = ALIGN (0x4)
 *(.rodata)
 .rodata        0x0800c188       0x1d ./Core/Src/main.o
 *fill*         0x0800c1a5        0x3 
 .rodata        0x0800c1a8        0x5 ./Middlewares/Third_Party/FreeRTOS/tasks.o
 *fill*         0x0800c1ad        0x3 
 .rodata        0x0800c1b0        0xd ./Middlewares/Third_Party/FreeRTOS/timers.o
 *fill*         0x0800c1bd        0x3 
 .rodata        0x0800c1c0       0xc0 ./Middlewares/Third_Party/OpenAMP/device.o
 .rodata        0x0800c280       0xef ./Middlewares/Third_Party/OpenAMP/remoteproc_virtio.o
 *fill*         0x0800c36f        0x1 
 .rodata        0x0800c370       0x13 ./Middlewares/Third_Party/OpenAMP/rpmsg_virtio.o
 *fill*         0x0800c383        0x1 
 .rodata        0x0800c384       0x1d ./OPENAMP/openamp.o
 *(.rodata*)
 *fill*         0x0800c3a1        0x3 
 .rodata.D1CorePrescTable
                0x0800c3a4       0x10 ./Common/Src/system_stm32h7xx_dualcore_boot_cm4_cm7.o
                0x0800c3a4                D1CorePrescTable
 .rodata.RxTask_attributes
                0x0800c3b4       0x24 ./Core/Src/main.o
                0x0800c3b4                RxTask_attributes
 .rodata.TxTask_attributes
                0x0800c3d8       0x24 ./Core/Src/main.o
                0x0800c3d8                TxTask_attributes
 .rodata.remoteproc_virtio_dispatch_funcs
                0x0800c3fc       0x24 ./Middlewares/Third_Party/OpenAMP/remoteproc_virtio.o
                0x0800c3fc                remoteproc_virtio_dispatch_funcs
 .rodata.__func__.2
                0x0800c420       0x1e ./Middlewares/Third_Party/OpenAMP/remoteproc_virtio.o
 *fill*         0x0800c43e        0x2 
 .rodata.__func__.1
                0x0800c440        0xe ./Middlewares/Third_Party/OpenAMP/remoteproc_virtio.o
 *fill*         0x0800c44e        0x2 
 .rodata.__func__.0
                0x0800c450        0xf ./Middlewares/Third_Party/OpenAMP/remoteproc_virtio.o
 .rodata.__assert_func.str1.1
                0x0800c45f       0x3c /Applications/STM32CubeIDE.app/Contents/Eclipse/plugins/com.st.stm32cube.ide.mcu.externaltools.gnu-tools-for-stm32.12.3.rel1.macos64_1.0.200.202406191456/tools/bin/../lib/gcc/arm-none-eabi/12.3.1/../../../../arm-none-eabi/lib/thumb/v7e-m+dp/hard/libc_nano.a(libc_a-assert.o)
                                 0x3d (size before relaxing)
 .rodata._vfprintf_r.str1.1
                0x0800c49b       0x11 /Applications/STM32CubeIDE.app/Contents/Eclipse/plugins/com.st.stm32cube.ide.mcu.externaltools.gnu-tools-for-stm32.12.3.rel1.macos64_1.0.200.202406191456/tools/bin/../lib/gcc/arm-none-eabi/12.3.1/../../../../arm-none-eabi/lib/thumb/v7e-m+dp/hard/libc_nano.a(libc_a-nano-vfprintf.o)
 .rodata._printf_i.str1.1
                0x0800c4ac       0x22 /Applications/STM32CubeIDE.app/Contents/Eclipse/plugins/com.st.stm32cube.ide.mcu.externaltools.gnu-tools-for-stm32.12.3.rel1.macos64_1.0.200.202406191456/tools/bin/../lib/gcc/arm-none-eabi/12.3.1/../../../../arm-none-eabi/lib/thumb/v7e-m+dp/hard/libc_nano.a(libc_a-nano-vfprintf_i.o)
                0x0800c4d0                        . = ALIGN (0x4)
 *fill*         0x0800c4ce        0x2 

.ARM.extab      0x0800c4d0        0x0
                0x0800c4d0                        . = ALIGN (0x4)
 *(.ARM.extab* .gnu.linkonce.armextab.*)
                0x0800c4d0                        . = ALIGN (0x4)

.ARM            0x0800c4d0        0x8
                0x0800c4d0                        . = ALIGN (0x4)
                0x0800c4d0                        __exidx_start = .
 *(.ARM.exidx*)
 .ARM.exidx     0x0800c4d0        0x8 /Applications/STM32CubeIDE.app/Contents/Eclipse/plugins/com.st.stm32cube.ide.mcu.externaltools.gnu-tools-for-stm32.12.3.rel1.macos64_1.0.200.202406191456/tools/bin/../lib/gcc/arm-none-eabi/12.3.1/../../../../arm-none-eabi/lib/thumb/v7e-m+dp/hard/libc_nano.a(libc_a-strlen.o)
 .ARM.exidx     0x0800c4d8        0x0 /Applications/STM32CubeIDE.app/Contents/Eclipse/plugins/com.st.stm32cube.ide.mcu.externaltools.gnu-tools-for-stm32.12.3.rel1.macos64_1.0.200.202406191456/tools/bin/../lib/gcc/arm-none-eabi/12.3.1/../../../../arm-none-eabi/lib/thumb/v7e-m+dp/hard/libc_nano.a(libc_a-strcmp.o)
                                  0x8 (size before relaxing)
 .ARM.exidx     0x0800c4d8        0x0 /Applications/STM32CubeIDE.app/Contents/Eclipse/plugins/com.st.stm32cube.ide.mcu.externaltools.gnu-tools-for-stm32.12.3.rel1.macos64_1.0.200.202406191456/tools/bin/../lib/gcc/arm-none-eabi/12.3.1/../../../../arm-none-eabi/lib/thumb/v7e-m+dp/hard/libc_nano.a(libc_a-memchr.o)
                                  0x8 (size before relaxing)
                0x0800c4d8                        __exidx_end = .
                0x0800c4d8                        . = ALIGN (0x4)

.rel.dyn        0x0800c4d8        0x0
 .rel.iplt      0x0800c4d8        0x0 /Applications/STM32CubeIDE.app/Contents/Eclipse/plugins/com.st.stm32cube.ide.mcu.externaltools.gnu-tools-for-stm32.12.3.rel1.macos64_1.0.200.202406191456/tools/bin/../lib/gcc/arm-none-eabi/12.3.1/thumb/v7e-m+dp/hard/crtbegin.o

.preinit_array  0x0800c4d8        0x0
                0x0800c4d8                        . = ALIGN (0x4)
                0x0800c4d8                        PROVIDE (__preinit_array_start = .)
 *(.preinit_array*)
                0x0800c4d8                        PROVIDE (__preinit_array_end = .)
                0x0800c4d8                        . = ALIGN (0x4)

.init_array     0x0800c4d8        0x4
                0x0800c4d8                        . = ALIGN (0x4)
                0x0800c4d8                        PROVIDE (__init_array_start = .)
 *(SORT_BY_NAME(.init_array.*))
 *(.init_array*)
 .init_array    0x0800c4d8        0x4 /Applications/STM32CubeIDE.app/Contents/Eclipse/plugins/com.st.stm32cube.ide.mcu.externaltools.gnu-tools-for-stm32.12.3.rel1.macos64_1.0.200.202406191456/tools/bin/../lib/gcc/arm-none-eabi/12.3.1/thumb/v7e-m+dp/hard/crtbegin.o
                0x0800c4dc                        PROVIDE (__init_array_end = .)
                0x0800c4dc                        . = ALIGN (0x4)

.fini_array     0x0800c4dc        0x4
                0x0800c4dc                        . = ALIGN (0x4)
                [!provide]                        PROVIDE (__fini_array_start = .)
 *(SORT_BY_NAME(.fini_array.*))
 *(.fini_array*)