Archive member included to satisfy reference by file (symbol)

/Applications/STM32CubeIDE.app/Contents/Eclipse/plugins/com.st.stm32cube.ide.mcu.externaltools.gnu-tools-for-stm32.12.3.rel1.macos64_1.0.200.202406191456/tools/bin/../lib/gcc/arm-none-eabi/12.3.1/../../../../arm-none-eabi/lib/thumb/v7e-m+fp/hard/libc_nano.a(libc_a-assert.o)
                              ./Middlewares/Third_Party/OpenAMP/device.o (__assert_func)
/Applications/STM32CubeIDE.app/Contents/Eclipse/plugins/com.st.stm32cube.ide.mcu.externaltools.gnu-tools-for-stm32.12.3.rel1.macos64_1.0.200.202406191456/tools/bin/../lib/gcc/arm-none-eabi/12.3.1/../../../../arm-none-eabi/lib/thumb/v7e-m+fp/hard/libc_nano.a(libc_a-exit.o)
                              /Applications/STM32CubeIDE.app/Contents/Eclipse/plugins/com.st.stm32cube.ide.mcu.externaltools.gnu-tools-for-stm32.12.3.rel1.macos64_1.0.200.202406191456/tools/bin/../lib/gcc/arm-none-eabi/12.3.1/../../../../arm-none-eabi/lib/thumb/v7e-m+fp/hard/crt0.o (exit)
/Applications/STM32CubeIDE.app/Contents/Eclipse/plugins/com.st.stm32cube.ide.mcu.externaltools.gnu-tools-for-stm32.12.3.rel1.macos64_1.0.200.202406191456/tools/bin/../lib/gcc/arm-none-eabi/12.3.1/../../../../arm-none-eabi/lib/thumb/v7e-m+fp/hard/libc_nano.a(libc_a-malloc.o)
                              ./Middlewares/Third_Party/OpenAMP/remoteproc_virtio.o (malloc)
/Applications/STM32CubeIDE.app/Contents/Eclipse/plugins/com.st.stm32cube.ide.mcu.externaltools.gnu-tools-for-stm32.12.3.rel1.macos64_1.0.200.202406191456/tools/bin/../lib/gcc/arm-none-eabi/12.3.1/../../../../arm-none-eabi/lib/thumb/v7e-m+fp/hard/libc_nano.a(libc_a-mallocr.o)
                              /Applications/STM32CubeIDE.app/Contents/Eclipse/plugins/com.st.stm32cube.ide.mcu.externaltools.gnu-tools-for-stm32.12.3.rel1.macos64_1.0.200.202406191456/tools/bin/../lib/gcc/arm-none-eabi/12.3.1/../../../../arm-none-eabi/lib/thumb/v7e-m+fp/hard/libc_nano.a(libc_a-malloc.o) (_malloc_r)
/Applications/STM32CubeIDE.app/Contents/Eclipse/plugins/com.st.stm32cube.ide.mcu.externaltools.gnu-tools-for-stm32.12.3.rel1.macos64_1.0.200.202406191456/tools/bin/../lib/gcc/arm-none-eabi/12.3.1/../../../../arm-none-eabi/lib/thumb/v7e-m+fp/hard/libc_nano.a(libc_a-mlock.o)
                              /Applications/STM32CubeIDE.app/Contents/Eclipse/plugins/com.st.stm32cube.ide.mcu.externaltools.gnu-tools-for-stm32.12.3.rel1.macos64_1.0.200.202406191456/tools/bin/../lib/gcc/arm-none-eabi/12.3.1/../../../../arm-none-eabi/lib/thumb/v7e-m+fp/hard/libc_nano.a(libc_a-mallocr.o) (__malloc_lock)
/Applications/STM32CubeIDE.app/Contents/Eclipse/plugins/com.st.stm32cube.ide.mcu.externaltools.gnu-tools-for-stm32.12.3.rel1.macos64_1.0.200.202406191456/tools/bin/../lib/gcc/arm-none-eabi/12.3.1/../../../../arm-none-eabi/lib/thumb/v7e-m+fp/hard/libc_nano.a(libc_a-sprintf.o)
                              ./Core/Src/main.o (sprintf)
/Applications/STM32CubeIDE.app/Contents/Eclipse/plugins/com.st.stm32cube.ide.mcu.externaltools.gnu-tools-for-stm32.12.3.rel1.macos64_1.0.200.202406191456/tools/bin/../lib/gcc/arm-none-eabi/12.3.1/../../../../arm-none-eabi/lib/thumb/v7e-m+fp/hard/libc_nano.a(libc_a-findfp.o)
                              /Applications/STM32CubeIDE.app/Contents/Eclipse/plugins/com.st.stm32cube.ide.mcu.externaltools.gnu-tools-for-stm32.12.3.rel1.macos64_1.0.200.202406191456/tools/bin/../lib/gcc/arm-none-eabi/12.3.1/../../../../arm-none-eabi/lib/thumb/v7e-m+fp/hard/libc_nano.a(libc_a-exit.o) (__stdio_exit_handler)
/Applications/STM32CubeIDE.app/Contents/Eclipse/plugins/com.st.stm32cube.ide.mcu.externaltools.gnu-tools-for-stm32.12.3.rel1.macos64_1.0.200.202406191456/tools/bin/../lib/gcc/arm-none-eabi/12.3.1/../../../../arm-none-eabi/lib/thumb/v7e-m+fp/hard/libc_nano.a(libc_a-fprintf.o)
                              /Applications/STM32CubeIDE.app/Contents/Eclipse/plugins/com.st.stm32cube.ide.mcu.externaltools.gnu-tools-for-stm32.12.3.rel1.macos64_1.0.200.202406191456/tools/bin/../lib/gcc/arm-none-eabi/12.3.1/../../../../arm-none-eabi/lib/thumb/v7e-m+fp/hard/libc_nano.a(libc_a-assert.o) (fiprintf)
/Applications/STM32CubeIDE.app/Contents/Eclipse/plugins/com.st.stm32cube.ide.mcu.externaltools.gnu-tools-for-stm32.12.3.rel1.macos64_1.0.200.202406191456/tools/bin/../lib/gcc/arm-none-eabi/12.3.1/../../../../arm-none-eabi/lib/thumb/v7e-m+fp/hard/libc_nano.a(libc_a-fwalk.o)
                              /Applications/STM32CubeIDE.app/Contents/Eclipse/plugins/com.st.stm32cube.ide.mcu.externaltools.gnu-tools-for-stm32.12.3.rel1.macos64_1.0.200.202406191456/tools/bin/../lib/gcc/arm-none-eabi/12.3.1/../../../../arm-none-eabi/lib/thumb/v7e-m+fp/hard/libc_nano.a(libc_a-findfp.o) (_fwalk_sglue)
/Applications/STM32CubeIDE.app/Contents/Eclipse/plugins/com.st.stm32cube.ide.mcu.externaltools.gnu-tools-for-stm32.12.3.rel1.macos64_1.0.200.202406191456/tools/bin/../lib/gcc/arm-none-eabi/12.3.1/../../../../arm-none-eabi/lib/thumb/v7e-m+fp/hard/libc_nano.a(libc_a-strncmp.o)
[...]
Memory Configuration

Name             Origin             Length             Attributes
FLASH            0x08100000         0x00100000         xr
RAM              0x10000000         0x00048000         xrw
OPENAMP_RSC_TAB  0x38000000         0x00000400         xrw
OPEN_AMP_SHMEM   0x38000400         0x0000fc00         xrw
*default*        0x00000000         0xffffffff

Linker script and memory map

LOAD /Applications/STM32CubeIDE.app/Contents/Eclipse/plugins/com.st.stm32cube.ide.mcu.externaltools.gnu-tools-for-stm32.12.3.rel1.macos64_1.0.200.202406191456/tools/bin/../lib/gcc/arm-none-eabi/12.3.1/thumb/v7e-m+fp/hard/crti.o
LOAD /Applications/STM32CubeIDE.app/Contents/Eclipse/plugins/com.st.stm32cube.ide.mcu.externaltools.gnu-tools-for-stm32.12.3.rel1.macos64_1.0.200.202406191456/tools/bin/../lib/gcc/arm-none-eabi/12.3.1/thumb/v7e-m+fp/hard/crtbegin.o
LOAD /Applications/STM32CubeIDE.app/Contents/Eclipse/plugins/com.st.stm32cube.ide.mcu.externaltools.gnu-tools-for-stm32.12.3.rel1.macos64_1.0.200.202406191456/tools/bin/../lib/gcc/arm-none-eabi/12.3.1/../../../../arm-none-eabi/lib/thumb/v7e-m+fp/hard/crt0.o
LOAD ./Common/Src/system_stm32h7xx_dualcore_boot_cm4_cm7.o
LOAD ./Core/Src/freertos.o
LOAD ./Core/Src/main.o
LOAD ./Core/Src/stm32h7xx_hal_msp.o
LOAD ./Core/Src/stm32h7xx_hal_timebase_tim.o
LOAD ./Core/Src/stm32h7xx_it.o
LOAD ./Core/Src/syscalls.o
LOAD ./Core/Src/sysmem.o
LOAD ./Core/Startup/startup_stm32h745zitx.o
LOAD ./Drivers/STM32H7xx_HAL_Driver/stm32h7xx_hal.o
LOAD ./Drivers/STM32H7xx_HAL_Driver/stm32h7xx_hal_cortex.o
LOAD ./Drivers/STM32H7xx_HAL_Driver/stm32h7xx_hal_dma.o
LOAD ./Drivers/STM32H7xx_HAL_Driver/stm32h7xx_hal_dma_ex.o
LOAD ./Drivers/STM32H7xx_HAL_Driver/stm32h7xx_hal_eth.o
LOAD ./Drivers/STM32H7xx_HAL_Driver/stm32h7xx_hal_eth_ex.o
LOAD ./Drivers/STM32H7xx_HAL_Driver/stm32h7xx_hal_exti.o
LOAD ./Drivers/STM32H7xx_HAL_Driver/stm32h7xx_hal_flash.o
LOAD ./Drivers/STM32H7xx_HAL_Driver/stm32h7xx_hal_flash_ex.o
LOAD ./Drivers/STM32H7xx_HAL_Driver/stm32h7xx_hal_gpio.o
LOAD ./Drivers/STM32H7xx_HAL_Driver/stm32h7xx_hal_hsem.o
LOAD ./Drivers/STM32H7xx_HAL_Driver/stm32h7xx_hal_i2c.o
LOAD ./Drivers/STM32H7xx_HAL_Driver/stm32h7xx_hal_i2c_ex.o
LOAD ./Drivers/STM32H7xx_HAL_Driver/stm32h7xx_hal_mdma.o
LOAD ./Drivers/STM32H7xx_HAL_Driver/stm32h7xx_hal_pwr.o
LOAD ./Drivers/STM32H7xx_HAL_Driver/stm32h7xx_hal_pwr_ex.o
LOAD ./Drivers/STM32H7xx_HAL_Driver/stm32h7xx_hal_rcc.o
LOAD ./Drivers/STM32H7xx_HAL_Driver/stm32h7xx_hal_rcc_ex.o
LOAD ./Drivers/STM32H7xx_HAL_Driver/stm32h7xx_hal_tim.o
LOAD ./Drivers/STM32H7xx_HAL_Driver/stm32h7xx_hal_tim_ex.o
LOAD ./Drivers/STM32H7xx_HAL_Driver/stm32h7xx_hal_uart.o
LOAD ./Drivers/STM32H7xx_HAL_Driver/stm32h7xx_hal_uart_ex.o
LOAD ./Middlewares/Third_Party/FreeRTOS/cmsis_os2.o
LOAD ./Middlewares/Third_Party/FreeRTOS/croutine.o
LOAD ./Middlewares/Third_Party/FreeRTOS/event_groups.o
LOAD ./Middlewares/Third_Party/FreeRTOS/heap_4.o
LOAD ./Middlewares/Third_Party/FreeRTOS/list.o
LOAD ./Middlewares/Third_Party/FreeRTOS/port.o
LOAD ./Middlewares/Third_Party/FreeRTOS/queue.o
LOAD ./Middlewares/Third_Party/FreeRTOS/stream_buffer.o
LOAD ./Middlewares/Third_Party/FreeRTOS/tasks.o
LOAD ./Middlewares/Third_Party/FreeRTOS/timers.o
LOAD ./Middlewares/Third_Party/OpenAMP/condition.o
LOAD ./Middlewares/Third_Party/OpenAMP/device.o
LOAD ./Middlewares/Third_Party/OpenAMP/generic_device.o
LOAD ./Middlewares/Third_Party/OpenAMP/generic_init.o
LOAD ./Middlewares/Third_Party/OpenAMP/generic_io.o
LOAD ./Middlewares/Third_Party/OpenAMP/generic_shmem.o
LOAD ./Middlewares/Third_Party/OpenAMP/init.o
LOAD ./Middlewares/Third_Party/OpenAMP/io.o
LOAD ./Middlewares/Third_Party/OpenAMP/log.o
LOAD ./Middlewares/Third_Party/OpenAMP/remoteproc_virtio.o
LOAD ./Middlewares/Third_Party/OpenAMP/rpmsg.o
LOAD ./Middlewares/Third_Party/OpenAMP/rpmsg_virtio.o
LOAD ./Middlewares/Third_Party/OpenAMP/shmem.o
LOAD ./Middlewares/Third_Party/OpenAMP/sys.o
LOAD ./Middlewares/Third_Party/OpenAMP/time.o
LOAD ./Middlewares/Third_Party/OpenAMP/virtio.o
LOAD ./Middlewares/Third_Party/OpenAMP/virtqueue.o
LOAD ./OPENAMP/mbox_hsem.o
LOAD ./OPENAMP/openamp.o
LOAD ./OPENAMP/rsc_table.o
START GROUP
LOAD /Applications/STM32CubeIDE.app/Contents/Eclipse/plugins/com.st.stm32cube.ide.mcu.externaltools.gnu-tools-for-stm32.12.3.rel1.macos64_1.0.200.202406191456/tools/bin/../lib/gcc/arm-none-eabi/12.3.1/../../../../arm-none-eabi/lib/thumb/v7e-m+fp/hard/libc_nano.a
LOAD /Applications/STM32CubeIDE.app/Contents/Eclipse/plugins/com.st.stm32cube.ide.mcu.externaltools.gnu-tools-for-stm32.12.3.rel1.macos64_1.0.200.202406191456/tools/bin/../lib/gcc/arm-none-eabi/12.3.1/../../../../arm-none-eabi/lib/thumb/v7e-m+fp/hard/libm.a
END GROUP
START GROUP
LOAD /Applications/STM32CubeIDE.app/Contents/Eclipse/plugins/com.st.stm32cube.ide.mcu.externaltools.gnu-tools-for-stm32.12.3.rel1.macos64_1.0.200.202406191456/tools/bin/../lib/gcc/arm-none-eabi/12.3.1/thumb/v7e-m+fp/hard/libgcc.a
LOAD /Applications/STM32CubeIDE.app/Contents/Eclipse/plugins/com.st.stm32cube.ide.mcu.externaltools.gnu-tools-for-stm32.12.3.rel1.macos64_1.0.200.202406191456/tools/bin/../lib/gcc/arm-none-eabi/12.3.1/../../../../arm-none-eabi/lib/thumb/v7e-m+fp/hard/libc_nano.a
END GROUP
START GROUP
LOAD /Applications/STM32CubeIDE.app/Contents/Eclipse/plugins/com.st.stm32cube.ide.mcu.externaltools.gnu-tools-for-stm32.12.3.rel1.macos64_1.0.200.202406191456/tools/bin/../lib/gcc/arm-none-eabi/12.3.1/thumb/v7e-m+fp/hard/libgcc.a
LOAD /Applications/STM32CubeIDE.app/Contents/Eclipse/plugins/com.st.stm32cube.ide.mcu.externaltools.gnu-tools-for-stm32.12.3.rel1.macos64_1.0.200.202406191456/tools/bin/../lib/gcc/arm-none-eabi/12.3.1/../../../../arm-none-eabi/lib/thumb/v7e-m+fp/hard/libc_nano.a
LOAD /Applications/STM32CubeIDE.app/Contents/Eclipse/plugins/com.st.stm32cube.ide.mcu.externaltools.gnu-tools-for-stm32.12.3.rel1.macos64_1.0.200.202406191456/tools/bin/../lib/gcc/arm-none-eabi/12.3.1/../../../../arm-none-eabi/lib/thumb/v7e-m+fp/hard/libnosys.a
END GROUP
START GROUP
LOAD /Applications/STM32CubeIDE.app/Contents/Eclipse/plugins/com.st.stm32cube.ide.mcu.externaltools.gnu-tools-for-stm32.12.3.rel1.macos64_1.0.200.202406191456/tools/bin/../lib/gcc/arm-none-eabi/12.3.1/thumb/v7e-m+fp/hard/libgcc.a
LOAD /Applications/STM32CubeIDE.app/Contents/Eclipse/plugins/com.st.stm32cube.ide.mcu.externaltools.gnu-tools-for-stm32.12.3.rel1.macos64_1.0.200.202406191456/tools/bin/../lib/gcc/arm-none-eabi/12.3.1/../../../../arm-none-eabi/lib/thumb/v7e-m+fp/hard/libc_nano.a
LOAD /Applications/STM32CubeIDE.app/Contents/Eclipse/plugins/com.st.stm32cube.ide.mcu.externaltools.gnu-tools-for-stm32.12.3.rel1.macos64_1.0.200.202406191456/tools/bin/../lib/gcc/arm-none-eabi/12.3.1/../../../../arm-none-eabi/lib/thumb/v7e-m+fp/hard/libnosys.a
END GROUP
LOAD /Applications/STM32CubeIDE.app/Contents/Eclipse/plugins/com.st.stm32cube.ide.mcu.externaltools.gnu-tools-for-stm32.12.3.rel1.macos64_1.0.200.202406191456/tools/bin/../lib/gcc/arm-none-eabi/12.3.1/thumb/v7e-m+fp/hard/crtend.o
LOAD /Applications/STM32CubeIDE.app/Contents/Eclipse/plugins/com.st.stm32cube.ide.mcu.externaltools.gnu-tools-for-stm32.12.3.rel1.macos64_1.0.200.202406191456/tools/bin/../lib/gcc/arm-none-eabi/12.3.1/thumb/v7e-m+fp/hard/crtn.o
                0x10048000                        _estack = (ORIGIN (RAM) + LENGTH (RAM))
                0x00000200                        _Min_Heap_Size = 0x200
                0x00000400                        _Min_Stack_Size = 0x400
                0x38000400                        __OPENAMP_region_start__ = ORIGIN (OPEN_AMP_SHMEM)
                0x38010000                        __OPENAMP_region_end__ = (ORIGIN (OPEN_AMP_SHMEM) + LENGTH (OPEN_AMP_SHMEM))

.isr_vector     0x08100000      0x298
                0x08100000                        . = ALIGN (0x4)
 *(.isr_vector)
 .isr_vector    0x08100000      0x298 ./Core/Startup/startup_stm32h745zitx.o
                0x08100000                g_pfnVectors
                0x08100298                        . = ALIGN (0x4)

.text           0x081002a0     0xbce8
                0x081002a0                        . = ALIGN (0x4)
 *(.text)
 .text          0x081002a0       0x40 /Applications/STM32CubeIDE.app/Contents/Eclipse/plugins/com.st.stm32cube.ide.mcu.externaltools.gnu-tools-for-stm32.12.3.rel1.macos64_1.0.200.202406191456/tools/bin/../lib/gcc/arm-none-eabi/12.3.1/thumb/v7e-m+fp/hard/crtbegin.o
 .text          0x081002e0       0x10 /Applications/STM32CubeIDE.app/Contents/Eclipse/plugins/com.st.stm32cube.ide.mcu.externaltools.gnu-tools-for-stm32.12.3.rel1.macos64_1.0.200.202406191456/tools/bin/../lib/gcc/arm-none-eabi/12.3.1/../../../../arm-none-eabi/lib/thumb/v7e-m+fp/hard/libc_nano.a(libc_a-strlen.o)
                0x081002e0                strlen
 .text          0x081002f0       0x14 /Applications/STM32CubeIDE.app/Contents/Eclipse/plugins/com.st.stm32cube.ide.mcu.externaltools.gnu-tools-for-stm32.12.3.rel1.macos64_1.0.200.202406191456/tools/bin/../lib/gcc/arm-none-eabi/12.3.1/../../../../arm-none-eabi/lib/thumb/v7e-m+fp/hard/libc_nano.a(libc_a-strcmp.o)
                0x081002f0                strcmp
 *fill*         0x08100304        0xc 
 .text          0x08100310       0xa0 /Applications/STM32CubeIDE.app/Contents/Eclipse/plugins/com.st.stm32cube.ide.mcu.externaltools.gnu-tools-for-stm32.12.3.rel1.macos64_1.0.200.202406191456/tools/bin/../lib/gcc/arm-none-eabi/12.3.1/../../../../arm-none-eabi/lib/thumb/v7e-m+fp/hard/libc_nano.a(libc_a-memchr.o)
                0x08100310                memchr
 .text          0x081003b0       0x30 /Applications/STM32CubeIDE.app/Contents/Eclipse/plugins/com.st.stm32cube.ide.mcu.externaltools.gnu-tools-for-stm32.12.3.rel1.macos64_1.0.200.202406191456/tools/bin/../lib/gcc/arm-none-eabi/12.3.1/thumb/v7e-m+fp/hard/libgcc.a(_aeabi_uldivmod.o)
                0x081003b0                __aeabi_uldivmod
 .text          0x081003e0      0x2bc /Applications/STM32CubeIDE.app/Contents/Eclipse/plugins/com.st.stm32cube.ide.mcu.externaltools.gnu-tools-for-stm32.12.3.rel1.macos64_1.0.200.202406191456/tools/bin/../lib/gcc/arm-none-eabi/12.3.1/thumb/v7e-m+fp/hard/libgcc.a(_udivmoddi4.o)
                0x081003e0                __udivmoddi4
 .text          0x0810069c        0x4 /Applications/STM32CubeIDE.app/Contents/Eclipse/plugins/com.st.stm32cube.ide.mcu.externaltools.gnu-tools-for-stm32.12.3.rel1.macos64_1.0.200.202406191456/tools/bin/../lib/gcc/arm-none-eabi/12.3.1/thumb/v7e-m+fp/hard/libgcc.a(_dvmd_tls.o)
                0x0810069c                __aeabi_ldiv0
                0x0810069c                __aeabi_idiv0
 *(.text*)
 .text.SystemInit
                0x081006a0       0x30 ./Common/Src/system_stm32h7xx_dualcore_boot_cm4_cm7.o
                0x081006a0                SystemInit
 .text.main     0x081006d0       0xdc ./Core/Src/main.o
                0x081006d0                main
 .text.MX_USART3_UART_Init
                0x081007ac       0x98 ./Core/Src/main.o
                0x081007ac                MX_USART3_UART_Init
 .text.MX_GPIO_Init
                0x08100844       0xd4 ./Core/Src/main.o
 .text.rpmsg_recv_callback
                0x08100918       0x3c ./Core/Src/main.o
 .text.StartRxTask
                0x08100954       0x78 ./Core/Src/main.o
                0x08100954                StartRxTask
 .text.StartTxTask
                0x081009cc       0x7c ./Core/Src/main.o
                0x081009cc                StartTxTask
 .text.HAL_TIM_PeriodElapsedCallback
                0x08100a48       0x24 ./Core/Src/main.o
                0x08100a48                HAL_TIM_PeriodElapsedCallback
 .text.Error_Handler
                0x08100a6c        0xc ./Core/Src/main.o
                0x08100a6c                Error_Handler
 .text.HAL_MspInit
                0x08100a78       0x4c ./Core/Src/stm32h7xx_hal_msp.o
                0x08100a78                HAL_MspInit
 .text.HAL_UART_MspInit
                0x08100ac4       0xd4 ./Core/Src/stm32h7xx_hal_msp.o
                0x08100ac4                HAL_UART_MspInit
 .text.HAL_InitTick
                0x08100b98       0xd8 ./Core/Src/stm32h7xx_hal_timebase_tim.o
                0x08100b98                HAL_InitTick
 .text.NMI_Handler
                0x08100c70        0x8 ./Core/Src/stm32h7xx_it.o
                0x08100c70                NMI_Handler
 .text.HardFault_Handler
                0x08100c78        0x8 ./Core/Src/stm32h7xx_it.o
                0x08100c78                HardFault_Handler
 .text.MemManage_Handler
                0x08100c80        0x8 ./Core/Src/stm32h7xx_it.o
                0x08100c80                MemManage_Handler
 .text.BusFault_Handler
                0x08100c88        0x8 ./Core/Src/stm32h7xx_it.o
                0x08100c88                BusFault_Handler
 .text.UsageFault_Handler
                0x08100c90        0x8 ./Core/Src/stm32h7xx_it.o
                0x08100c90                UsageFault_Handler
 .text.DebugMon_Handler
                0x08100c98        0xe ./Core/Src/stm32h7xx_it.o
                0x08100c98                DebugMon_Handler
 *fill*         0x08100ca6        0x2 
 .text.TIM7_IRQHandler
                0x08100ca8       0x14 ./Core/Src/stm32h7xx_it.o
                0x08100ca8                TIM7_IRQHandler
 .text.HSEM2_IRQHandler
                0x08100cbc        0xc ./Core/Src/stm32h7xx_it.o
                0x08100cbc                HSEM2_IRQHandler
 .text._getpid  0x08100cc8       0x10 ./Core/Src/syscalls.o
                0x08100cc8                _getpid
 .text._kill    0x08100cd8       0x20 ./Core/Src/syscalls.o
                0x08100cd8                _kill
 .text._exit    0x08100cf8       0x16 ./Core/Src/syscalls.o
                0x08100cf8                _exit
 .text._read    0x08100d0e       0x3a ./Core/Src/syscalls.o
                0x08100d0e                _read
 .text._write   0x08100d48       0x38 ./Core/Src/syscalls.o
                0x08100d48                _write
 .text._close   0x08100d80       0x18 ./Core/Src/syscalls.o
                0x08100d80                _close
 .text._fstat   0x08100d98       0x20 ./Core/Src/syscalls.o
                0x08100d98                _fstat
 .text._isatty  0x08100db8       0x16 ./Core/Src/syscalls.o
                0x08100db8                _isatty
 .text._lseek   0x08100dce       0x1a ./Core/Src/syscalls.o
                0x08100dce                _lseek
 .text._sbrk    0x08100de8       0x6c ./Core/Src/sysmem.o
                0x08100de8                _sbrk
 .text.Reset_Handler
                0x08100e54       0x50 ./Core/Startup/startup_stm32h745zitx.o
                0x08100e54                Reset_Handler
 .text.Default_Handler
                0x08100ea4        0x2 ./Core/Startup/startup_stm32h745zitx.o
                0x08100ea4                DMA1_Stream3_IRQHandler
                0x08100ea4                EXTI2_IRQHandler
                0x08100ea4                TIM8_CC_IRQHandler
                0x08100ea4                HRTIM1_Master_IRQHandler
                0x08100ea4                UART8_IRQHandler
                0x08100ea4                SPI4_IRQHandler
                0x08100ea4                TIM1_CC_IRQHandler
                0x08100ea4                BDMA_Channel6_IRQHandler
                0x08100ea4                DMA2_Stream5_IRQHandler
                0x08100ea4                HRTIM1_FLT_IRQHandler
                0x08100ea4                JPEG_IRQHandler
                0x08100ea4                DMA1_Stream5_IRQHandler
                0x08100ea4                BDMA_Channel1_IRQHandler
                0x08100ea4                HRTIM1_TIMD_IRQHandler
                0x08100ea4                TAMP_STAMP_IRQHandler
                0x08100ea4                EXTI3_IRQHandler
                0x08100ea4                LPTIM4_IRQHandler
                0x08100ea4                TIM8_TRG_COM_TIM14_IRQHandler
                0x08100ea4                LPTIM2_IRQHandler
                0x08100ea4                DFSDM1_FLT1_IRQHandler
                0x08100ea4                DMAMUX2_OVR_IRQHandler
                0x08100ea4                TIM8_UP_TIM13_IRQHandler
                0x08100ea4                I2C3_ER_IRQHandler
                0x08100ea4                DFSDM1_FLT2_IRQHandler
                0x08100ea4                MDMA_IRQHandler
                0x08100ea4                LPTIM3_IRQHandler
                0x08100ea4                HSEM1_IRQHandler
                0x08100ea4                EXTI0_IRQHandler
                0x08100ea4                I2C2_EV_IRQHandler
                0x08100ea4                DMA1_Stream2_IRQHandler
                0x08100ea4                FPU_IRQHandler
                0x08100ea4                OTG_HS_WKUP_IRQHandler
                0x08100ea4                FDCAN1_IT1_IRQHandler
                0x08100ea4                LTDC_ER_IRQHandler
                0x08100ea4                DMA2_Stream2_IRQHandler
                0x08100ea4                HRTIM1_TIME_IRQHandler
                0x08100ea4                SPI1_IRQHandler
                0x08100ea4                TIM6_DAC_IRQHandler
                0x08100ea4                DCMI_IRQHandler
                0x08100ea4                HRTIM1_TIMC_IRQHandler
                0x08100ea4                DMA2_Stream3_IRQHandler
                0x08100ea4                SAI2_IRQHandler
                0x08100ea4                DFSDM1_FLT3_IRQHandler
                0x08100ea4                USART6_IRQHandler
                0x08100ea4                TIM17_IRQHandler
                0x08100ea4                USART3_IRQHandler
                0x08100ea4                BDMA_Channel7_IRQHandler
                0x08100ea4                LPTIM5_IRQHandler
                0x08100ea4                UART5_IRQHandler
                0x08100ea4                ADC3_IRQHandler
                0x08100ea4                DMA2_Stream0_IRQHandler
                0x08100ea4                TIM4_IRQHandler
                0x08100ea4                BDMA_Channel2_IRQHandler
                0x08100ea4                QUADSPI_IRQHandler
                0x08100ea4                I2C1_EV_IRQHandler
                0x08100ea4                DMA1_Stream6_IRQHandler
                0x08100ea4                DMAMUX1_OVR_IRQHandler
                0x08100ea4                DMA1_Stream1_IRQHandler
                0x08100ea4                TIM16_IRQHandler
                0x08100ea4                UART4_IRQHandler
                0x08100ea4                BDMA_Channel5_IRQHandler
                0x08100ea4                TIM3_IRQHandler
                0x08100ea4                RCC_IRQHandler
                0x08100ea4                TIM8_BRK_TIM12_IRQHandler
                0x08100ea4                TIM1_TRG_COM_IRQHandler
                0x08100ea4                Default_Handler
                0x08100ea4                ECC_IRQHandler
                0x08100ea4                CEC_IRQHandler
                0x08100ea4                EXTI15_10_IRQHandler
                0x08100ea4                BDMA_Channel0_IRQHandler
                0x08100ea4                ADC_IRQHandler
                0x08100ea4                DMA1_Stream7_IRQHandler
                0x08100ea4                HRTIM1_TIMA_IRQHandler
                0x08100ea4                SPI5_IRQHandler
                0x08100ea4                SDMMC1_IRQHandler
                0x08100ea4                TIM5_IRQHandler
                0x08100ea4                DMA2_Stream7_IRQHandler
                0x08100ea4                TIM15_IRQHandler
                0x08100ea4                PVD_AVD_IRQHandler
                0x08100ea4                I2C3_EV_IRQHandler
                0x08100ea4                EXTI9_5_IRQHandler
                0x08100ea4                RTC_WKUP_IRQHandler
                0x08100ea4                LTDC_IRQHandler
                0x08100ea4                SAI3_IRQHandler
                0x08100ea4                ETH_WKUP_IRQHandler
                0x08100ea4                SPDIF_RX_IRQHandler
                0x08100ea4                SPI2_IRQHandler
                0x08100ea4                OTG_HS_EP1_IN_IRQHandler
                0x08100ea4                DMA1_Stream0_IRQHandler
                0x08100ea4                CRS_IRQHandler
                0x08100ea4                CM7_SEV_IRQHandler
                0x08100ea4                EXTI4_IRQHandler
                0x08100ea4                RNG_IRQHandler
                0x08100ea4                CM4_SEV_IRQHandler
                0x08100ea4                HRTIM1_TIMB_IRQHandler
                0x08100ea4                FDCAN2_IT1_IRQHandler
                0x08100ea4                ETH_IRQHandler
                0x08100ea4                TIM1_UP_IRQHandler
                0x08100ea4                WWDG_RST_IRQHandler
                0x08100ea4                BDMA_Channel4_IRQHandler
                0x08100ea4                OTG_HS_EP1_OUT_IRQHandler
                0x08100ea4                WWDG_IRQHandler
                0x08100ea4                SPI6_IRQHandler
                0x08100ea4                MDIOS_IRQHandler
                0x08100ea4                I2C4_EV_IRQHandler
                0x08100ea4                FDCAN2_IT0_IRQHandler
                0x08100ea4                LPUART1_IRQHandler
                0x08100ea4                FDCAN1_IT0_IRQHandler
                0x08100ea4                TIM2_IRQHandler
                0x08100ea4                OTG_FS_WKUP_IRQHandler
                0x08100ea4                OTG_HS_IRQHandler
                0x08100ea4                DMA2D_IRQHandler
                0x08100ea4                TIM1_BRK_IRQHandler
                0x08100ea4                EXTI1_IRQHandler
                0x08100ea4                SDMMC2_IRQHandler
                0x08100ea4                OTG_FS_EP1_OUT_IRQHandler
                0x08100ea4                BDMA_Channel3_IRQHandler
                0x08100ea4                HOLD_CORE_IRQHandler
                0x08100ea4                UART7_IRQHandler
                0x08100ea4                MDIOS_WKUP_IRQHandler
                0x08100ea4                USART2_IRQHandler
                0x08100ea4                DFSDM1_FLT0_IRQHandler
                0x08100ea4                SAI4_IRQHandler
                0x08100ea4                I2C2_ER_IRQHandler
                0x08100ea4                DMA2_Stream1_IRQHandler
                0x08100ea4                FLASH_IRQHandler
                0x08100ea4                DMA2_Stream4_IRQHandler
                0x08100ea4                USART1_IRQHandler
                0x08100ea4                OTG_FS_IRQHandler
                0x08100ea4                SPI3_IRQHandler
                0x08100ea4                WAKEUP_PIN_IRQHandler
                0x08100ea4                DMA1_Stream4_IRQHandler
                0x08100ea4                OTG_FS_EP1_IN_IRQHandler
                0x08100ea4                I2C1_ER_IRQHandler
                0x08100ea4                FMC_IRQHandler
                0x08100ea4                FDCAN_CAL_IRQHandler
                0x08100ea4                SWPMI1_IRQHandler
                0x08100ea4                COMP1_IRQHandler
                0x08100ea4                LPTIM1_IRQHandler
                0x08100ea4                I2C4_ER_IRQHandler
                0x08100ea4                DMA2_Stream6_IRQHandler
                0x08100ea4                SAI1_IRQHandler
                0x08100ea4                RTC_Alarm_IRQHandler
 *fill*         0x08100ea6        0x2 
 .text.HAL_Init
                0x08100ea8       0xbc ./Drivers/STM32H7xx_HAL_Driver/stm32h7xx_hal.o
                0x08100ea8                HAL_Init
 .text.HAL_IncTick
                0x08100f64       0x28 ./Drivers/STM32H7xx_HAL_Driver/stm32h7xx_hal.o
                0x08100f64                HAL_IncTick
 .text.HAL_GetTick
                0x08100f8c       0x18 ./Drivers/STM32H7xx_HAL_Driver/stm32h7xx_hal.o
                0x08100f8c                HAL_GetTick
 .text.__NVIC_SetPriorityGrouping
                0x08100fa4       0x48 ./Drivers/STM32H7xx_HAL_Driver/stm32h7xx_hal_cortex.o
 .text.__NVIC_GetPriorityGrouping
                0x08100fec       0x1c ./Drivers/STM32H7xx_HAL_Driver/stm32h7xx_hal_cortex.o
 .text.__NVIC_EnableIRQ
                0x08101008       0x3c ./Drivers/STM32H7xx_HAL_Driver/stm32h7xx_hal_cortex.o
 .text.__NVIC_SetPriority
                0x08101044       0x54 ./Drivers/STM32H7xx_HAL_Driver/stm32h7xx_hal_cortex.o
 .text.NVIC_EncodePriority
                0x08101098       0x66 ./Drivers/STM32H7xx_HAL_Driver/stm32h7xx_hal_cortex.o
 .text.HAL_NVIC_SetPriorityGrouping
                0x081010fe       0x16 ./Drivers/STM32H7xx_HAL_Driver/stm32h7xx_hal_cortex.o
                0x081010fe                HAL_NVIC_SetPriorityGrouping
 .text.HAL_NVIC_SetPriority
                0x08101114       0x34 ./Drivers/STM32H7xx_HAL_Driver/stm32h7xx_hal_cortex.o
                0x08101114                HAL_NVIC_SetPriority
 .text.HAL_NVIC_EnableIRQ
                0x08101148       0x1c ./Drivers/STM32H7xx_HAL_Driver/stm32h7xx_hal_cortex.o
                0x08101148                HAL_NVIC_EnableIRQ
 .text.HAL_GetCurrentCPUID
                0x08101164       0x28 ./Drivers/STM32H7xx_HAL_Driver/stm32h7xx_hal_cortex.o
                0x08101164                HAL_GetCurrentCPUID
 .text.HAL_GPIO_Init
                0x0810118c      0x360 ./Drivers/STM32H7xx_HAL_Driver/stm32h7xx_hal_gpio.o
                0x0810118c                HAL_GPIO_Init
 .text.HAL_GPIO_WritePin
                0x081014ec       0x32 ./Drivers/STM32H7xx_HAL_Driver/stm32h7xx_hal_gpio.o
                0x081014ec                HAL_GPIO_WritePin
 .text.HAL_GPIO_TogglePin
                0x0810151e       0x34 ./Drivers/STM32H7xx_HAL_Driver/stm32h7xx_hal_gpio.o
                0x0810151e                HAL_GPIO_TogglePin
 *fill*         0x08101552        0x2 
 .text.HAL_HSEM_FastTake
                0x08101554       0x34 ./Drivers/STM32H7xx_HAL_Driver/stm32h7xx_hal_hsem.o
                0x08101554                HAL_HSEM_FastTake
 .text.HAL_HSEM_Release
                0x08101588       0x28 ./Drivers/STM32H7xx_HAL_Driver/stm32h7xx_hal_hsem.o
                0x08101588                HAL_HSEM_Release
 .text.HAL_HSEM_ActivateNotification
                0x081015b0       0x24 ./Drivers/STM32H7xx_HAL_Driver/stm32h7xx_hal_hsem.o
                0x081015b0                HAL_HSEM_ActivateNotification
 .text.HAL_HSEM_IRQHandler
                0x081015d4       0x34 ./Drivers/STM32H7xx_HAL_Driver/stm32h7xx_hal_hsem.o
                0x081015d4                HAL_HSEM_IRQHandler
 .text.HAL_PWREx_EnterSTOPMode
                0x08101608       0xf4 ./Drivers/STM32H7xx_HAL_Driver/stm32h7xx_hal_pwr_ex.o
                0x08101608                HAL_PWREx_EnterSTOPMode
 .text.HAL_PWREx_ClearPendingEvent
                0x081016fc       0x1a ./Drivers/STM32H7xx_HAL_Driver/stm32h7xx_hal_pwr_ex.o
                0x081016fc                HAL_PWREx_ClearPendingEvent
 *fill*         0x08101716        0x2 
 .text.HAL_RCC_GetSysClockFreq
                0x08101718      0x2f4 ./Drivers/STM32H7xx_HAL_Driver/stm32h7xx_hal_rcc.o
                0x08101718                HAL_RCC_GetSysClockFreq
 .text.HAL_RCC_GetHCLKFreq
                0x08101a0c       0x64 ./Drivers/STM32H7xx_HAL_Driver/stm32h7xx_hal_rcc.o
                0x08101a0c                HAL_RCC_GetHCLKFreq
 .text.HAL_RCC_GetPCLK1Freq
                0x08101a70       0x2c ./Drivers/STM32H7xx_HAL_Driver/stm32h7xx_hal_rcc.o
                0x08101a70                HAL_RCC_GetPCLK1Freq
 .text.HAL_RCC_GetPCLK2Freq
                0x08101a9c       0x2c ./Drivers/STM32H7xx_HAL_Driver/stm32h7xx_hal_rcc.o
                0x08101a9c                HAL_RCC_GetPCLK2Freq
 .text.HAL_RCC_GetClockConfig
                0x08101ac8       0x84 ./Drivers/STM32H7xx_HAL_Driver/stm32h7xx_hal_rcc.o
                0x08101ac8                HAL_RCC_GetClockConfig
 .text.HAL_RCCEx_PeriphCLKConfig
                0x08101b4c     0x1414 ./Drivers/STM32H7xx_HAL_Driver/stm32h7xx_hal_rcc_ex.o
                0x08101b4c                HAL_RCCEx_PeriphCLKConfig
 .text.HAL_RCCEx_GetD3PCLK1Freq
                0x08102f60       0x2c ./Drivers/STM32H7xx_HAL_Driver/stm32h7xx_hal_rcc_ex.o
                0x08102f60                HAL_RCCEx_GetD3PCLK1Freq
 .text.HAL_RCCEx_GetPLL2ClockFreq
                0x08102f8c      0x2a8 ./Drivers/STM32H7xx_HAL_Driver/stm32h7xx_hal_rcc_ex.o
                0x08102f8c                HAL_RCCEx_GetPLL2ClockFreq
 .text.HAL_RCCEx_GetPLL3ClockFreq
                0x08103234      0x2a8 ./Drivers/STM32H7xx_HAL_Driver/stm32h7xx_hal_rcc_ex.o
                0x08103234                HAL_RCCEx_GetPLL3ClockFreq
 .text.RCCEx_PLL2_Config
                0x081034dc      0x164 ./Drivers/STM32H7xx_HAL_Driver/stm32h7xx_hal_rcc_ex.o
 .text.RCCEx_PLL3_Config
                0x08103640      0x164 ./Drivers/STM32H7xx_HAL_Driver/stm32h7xx_hal_rcc_ex.o
 .text.HAL_TIM_Base_Init
                0x081037a4       0xae ./Drivers/STM32H7xx_HAL_Driver/stm32h7xx_hal_tim.o
                0x081037a4                HAL_TIM_Base_Init
 .text.HAL_TIM_Base_MspInit
                0x08103852       0x14 ./Drivers/STM32H7xx_HAL_Driver/stm32h7xx_hal_tim.o
                0x08103852                HAL_TIM_Base_MspInit
 *fill*         0x08103866        0x2 
 .text.HAL_TIM_Base_Start_IT
                0x08103868       0xf0 ./Drivers/STM32H7xx_HAL_Driver/stm32h7xx_hal_tim.o
                0x08103868                HAL_TIM_Base_Start_IT
 .text.HAL_TIM_IRQHandler
                0x08103958      0x20e ./Drivers/STM32H7xx_HAL_Driver/stm32h7xx_hal_tim.o
                0x08103958                HAL_TIM_IRQHandler
 .text.HAL_TIM_OC_DelayElapsedCallback
                0x08103b66       0x14 ./Drivers/STM32H7xx_HAL_Driver/stm32h7xx_hal_tim.o
                0x08103b66                HAL_TIM_OC_DelayElapsedCallback
 .text.HAL_TIM_IC_CaptureCallback
                0x08103b7a       0x14 ./Drivers/STM32H7xx_HAL_Driver/stm32h7xx_hal_tim.o
                0x08103b7a                HAL_TIM_IC_CaptureCallback
 .text.HAL_TIM_PWM_PulseFinishedCallback
                0x08103b8e       0x14 ./Drivers/STM32H7xx_HAL_Driver/stm32h7xx_hal_tim.o
                0x08103b8e                HAL_TIM_PWM_PulseFinishedCallback
 .text.HAL_TIM_TriggerCallback
                0x08103ba2       0x14 ./Drivers/STM32H7xx_HAL_Driver/stm32h7xx_hal_tim.o
                0x08103ba2                HAL_TIM_TriggerCallback
 *fill*         0x08103bb6        0x2 
 .text.TIM_Base_SetConfig
                0x08103bb8      0x14c ./Drivers/STM32H7xx_HAL_Driver/stm32h7xx_hal_tim.o
                0x08103bb8                TIM_Base_SetConfig
 .text.HAL_TIMEx_CommutCallback
                0x08103d04       0x14 ./Drivers/STM32H7xx_HAL_Driver/stm32h7xx_hal_tim_ex.o
                0x08103d04                HAL_TIMEx_CommutCallback
 .text.HAL_TIMEx_BreakCallback
                0x08103d18       0x14 ./Drivers/STM32H7xx_HAL_Driver/stm32h7xx_hal_tim_ex.o
                0x08103d18                HAL_TIMEx_BreakCallback
 .text.HAL_TIMEx_Break2Callback
                0x08103d2c       0x14 ./Drivers/STM32H7xx_HAL_Driver/stm32h7xx_hal_tim_ex.o
                0x08103d2c                HAL_TIMEx_Break2Callback
 .text.HAL_UART_Init
                0x08103d40       0xa0 ./Drivers/STM32H7xx_HAL_Driver/stm32h7xx_hal_uart.o
                0x08103d40                HAL_UART_Init
 .text.HAL_UART_Transmit
                0x08103de0      0x11c ./Drivers/STM32H7xx_HAL_Driver/stm32h7xx_hal_uart.o
                0x08103de0                HAL_UART_Transmit
 .text.UART_SetConfig
                0x08103efc      0xad0 ./Drivers/STM32H7xx_HAL_Driver/stm32h7xx_hal_uart.o
                0x08103efc                UART_SetConfig
 .text.UART_AdvFeatureConfig
                0x081049cc      0x144 ./Drivers/STM32H7xx_HAL_Driver/stm32h7xx_hal_uart.o
                0x081049cc                UART_AdvFeatureConfig
 .text.UART_CheckIdleState
                0x08104b10      0x154 ./Drivers/STM32H7xx_HAL_Driver/stm32h7xx_hal_uart.o
                0x08104b10                UART_CheckIdleState
 .text.UART_WaitOnFlagUntilTimeout
                0x08104c64       0xda ./Drivers/STM32H7xx_HAL_Driver/stm32h7xx_hal_uart.o
                0x08104c64                UART_WaitOnFlagUntilTimeout
 .text.UART_EndRxTransfer
                0x08104d3e       0xcc ./Drivers/STM32H7xx_HAL_Driver/stm32h7xx_hal_uart.o
 .text.HAL_UARTEx_DisableFifoMode
                0x08104e0a       0x72 ./Drivers/STM32H7xx_HAL_Driver/stm32h7xx_hal_uart_ex.o
                0x08104e0a                HAL_UARTEx_DisableFifoMode
 .text.HAL_UARTEx_SetTxFifoThreshold
                0x08104e7c       0x7c ./Drivers/STM32H7xx_HAL_Driver/stm32h7xx_hal_uart_ex.o
                0x08104e7c                HAL_UARTEx_SetTxFifoThreshold
 .text.HAL_UARTEx_SetRxFifoThreshold
                0x08104ef8       0x7c ./Drivers/STM32H7xx_HAL_Driver/stm32h7xx_hal_uart_ex.o
                0x08104ef8                HAL_UARTEx_SetRxFifoThreshold
 .text.UARTEx_SetNbDataToProcess
                0x08104f74       0x9c ./Drivers/STM32H7xx_HAL_Driver/stm32h7xx_hal_uart_ex.o
 .text.__NVIC_SetPriority
                0x08105010       0x54 ./Middlewares/Third_Party/FreeRTOS/cmsis_os2.o
 .text.SysTick_Handler
                0x08105064       0x20 ./Middlewares/Third_Party/FreeRTOS/cmsis_os2.o
                0x08105064                SysTick_Handler
 .text.SVC_Setup
                0x08105084       0x12 ./Middlewares/Third_Party/FreeRTOS/cmsis_os2.o
 *fill*         0x08105096        0x2 
 .text.osKernelInitialize
                0x08105098       0x48 ./Middlewares/Third_Party/FreeRTOS/cmsis_os2.o
                0x08105098                osKernelInitialize
 .text.osKernelStart
                0x081050e0       0x4c ./Middlewares/Third_Party/FreeRTOS/cmsis_os2.o
                0x081050e0                osKernelStart
 .text.osThreadNew
                0x0810512c      0x124 ./Middlewares/Third_Party/FreeRTOS/cmsis_os2.o
                0x0810512c                osThreadNew
 .text.osDelay  0x08105250       0x36 ./Middlewares/Third_Party/FreeRTOS/cmsis_os2.o
                0x08105250                osDelay
 .text.osSemaphoreNew
                0x08105286      0x112 ./Middlewares/Third_Party/FreeRTOS/cmsis_os2.o
                0x08105286                osSemaphoreNew
 .text.osSemaphoreAcquire
                0x08105398       0xa4 ./Middlewares/Third_Party/FreeRTOS/cmsis_os2.o
                0x08105398                osSemaphoreAcquire
 .text.osSemaphoreRelease
                0x0810543c       0x88 ./Middlewares/Third_Party/FreeRTOS/cmsis_os2.o
                0x0810543c                osSemaphoreRelease
 .text.vApplicationGetIdleTaskMemory
                0x081054c4       0x34 ./Middlewares/Third_Party/FreeRTOS/cmsis_os2.o
                0x081054c4                vApplicationGetIdleTaskMemory
 .text.vApplicationGetTimerTaskMemory
                0x081054f8       0x34 ./Middlewares/Third_Party/FreeRTOS/cmsis_os2.o
                0x081054f8                vApplicationGetTimerTaskMemory
 .text.pvPortMalloc
                0x0810552c      0x19c ./Middlewares/Third_Party/FreeRTOS/heap_4.o
                0x0810552c                pvPortMalloc
 .text.vPortFree
                0x081056c8       0xc8 ./Middlewares/Third_Party/FreeRTOS/heap_4.o
                0x081056c8                vPortFree
 .text.prvHeapInit
                0x08105790       0xc4 ./Middlewares/Third_Party/FreeRTOS/heap_4.o
 .text.prvInsertBlockIntoFreeList
                0x08105854       0xb4 ./Middlewares/Third_Party/FreeRTOS/heap_4.o
 .text.vListInitialise
                0x08105908       0x40 ./Middlewares/Third_Party/FreeRTOS/list.o
                0x08105908                vListInitialise
 .text.vListInitialiseItem
                0x08105948       0x1a ./Middlewares/Third_Party/FreeRTOS/list.o
                0x08105948                vListInitialiseItem
 .text.vListInsertEnd
                0x08105962       0x48 ./Middlewares/Third_Party/FreeRTOS/list.o
                0x08105962                vListInsertEnd
 .text.vListInsert
                0x081059aa       0x72 ./Middlewares/Third_Party/FreeRTOS/list.o
                0x081059aa                vListInsert
 .text.uxListRemove
                0x08105a1c       0x54 ./Middlewares/Third_Party/FreeRTOS/list.o
                0x08105a1c                uxListRemove
 .text.pxPortInitialiseStack
                0x08105a70       0x68 ./Middlewares/Third_Party/FreeRTOS/port.o
                0x08105a70                pxPortInitialiseStack
 .text.prvTaskExitError
                0x08105ad8       0x5c ./Middlewares/Third_Party/FreeRTOS/port.o
 *fill*         0x08105b34        0xc 
 .text.SVC_Handler
                0x08105b40       0x28 ./Middlewares/Third_Party/FreeRTOS/port.o
                0x08105b40                SVC_Handler
 .text.prvPortStartFirstTask
                0x08105b68       0x28 ./Middlewares/Third_Party/FreeRTOS/port.o
 .text.xPortStartScheduler
                0x08105b90      0x148 ./Middlewares/Third_Party/FreeRTOS/port.o
                0x08105b90                xPortStartScheduler
 .text.vPortEnterCritical
                0x08105cd8       0x64 ./Middlewares/Third_Party/FreeRTOS/port.o
                0x08105cd8                vPortEnterCritical
 .text.vPortExitCritical
                0x08105d3c       0x54 ./Middlewares/Third_Party/FreeRTOS/port.o
                0x08105d3c                vPortExitCritical
 .text.PendSV_Handler
                0x08105d90       0x68 ./Middlewares/Third_Party/FreeRTOS/port.o
                0x08105d90                PendSV_Handler
 .text.xPortSysTickHandler
                0x08105df8       0x44 ./Middlewares/Third_Party/FreeRTOS/port.o
                0x08105df8                xPortSysTickHandler
 .text.vPortSetupTimerInterrupt
                0x08105e3c       0x48 ./Middlewares/Third_Party/FreeRTOS/port.o
                0x08105e3c                vPortSetupTimerInterrupt
 .text.vPortEnableVFP
                0x08105e84       0x14 ./Middlewares/Third_Party/FreeRTOS/port.o
 .text.vPortValidateInterruptPriority
                0x08105e98       0x84 ./Middlewares/Third_Party/FreeRTOS/port.o
                0x08105e98                vPortValidateInterruptPriority
 .text.xQueueGenericReset
                0x08105f1c       0xd4 ./Middlewares/Third_Party/FreeRTOS/queue.o
                0x08105f1c                xQueueGenericReset
 .text.xQueueGenericCreateStatic
                0x08105ff0       0xfa ./Middlewares/Third_Party/FreeRTOS/queue.o
                0x08105ff0                xQueueGenericCreateStatic
 .text.xQueueGenericCreate
                0x081060ea       0x76 ./Middlewares/Third_Party/FreeRTOS/queue.o
                0x081060ea                xQueueGenericCreate
 .text.prvInitialiseNewQueue
                0x08106160       0x46 ./Middlewares/Third_Party/FreeRTOS/queue.o
 .text.xQueueCreateCountingSemaphoreStatic
                0x081061a6       0x72 ./Middlewares/Third_Party/FreeRTOS/queue.o
                0x081061a6                xQueueCreateCountingSemaphoreStatic
 .text.xQueueCreateCountingSemaphore
                0x08106218       0x6a ./Middlewares/Third_Party/FreeRTOS/queue.o
                0x08106218                xQueueCreateCountingSemaphore
 *fill*         0x08106282        0x2 
 .text.xQueueGenericSend
                0x08106284      0x204 ./Middlewares/Third_Party/FreeRTOS/queue.o
                0x08106284                xQueueGenericSend
 .text.xQueueGenericSendFromISR
                0x08106488      0x13c ./Middlewares/Third_Party/FreeRTOS/queue.o
                0x08106488                xQueueGenericSendFromISR
 .text.xQueueGiveFromISR
                0x081065c4      0x120 ./Middlewares/Third_Party/FreeRTOS/queue.o
                0x081065c4                xQueueGiveFromISR
 .text.xQueueReceive
                0x081066e4      0x1c4 ./Middlewares/Third_Party/FreeRTOS/queue.o
                0x081066e4                xQueueReceive
 .text.xQueueSemaphoreTake
                0x081068a8      0x220 ./Middlewares/Third_Party/FreeRTOS/queue.o
                0x081068a8                xQueueSemaphoreTake
 .text.xQueueReceiveFromISR
                0x08106ac8      0x104 ./Middlewares/Third_Party/FreeRTOS/queue.o
                0x08106ac8                xQueueReceiveFromISR
 .text.vQueueDelete
                0x08106bcc       0x48 ./Middlewares/Third_Party/FreeRTOS/queue.o
                0x08106bcc                vQueueDelete
 .text.prvGetDisinheritPriorityAfterTimeout
                0x08106c14       0x30 ./Middlewares/Third_Party/FreeRTOS/queue.o
 .text.prvCopyDataToQueue
                0x08106c44       0xd4 ./Middlewares/Third_Party/FreeRTOS/queue.o
 .text.prvCopyDataFromQueue
                0x08106d18       0x4c ./Middlewares/Third_Party/FreeRTOS/queue.o
 .text.prvUnlockQueue
                0x08106d64       0xa4 ./Middlewares/Third_Party/FreeRTOS/queue.o
 .text.prvIsQueueEmpty
                0x08106e08       0x2c ./Middlewares/Third_Party/FreeRTOS/queue.o
 .text.prvIsQueueFull
                0x08106e34       0x30 ./Middlewares/Third_Party/FreeRTOS/queue.o
 .text.vQueueAddToRegistry
                0x08106e64       0x54 ./Middlewares/Third_Party/FreeRTOS/queue.o
                0x08106e64                vQueueAddToRegistry
 .text.vQueueUnregisterQueue
                0x08106eb8       0x54 ./Middlewares/Third_Party/FreeRTOS/queue.o
                0x08106eb8                vQueueUnregisterQueue
 .text.vQueueWaitForMessageRestricted
                0x08106f0c       0x68 ./Middlewares/Third_Party/FreeRTOS/queue.o
                0x08106f0c                vQueueWaitForMessageRestricted
 .text.xTaskCreateStatic
                0x08106f74       0xc0 ./Middlewares/Third_Party/FreeRTOS/tasks.o
                0x08106f74                xTaskCreateStatic
 .text.xTaskCreate
                0x08107034       0x8a ./Middlewares/Third_Party/FreeRTOS/tasks.o
                0x08107034                xTaskCreate
 .text.prvInitialiseNewTask
                0x081070be      0x120 ./Middlewares/Third_Party/FreeRTOS/tasks.o
 *fill*         0x081071de        0x2 
 .text.prvAddNewTaskToReadyList
                0x081071e0       0xe0 ./Middlewares/Third_Party/FreeRTOS/tasks.o
 .text.vTaskDelay
                0x081072c0       0x6c ./Middlewares/Third_Party/FreeRTOS/tasks.o
                0x081072c0                vTaskDelay
 .text.vTaskStartScheduler
                0x0810732c       0xd0 ./Middlewares/Third_Party/FreeRTOS/tasks.o
                0x0810732c                vTaskStartScheduler
 .text.vTaskSuspendAll
                0x081073fc       0x1c ./Middlewares/Third_Party/FreeRTOS/tasks.o
                0x081073fc                vTaskSuspendAll
 .text.xTaskResumeAll
                0x08107418      0x13c ./Middlewares/Third_Party/FreeRTOS/tasks.o
                0x08107418                xTaskResumeAll
 .text.xTaskGetTickCount
                0x08107554       0x20 ./Middlewares/Third_Party/FreeRTOS/tasks.o
                0x08107554                xTaskGetTickCount
 .text.xTaskIncrementTick
                0x08107574      0x174 ./Middlewares/Third_Party/FreeRTOS/tasks.o
                0x08107574                xTaskIncrementTick
 .text.vTaskSwitchContext
                0x081076e8       0xbc ./Middlewares/Third_Party/FreeRTOS/tasks.o
                0x081076e8                vTaskSwitchContext
 .text.vTaskPlaceOnEventList
                0x081077a4       0x4c ./Middlewares/Third_Party/FreeRTOS/tasks.o
                0x081077a4                vTaskPlaceOnEventList
 .text.vTaskPlaceOnEventListRestricted
                0x081077f0       0x58 ./Middlewares/Third_Party/FreeRTOS/tasks.o
                0x081077f0                vTaskPlaceOnEventListRestricted
 .text.xTaskRemoveFromEventList
                0x08107848       0xc8 ./Middlewares/Third_Party/FreeRTOS/tasks.o
                0x08107848                xTaskRemoveFromEventList
 .text.vTaskInternalSetTimeOutState
                0x08107910       0x2c ./Middlewares/Third_Party/FreeRTOS/tasks.o
                0x08107910                vTaskInternalSetTimeOutState
 .text.xTaskCheckForTimeOut
                0x0810793c       0xc8 ./Middlewares/Third_Party/FreeRTOS/tasks.o
                0x0810793c                xTaskCheckForTimeOut
 .text.vTaskMissedYield
                0x08107a04       0x18 ./Middlewares/Third_Party/FreeRTOS/tasks.o
                0x08107a04                vTaskMissedYield
 .text.prvIdleTask
                0x08107a1c       0x30 ./Middlewares/Third_Party/FreeRTOS/tasks.o
 .text.prvInitialiseTaskLists
                0x08107a4c       0x80 ./Middlewares/Third_Party/FreeRTOS/tasks.o
 .text.prvCheckTasksWaitingTermination
                0x08107acc       0x5c ./Middlewares/Third_Party/FreeRTOS/tasks.o
 .text.prvDeleteTCB
                0x08107b28       0x60 ./Middlewares/Third_Party/FreeRTOS/tasks.o
 .text.prvResetNextTaskUnblockTime
                0x08107b88       0x40 ./Middlewares/Third_Party/FreeRTOS/tasks.o
 .text.xTaskGetSchedulerState
                0x08107bc8       0x3c ./Middlewares/Third_Party/FreeRTOS/tasks.o
                0x08107bc8                xTaskGetSchedulerState
 .text.xTaskPriorityInherit
                0x08107c04       0xd0 ./Middlewares/Third_Party/FreeRTOS/tasks.o
                0x08107c04                xTaskPriorityInherit
 .text.xTaskPriorityDisinherit
                0x08107cd4       0xe0 ./Middlewares/Third_Party/FreeRTOS/tasks.o
                0x08107cd4                xTaskPriorityDisinherit
 .text.vTaskPriorityDisinheritAfterTimeout
                0x08107db4      0x108 ./Middlewares/Third_Party/FreeRTOS/tasks.o
                0x08107db4                vTaskPriorityDisinheritAfterTimeout
 .text.pvTaskIncrementMutexHeldCount
                0x08107ebc       0x28 ./Middlewares/Third_Party/FreeRTOS/tasks.o
                0x08107ebc                pvTaskIncrementMutexHeldCount
 .text.prvAddCurrentTaskToDelayedList
                0x08107ee4       0xa8 ./Middlewares/Third_Party/FreeRTOS/tasks.o
 .text.xTimerCreateTimerTask
                0x08107f8c       0x94 ./Middlewares/Third_Party/FreeRTOS/timers.o
                0x08107f8c                xTimerCreateTimerTask
 .text.xTimerGenericCommand
                0x08108020       0x9c ./Middlewares/Third_Party/FreeRTOS/timers.o
                0x08108020                xTimerGenericCommand
 .text.prvProcessExpiredTimer
                0x081080bc       0x9c ./Middlewares/Third_Party/FreeRTOS/timers.o
 .text.prvTimerTask
                0x08108158       0x26 ./Middlewares/Third_Party/FreeRTOS/timers.o
 *fill*         0x0810817e        0x2 
 .text.prvProcessTimerOrBlockTask
                0x08108180       0x9c ./Middlewares/Third_Party/FreeRTOS/timers.o
 .text.prvGetNextExpireTime
                0x0810821c       0x48 ./Middlewares/Third_Party/FreeRTOS/timers.o
 .text.prvSampleTimeNow
                0x08108264       0x40 ./Middlewares/Third_Party/FreeRTOS/timers.o
 .text.prvInsertTimerInActiveList
                0x081082a4       0x84 ./Middlewares/Third_Party/FreeRTOS/timers.o
 .text.prvProcessReceivedCommands
                0x08108328      0x1cc ./Middlewares/Third_Party/FreeRTOS/timers.o
 .text.prvSwitchTimerLists
                0x081084f4       0xcc ./Middlewares/Third_Party/FreeRTOS/timers.o
 .text.prvCheckForValidListAndQueue
                0x081085c0       0x80 ./Middlewares/Third_Party/FreeRTOS/timers.o
 .text.metal_list_init
                0x08108640       0x22 ./Middlewares/Third_Party/OpenAMP/device.o
 .text.metal_list_add_before
                0x08108662       0x34 ./Middlewares/Third_Party/OpenAMP/device.o
 .text.metal_list_add_tail
                0x08108696       0x1a ./Middlewares/Third_Party/OpenAMP/device.o
 .text.__metal_cache_flush
                0x081086b0       0x1a ./Middlewares/Third_Party/OpenAMP/device.o
 .text.__metal_cache_invalidate
                0x081086ca       0x1a ./Middlewares/Third_Party/OpenAMP/device.o
 .text.metal_cache_flush
                0x081086e4       0x1a ./Middlewares/Third_Party/OpenAMP/device.o
 .text.metal_cache_invalidate
                0x081086fe       0x1a ./Middlewares/Third_Party/OpenAMP/device.o
 .text.metal_bus_register
                0x08108718       0x88 ./Middlewares/Third_Party/OpenAMP/device.o
                0x08108718                metal_bus_register
 .text.metal_bus_find
                0x081087a0       0x60 ./Middlewares/Third_Party/OpenAMP/device.o
                0x081087a0                metal_bus_find
 .text.metal_device_open
                0x08108800       0x7c ./Middlewares/Third_Party/OpenAMP/device.o
                0x08108800                metal_device_open
 .text.metal_register_generic_device
                0x0810887c       0x4c ./Middlewares/Third_Party/OpenAMP/device.o
                0x0810887c                metal_register_generic_device
 .text.metal_generic_dev_open
                0x081088c8       0x60 ./Middlewares/Third_Party/OpenAMP/device.o
                0x081088c8                metal_generic_dev_open
 .text.metal_generic_dev_dma_map
                0x08108928       0xa2 ./Middlewares/Third_Party/OpenAMP/device.o
                0x08108928                metal_generic_dev_dma_map
 .text.metal_generic_dev_dma_unmap
                0x081089ca       0x56 ./Middlewares/Third_Party/OpenAMP/device.o
                0x081089ca                metal_generic_dev_dma_unmap
 .text.metal_generic_dev_sys_open
                0x08108a20       0x4e ./Middlewares/Third_Party/OpenAMP/generic_device.o
                0x08108a20                metal_generic_dev_sys_open
 *fill*         0x08108a6e        0x2 
 .text.metal_sys_init
                0x08108a70       0x1c ./Middlewares/Third_Party/OpenAMP/generic_init.o
                0x08108a70                metal_sys_init
 .text.metal_sys_io_mem_map
                0x08108a8c       0x7c ./Middlewares/Third_Party/OpenAMP/generic_io.o
                0x08108a8c                metal_sys_io_mem_map
 .text.metal_list_init
                0x08108b08       0x22 ./Middlewares/Third_Party/OpenAMP/init.o
 *fill*         0x08108b2a        0x2 
 .text.metal_init
                0x08108b2c       0x64 ./Middlewares/Third_Party/OpenAMP/init.o
                0x08108b2c                metal_init
 .text.metal_io_virt
                0x08108b90       0x36 ./Middlewares/Third_Party/OpenAMP/io.o
 .text.metal_io_init
                0x08108bc6       0x9e ./Middlewares/Third_Party/OpenAMP/io.o
                0x08108bc6                metal_io_init
 .text.metal_io_block_read
                0x08108c64       0xee ./Middlewares/Third_Party/OpenAMP/io.o
                0x08108c64                metal_io_block_read
 .text.metal_io_block_write
                0x08108d52       0xec ./Middlewares/Third_Party/OpenAMP/io.o
                0x08108d52                metal_io_block_write
 .text.metal_default_log_handler
                0x08108e3e       0x1a ./Middlewares/Third_Party/OpenAMP/log.o
                0x08108e3e                metal_default_log_handler
 .text.metal_io_virt
                0x08108e58       0x36 ./Middlewares/Third_Party/OpenAMP/remoteproc_virtio.o
 .text.metal_io_virt_to_offset
                0x08108e8e       0x32 ./Middlewares/Third_Party/OpenAMP/remoteproc_virtio.o
 .text.metal_io_read
                0x08108ec0      0x104 ./Middlewares/Third_Party/OpenAMP/remoteproc_virtio.o
 .text.metal_allocate_memory
                0x08108fc4       0x18 ./Middlewares/Third_Party/OpenAMP/remoteproc_virtio.o
 .text.metal_free_memory
                0x08108fdc       0x16 ./Middlewares/Third_Party/OpenAMP/remoteproc_virtio.o
 .text.virtqueue_allocate
                0x08108ff2       0x32 ./Middlewares/Third_Party/OpenAMP/remoteproc_virtio.o
 .text.rproc_virtio_virtqueue_notify
                0x08109024       0x68 ./Middlewares/Third_Party/OpenAMP/remoteproc_virtio.o
 .text.rproc_virtio_get_status
                0x0810908c       0x44 ./Middlewares/Third_Party/OpenAMP/remoteproc_virtio.o
 .text.rproc_virtio_get_features
                0x081090d0       0x44 ./Middlewares/Third_Party/OpenAMP/remoteproc_virtio.o
 .text.rproc_virtio_negotiate_features
                0x08109114       0x18 ./Middlewares/Third_Party/OpenAMP/remoteproc_virtio.o
 .text.rproc_virtio_read_config
                0x0810912c       0x1a ./Middlewares/Third_Party/OpenAMP/remoteproc_virtio.o
 *fill*         0x08109146        0x2 
 .text.rproc_virtio_create_vdev
                0x08109148      0x15c ./Middlewares/Third_Party/OpenAMP/remoteproc_virtio.o
                0x08109148                rproc_virtio_create_vdev
 .text.rproc_virtio_init_vring
                0x081092a4       0x62 ./Middlewares/Third_Party/OpenAMP/remoteproc_virtio.o
                0x081092a4                rproc_virtio_init_vring
 .text.rproc_virtio_notified
                0x08109306       0x78 ./Middlewares/Third_Party/OpenAMP/remoteproc_virtio.o
                0x08109306                rproc_virtio_notified
 .text.rproc_virtio_wait_remote_ready
                0x0810937e       0x32 ./Middlewares/Third_Party/OpenAMP/remoteproc_virtio.o
                0x0810937e                rproc_virtio_wait_remote_ready
 .text.__metal_mutex_acquire
                0x081093b0       0x38 ./Middlewares/Third_Party/OpenAMP/rpmsg.o
 .text.__metal_mutex_release
                0x081093e8       0x22 ./Middlewares/Third_Party/OpenAMP/rpmsg.o
 .text.metal_mutex_acquire
                0x0810940a       0x16 ./Middlewares/Third_Party/OpenAMP/rpmsg.o
 .text.metal_mutex_release
                0x08109420       0x16 ./Middlewares/Third_Party/OpenAMP/rpmsg.o
 .text.metal_list_add_before
                0x08109436       0x34 ./Middlewares/Third_Party/OpenAMP/rpmsg.o
 .text.metal_list_add_tail
                0x0810946a       0x1a ./Middlewares/Third_Party/OpenAMP/rpmsg.o
 .text.metal_list_del
                0x08109484       0x36 ./Middlewares/Third_Party/OpenAMP/rpmsg.o
 .text.metal_bitmap_set_bit
                0x081094ba       0x38 ./Middlewares/Third_Party/OpenAMP/rpmsg.o
 .text.metal_bitmap_is_bit_set
                0x081094f2       0x30 ./Middlewares/Third_Party/OpenAMP/rpmsg.o
 .text.metal_bitmap_clear_bit
                0x08109522       0x3a ./Middlewares/Third_Party/OpenAMP/rpmsg.o
 .text.metal_bitmap_is_bit_clear
                0x0810955c       0x26 ./Middlewares/Third_Party/OpenAMP/rpmsg.o
 .text.metal_bitmap_next_clear_bit
                0x08109582       0x3a ./Middlewares/Third_Party/OpenAMP/rpmsg.o
 .text.rpmsg_init_ept
                0x081095bc       0x3a ./Middlewares/Third_Party/OpenAMP/rpmsg.o
 .text.rpmsg_get_address
                0x081095f6       0x3e ./Middlewares/Third_Party/OpenAMP/rpmsg.o
 .text.rpmsg_release_address
                0x08109634       0x24 ./Middlewares/Third_Party/OpenAMP/rpmsg.o
 .text.rpmsg_is_address_set
                0x08109658       0x30 ./Middlewares/Third_Party/OpenAMP/rpmsg.o
 .text.rpmsg_set_address
                0x08109688       0x30 ./Middlewares/Third_Party/OpenAMP/rpmsg.o
 .text.rpmsg_send_offchannel_raw
                0x081096b8       0x64 ./Middlewares/Third_Party/OpenAMP/rpmsg.o
                0x081096b8                rpmsg_send_offchannel_raw
 .text.rpmsg_send_ns_message
                0x0810971c       0x50 ./Middlewares/Third_Party/OpenAMP/rpmsg.o
                0x0810971c                rpmsg_send_ns_message
 .text.rpmsg_get_endpoint
                0x0810976c       0xc0 ./Middlewares/Third_Party/OpenAMP/rpmsg.o
                0x0810976c                rpmsg_get_endpoint
 .text.rpmsg_unregister_endpoint
                0x0810982c       0x44 ./Middlewares/Third_Party/OpenAMP/rpmsg.o
 .text.rpmsg_register_endpoint
                0x08109870       0x28 ./Middlewares/Third_Party/OpenAMP/rpmsg.o
                0x08109870                rpmsg_register_endpoint
 .text.rpmsg_create_ept
                0x08109898       0xfc ./Middlewares/Third_Party/OpenAMP/rpmsg.o
                0x08109898                rpmsg_create_ept
 .text.__metal_cache_invalidate
                0x08109994       0x1a ./Middlewares/Third_Party/OpenAMP/rpmsg_virtio.o
 .text.metal_cache_invalidate
                0x081099ae       0x1a ./Middlewares/Third_Party/OpenAMP/rpmsg_virtio.o
 .text.__metal_sleep_usec
                0x081099c8       0x16 ./Middlewares/Third_Party/OpenAMP/rpmsg_virtio.o
 .text.metal_sleep_usec
                0x081099de       0x18 ./Middlewares/Third_Party/OpenAMP/rpmsg_virtio.o
 .text.metal_list_init
                0x081099f6       0x22 ./Middlewares/Third_Party/OpenAMP/rpmsg_virtio.o
 .text.metal_io_virt_to_offset
                0x08109a18       0x32 ./Middlewares/Third_Party/OpenAMP/rpmsg_virtio.o
 .text.__metal_mutex_init
                0x08109a4a       0x2c ./Middlewares/Third_Party/OpenAMP/rpmsg_virtio.o
 .text.__metal_mutex_acquire
                0x08109a76       0x38 ./Middlewares/Third_Party/OpenAMP/rpmsg_virtio.o
 .text.__metal_mutex_release
                0x08109aae       0x22 ./Middlewares/Third_Party/OpenAMP/rpmsg_virtio.o
 .text.metal_mutex_init
                0x08109ad0       0x16 ./Middlewares/Third_Party/OpenAMP/rpmsg_virtio.o
 .text.metal_mutex_acquire
                0x08109ae6       0x16 ./Middlewares/Third_Party/OpenAMP/rpmsg_virtio.o
 .text.metal_mutex_release
                0x08109afc       0x16 ./Middlewares/Third_Party/OpenAMP/rpmsg_virtio.o
 .text.rpmsg_init_ept
                0x08109b12       0x3a ./Middlewares/Third_Party/OpenAMP/rpmsg_virtio.o
 .text.rpmsg_virtio_get_role
                0x08109b4c       0x1a ./Middlewares/Third_Party/OpenAMP/rpmsg_virtio.o
 .text.rpmsg_virtio_set_status
                0x08109b66       0x26 ./Middlewares/Third_Party/OpenAMP/rpmsg_virtio.o
 .text.rpmsg_virtio_get_status
                0x08109b8c       0x22 ./Middlewares/Third_Party/OpenAMP/rpmsg_virtio.o
 .text.rpmsg_virtio_get_features
                0x08109bae       0x22 ./Middlewares/Third_Party/OpenAMP/rpmsg_virtio.o
 .text.rpmsg_virtio_create_virtqueues
                0x08109bd0       0x2a ./Middlewares/Third_Party/OpenAMP/rpmsg_virtio.o
 .text.rpmsg_get_ept_from_addr
                0x08109bfa       0x22 ./Middlewares/Third_Party/OpenAMP/rpmsg_virtio.o
 .text.rpmsg_virtio_init_shm_pool
                0x08109c1c       0x5a ./Middlewares/Third_Party/OpenAMP/rpmsg_virtio.o
                0x08109c1c                rpmsg_virtio_init_shm_pool
 .text.rpmsg_virtio_return_buffer
                0x08109c76       0x32 ./Middlewares/Third_Party/OpenAMP/rpmsg_virtio.o
 .text.rpmsg_virtio_enqueue_buffer
                0x08109ca8       0x38 ./Middlewares/Third_Party/OpenAMP/rpmsg_virtio.o
 .text.rpmsg_virtio_get_tx_buffer
                0x08109ce0       0x38 ./Middlewares/Third_Party/OpenAMP/rpmsg_virtio.o
 .text.rpmsg_virtio_get_rx_buffer
                0x08109d18       0x4a ./Middlewares/Third_Party/OpenAMP/rpmsg_virtio.o
 .text.rpmsg_virtio_wait_remote_ready
                0x08109d62       0x3a ./Middlewares/Third_Party/OpenAMP/rpmsg_virtio.o
 .text._rpmsg_virtio_get_buffer_size
                0x08109d9c       0x34 ./Middlewares/Third_Party/OpenAMP/rpmsg_virtio.o
 .text.rpmsg_virtio_send_offchannel_raw
                0x08109dd0      0x154 ./Middlewares/Third_Party/OpenAMP/rpmsg_virtio.o
 .text.rpmsg_virtio_tx_callback
                0x08109f24       0x14 ./Middlewares/Third_Party/OpenAMP/rpmsg_virtio.o
 .text.rpmsg_virtio_rx_callback
                0x08109f38       0xec ./Middlewares/Third_Party/OpenAMP/rpmsg_virtio.o
 .text.rpmsg_virtio_ns_callback
                0x0810a024       0xe4 ./Middlewares/Third_Party/OpenAMP/rpmsg_virtio.o
 .text.rpmsg_init_vdev
                0x0810a108      0x138 ./Middlewares/Third_Party/OpenAMP/rpmsg_virtio.o
                0x0810a108                rpmsg_init_vdev
 .text.metal_machine_cache_flush
                0x0810a240       0x16 ./Middlewares/Third_Party/OpenAMP/sys.o
                0x0810a240                metal_machine_cache_flush
 .text.metal_machine_cache_invalidate
                0x0810a256       0x16 ./Middlewares/Third_Party/OpenAMP/sys.o
                0x0810a256                metal_machine_cache_invalidate
 .text.metal_machine_io_mem_map
                0x0810a26c       0x1c ./Middlewares/Third_Party/OpenAMP/sys.o
                0x0810a26c                metal_machine_io_mem_map
 .text.virtio_create_virtqueues
                0x0810a288       0x98 ./Middlewares/Third_Party/OpenAMP/virtio.o
                0x0810a288                virtio_create_virtqueues
 .text.vring_init
                0x0810a320       0x52 ./Middlewares/Third_Party/OpenAMP/virtqueue.o
 .text.vring_need_event
                0x0810a372       0x3c ./Middlewares/Third_Party/OpenAMP/virtqueue.o
 .text.metal_io_virt
                0x0810a3ae       0x36 ./Middlewares/Third_Party/OpenAMP/virtqueue.o
 .text.metal_io_phys
                0x0810a3e4       0x5c ./Middlewares/Third_Party/OpenAMP/virtqueue.o
 .text.metal_io_phys_to_offset
                0x0810a440       0x60 ./Middlewares/Third_Party/OpenAMP/virtqueue.o
 .text.metal_io_phys_to_virt
                0x0810a4a0       0x26 ./Middlewares/Third_Party/OpenAMP/virtqueue.o
 .text.virtqueue_phys_to_virt
                0x0810a4c6       0x22 ./Middlewares/Third_Party/OpenAMP/virtqueue.o
 .text.virtqueue_create
                0x0810a4e8       0x68 ./Middlewares/Third_Party/OpenAMP/virtqueue.o
                0x0810a4e8                virtqueue_create
 .text.virtqueue_get_available_buffer
                0x0810a550       0x8c ./Middlewares/Third_Party/OpenAMP/virtqueue.o
                0x0810a550                virtqueue_get_available_buffer
 .text.virtqueue_add_consumed_buffer
                0x0810a5dc       0x74 ./Middlewares/Third_Party/OpenAMP/virtqueue.o
                0x0810a5dc                virtqueue_add_consumed_buffer
 .text.virtqueue_disable_cb
                0x0810a650       0x54 ./Middlewares/Third_Party/OpenAMP/virtqueue.o
                0x0810a650                virtqueue_disable_cb
 .text.virtqueue_kick
                0x0810a6a4       0x2c ./Middlewares/Third_Party/OpenAMP/virtqueue.o
                0x0810a6a4                virtqueue_kick
 .text.virtqueue_get_desc_size
                0x0810a6d0       0x66 ./Middlewares/Third_Party/OpenAMP/virtqueue.o
                0x0810a6d0                virtqueue_get_desc_size
 .text.vq_ring_init
                0x0810a736       0x66 ./Middlewares/Third_Party/OpenAMP/virtqueue.o
 .text.virtqueue_notification
                0x0810a79c       0x24 ./Middlewares/Third_Party/OpenAMP/virtqueue.o
                0x0810a79c                virtqueue_notification
 .text.vq_ring_must_notify_host
                0x0810a7c0       0x6c ./Middlewares/Third_Party/OpenAMP/virtqueue.o
 .text.vq_ring_notify_host
                0x0810a82c       0x20 ./Middlewares/Third_Party/OpenAMP/virtqueue.o
 .text.HAL_HSEM_FreeCallback
                0x0810a84c       0x20 ./OPENAMP/mbox_hsem.o
                0x0810a84c                HAL_HSEM_FreeCallback
 .text.MAILBOX_Init
                0x0810a86c       0x38 ./OPENAMP/mbox_hsem.o
                0x0810a86c                MAILBOX_Init
 .text.MAILBOX_Poll
                0x0810a8a4       0x34 ./OPENAMP/mbox_hsem.o
                0x0810a8a4                MAILBOX_Poll
 .text.MAILBOX_Notify
                0x0810a8d8       0x22 ./OPENAMP/mbox_hsem.o
                0x0810a8d8                MAILBOX_Notify
 .text.metal_device_io_region
                0x0810a8fa       0x36 ./OPENAMP/openamp.o
 .text.OPENAMP_shmem_init
                0x0810a930      0x140 ./OPENAMP/openamp.o
 .text.MX_OPENAMP_Init
                0x0810aa70      0x12c ./OPENAMP/openamp.o
                0x0810aa70                MX_OPENAMP_Init
 .text.OPENAMP_create_endpoint
                0x0810ab9c       0x3c ./OPENAMP/openamp.o
                0x0810ab9c                OPENAMP_create_endpoint
 .text.OPENAMP_check_for_message
                0x0810abd8       0x18 ./OPENAMP/openamp.o
                0x0810abd8                OPENAMP_check_for_message
 .text.resource_table_init
                0x0810abf0       0x38 ./OPENAMP/rsc_table.o
                0x0810abf0                resource_table_init
 .text.__assert_func
                0x0810ac28       0x3c /Applications/STM32CubeIDE.app/Contents/Eclipse/plugins/com.st.stm32cube.ide.mcu.externaltools.gnu-tools-for-stm32.12.3.rel1.macos64_1.0.200.202406191456/tools/bin/../lib/gcc/arm-none-eabi/12.3.1/../../../../arm-none-eabi/lib/thumb/v7e-m+fp/hard/libc_nano.a(libc_a-assert.o)
                0x0810ac28                __assert_func
 .text.malloc   0x0810ac64       0x10 /Applications/STM32CubeIDE.app/Contents/Eclipse/plugins/com.st.stm32cube.ide.mcu.externaltools.gnu-tools-for-stm32.12.3.rel1.macos64_1.0.200.202406191456/tools/bin/../lib/gcc/arm-none-eabi/12.3.1/../../../../arm-none-eabi/lib/thumb/v7e-m+fp/hard/libc_nano.a(libc_a-malloc.o)
                0x0810ac64                malloc
 .text.free     0x0810ac74       0x10 /Applications/STM32CubeIDE.app/Contents/Eclipse/plugins/com.st.stm32cube.ide.mcu.externaltools.gnu-tools-for-stm32.12.3.rel1.macos64_1.0.200.202406191456/tools/bin/../lib/gcc/arm-none-eabi/12.3.1/../../../../arm-none-eabi/lib/thumb/v7e-m+fp/hard/libc_nano.a(libc_a-malloc.o)
                0x0810ac74                free
 .text.sbrk_aligned
                0x0810ac84       0x44 /Applications/STM32CubeIDE.app/Contents/Eclipse/plugins/com.st.stm32cube.ide.mcu.externaltools.gnu-tools-for-stm32.12.3.rel1.macos64_1.0.200.202406191456/tools/bin/../lib/gcc/arm-none-eabi/12.3.1/../../../../arm-none-eabi/lib/thumb/v7e-m+fp/hard/libc_nano.a(libc_a-mallocr.o)
 .text._malloc_r
                0x0810acc8      0x100 /Applications/STM32CubeIDE.app/Contents/Eclipse/plugins/com.st.stm32cube.ide.mcu.externaltools.gnu-tools-for-stm32.12.3.rel1.macos64_1.0.200.202406191456/tools/bin/../lib/gcc/arm-none-eabi/12.3.1/../../../../arm-none-eabi/lib/thumb/v7e-m+fp/hard/libc_nano.a(libc_a-mallocr.o)
                0x0810acc8                _malloc_r
 .text.__malloc_lock
                0x0810adc8        0xc /Applications/STM32CubeIDE.app/Contents/Eclipse/plugins/com.st.stm32cube.ide.mcu.externaltools.gnu-tools-for-stm32.12.3.rel1.macos64_1.0.200.202406191456/tools/bin/../lib/gcc/arm-none-eabi/12.3.1/../../../../arm-none-eabi/lib/thumb/v7e-m+fp/hard/libc_nano.a(libc_a-mlock.o)
                0x0810adc8                __malloc_lock
 .text.__malloc_unlock
                0x0810add4        0xc /Applications/STM32CubeIDE.app/Contents/Eclipse/plugins/com.st.stm32cube.ide.mcu.externaltools.gnu-tools-for-stm32.12.3.rel1.macos64_1.0.200.202406191456/tools/bin/../lib/gcc/arm-none-eabi/12.3.1/../../../../arm-none-eabi/lib/thumb/v7e-m+fp/hard/libc_nano.a(libc_a-mlock.o)
                0x0810add4                __malloc_unlock
 .text.sprintf  0x0810ade0       0x40 /Applications/STM32CubeIDE.app/Contents/Eclipse/plugins/com.st.stm32cube.ide.mcu.externaltools.gnu-tools-for-stm32.12.3.rel1.macos64_1.0.200.202406191456/tools/bin/../lib/gcc/arm-none-eabi/12.3.1/../../../../arm-none-eabi/lib/thumb/v7e-m+fp/hard/libc_nano.a(libc_a-sprintf.o)
                0x0810ade0                sprintf
                0x0810ade0                siprintf
 .text.std      0x0810ae20       0x6c /Applications/STM32CubeIDE.app/Contents/Eclipse/plugins/com.st.stm32cube.ide.mcu.externaltools.gnu-tools-for-stm32.12.3.rel1.macos64_1.0.200.202406191456/tools/bin/../lib/gcc/arm-none-eabi/12.3.1/../../../../arm-none-eabi/lib/thumb/v7e-m+fp/hard/libc_nano.a(libc_a-findfp.o)
 .text.stdio_exit_handler
                0x0810ae8c       0x18 /Applications/STM32CubeIDE.app/Contents/Eclipse/plugins/com.st.stm32cube.ide.mcu.externaltools.gnu-tools-for-stm32.12.3.rel1.macos64_1.0.200.202406191456/tools/bin/../lib/gcc/arm-none-eabi/12.3.1/../../../../arm-none-eabi/lib/thumb/v7e-m+fp/hard/libc_nano.a(libc_a-findfp.o)
 .text.cleanup_stdio
                0x0810aea4       0x40 /Applications/STM32CubeIDE.app/Contents/Eclipse/plugins/com.st.stm32cube.ide.mcu.externaltools.gnu-tools-for-stm32.12.3.rel1.macos64_1.0.200.202406191456/tools/bin/../lib/gcc/arm-none-eabi/12.3.1/../../../../arm-none-eabi/lib/thumb/v7e-m+fp/hard/libc_nano.a(libc_a-findfp.o)
 .text.global_stdio_init.part.0
                0x0810aee4       0x3c /Applications/STM32CubeIDE.app/Contents/Eclipse/plugins/com.st.stm32cube.ide.mcu.externaltools.gnu-tools-for-stm32.12.3.rel1.macos64_1.0.200.202406191456/tools/bin/../lib/gcc/arm-none-eabi/12.3.1/../../../../arm-none-eabi/lib/thumb/v7e-m+fp/hard/libc_nano.a(libc_a-findfp.o)
 .text.__sfp_lock_acquire
                0x0810af20        0xc /Applications/STM32CubeIDE.app/Contents/Eclipse/plugins/com.st.stm32cube.ide.mcu.externaltools.gnu-tools-for-stm32.12.3.rel1.macos64_1.0.200.202406191456/tools/bin/../lib/gcc/arm-none-eabi/12.3.1/../../../../arm-none-eabi/lib/thumb/v7e-m+fp/hard/libc_nano.a(libc_a-findfp.o)
                0x0810af20                __sfp_lock_acquire
 .text.__sfp_lock_release
                0x0810af2c        0xc /Applications/STM32CubeIDE.app/Contents/Eclipse/plugins/com.st.stm32cube.ide.mcu.externaltools.gnu-tools-for-stm32.12.3.rel1.macos64_1.0.200.202406191456/tools/bin/../lib/gcc/arm-none-eabi/12.3.1/../../../../arm-none-eabi/lib/thumb/v7e-m+fp/hard/libc_nano.a(libc_a-findfp.o)
                0x0810af2c                __sfp_lock_release
 .text.__sinit  0x0810af38       0x30 /Applications/STM32CubeIDE.app/Contents/Eclipse/plugins/com.st.stm32cube.ide.mcu.externaltools.gnu-tools-for-stm32.12.3.rel1.macos64_1.0.200.202406191456/tools/bin/../lib/gcc/arm-none-eabi/12.3.1/../../../../arm-none-eabi/lib/thumb/v7e-m+fp/hard/libc_nano.a(libc_a-findfp.o)
                0x0810af38                __sinit
 .text.fprintf  0x0810af68       0x24 /Applications/STM32CubeIDE.app/Contents/Eclipse/plugins/com.st.stm32cube.ide.mcu.externaltools.gnu-tools-for-stm32.12.3.rel1.macos64_1.0.200.202406191456/tools/bin/../lib/gcc/arm-none-eabi/12.3.1/../../../../arm-none-eabi/lib/thumb/v7e-m+fp/hard/libc_nano.a(libc_a-fprintf.o)
                0x0810af68                fprintf
                0x0810af68                fiprintf
 .text._fwalk_sglue
                0x0810af8c       0x3c /Applications/STM32CubeIDE.app/Contents/Eclipse/plugins/com.st.stm32cube.ide.mcu.externaltools.gnu-tools-for-stm32.12.3.rel1.macos64_1.0.200.202406191456/tools/bin/../lib/gcc/arm-none-eabi/12.3.1/../../../../arm-none-eabi/lib/thumb/v7e-m+fp/hard/libc_nano.a(libc_a-fwalk.o)
                0x0810af8c                _fwalk_sglue
 .text.strncmp  0x0810afc8       0x24 /Applications/STM32CubeIDE.app/Contents/Eclipse/plugins/com.st.stm32cube.ide.mcu.externaltools.gnu-tools-for-stm32.12.3.rel1.macos64_1.0.200.202406191456/tools/bin/../lib/gcc/arm-none-eabi/12.3.1/../../../../arm-none-eabi/lib/thumb/v7e-m+fp/hard/libc_nano.a(libc_a-strncmp.o)
                0x0810afc8                strncmp
 .text.strncpy  0x0810afec       0x26 /Applications/STM32CubeIDE.app/Contents/Eclipse/plugins/com.st.stm32cube.ide.mcu.externaltools.gnu-tools-for-stm32.12.3.rel1.macos64_1.0.200.202406191456/tools/bin/../lib/gcc/arm-none-eabi/12.3.1/../../../../arm-none-eabi/lib/thumb/v7e-m+fp/hard/libc_nano.a(libc_a-strncpy.o)
                0x0810afec                strncpy
 .text.memset   0x0810b012       0x10 /Applications/STM32CubeIDE.app/Contents/Eclipse/plugins/com.st.stm32cube.ide.mcu.externaltools.gnu-tools-for-stm32.12.3.rel1.macos64_1.0.200.202406191456/tools/bin/../lib/gcc/arm-none-eabi/12.3.1/../../../../arm-none-eabi/lib/thumb/v7e-m+fp/hard/libc_nano.a(libc_a-memset.o)
                0x0810b012                memset
 *fill*         0x0810b022        0x2 
 .text._sbrk_r  0x0810b024       0x20 /Applications/STM32CubeIDE.app/Contents/Eclipse/plugins/com.st.stm32cube.ide.mcu.externaltools.gnu-tools-for-stm32.12.3.rel1.macos64_1.0.200.202406191456/tools/bin/../lib/gcc/arm-none-eabi/12.3.1/../../../../arm-none-eabi/lib/thumb/v7e-m+fp/hard/libc_nano.a(libc_a-sbrkr.o)
                0x0810b024                _sbrk_r
 .text.__errno  0x0810b044        0xc /Applications/STM32CubeIDE.app/Contents/Eclipse/plugins/com.st.stm32cube.ide.mcu.externaltools.gnu-tools-for-stm32.12.3.rel1.macos64_1.0.200.202406191456/tools/bin/../lib/gcc/arm-none-eabi/12.3.1/../../../../arm-none-eabi/lib/thumb/v7e-m+fp/hard/libc_nano.a(libc_a-errno.o)
                0x0810b044                __errno
 .text.__libc_init_array
                0x0810b050       0x48 /Applications/STM32CubeIDE.app/Contents/Eclipse/plugins/com.st.stm32cube.ide.mcu.externaltools.gnu-tools-for-stm32.12.3.rel1.macos64_1.0.200.202406191456/tools/bin/../lib/gcc/arm-none-eabi/12.3.1/../../../../arm-none-eabi/lib/thumb/v7e-m+fp/hard/libc_nano.a(libc_a-init.o)
                0x0810b050                __libc_init_array
 .text.__retarget_lock_init_recursive
                0x0810b098        0x2 /Applications/STM32CubeIDE.app/Contents/Eclipse/plugins/com.st.stm32cube.ide.mcu.externaltools.gnu-tools-for-stm32.12.3.rel1.macos64_1.0.200.202406191456/tools/bin/../lib/gcc/arm-none-eabi/12.3.1/../../../../arm-none-eabi/lib/thumb/v7e-m+fp/hard/libc_nano.a(libc_a-lock.o)
                0x0810b098                __retarget_lock_init_recursive
 .text.__retarget_lock_acquire_recursive
                0x0810b09a        0x2 /Applications/STM32CubeIDE.app/Contents/Eclipse/plugins/com.st.stm32cube.ide.mcu.externaltools.gnu-tools-for-stm32.12.3.rel1.macos64_1.0.200.202406191456/tools/bin/../lib/gcc/arm-none-eabi/12.3.1/../../../../arm-none-eabi/lib/thumb/v7e-m+fp/hard/libc_nano.a(libc_a-lock.o)
                0x0810b09a                __retarget_lock_acquire_recursive
 .text.__retarget_lock_release_recursive
                0x0810b09c        0x2 /Applications/STM32CubeIDE.app/Contents/Eclipse/plugins/com.st.stm32cube.ide.mcu.externaltools.gnu-tools-for-stm32.12.3.rel1.macos64_1.0.200.202406191456/tools/bin/../lib/gcc/arm-none-eabi/12.3.1/../../../../arm-none-eabi/lib/thumb/v7e-m+fp/hard/libc_nano.a(libc_a-lock.o)
                0x0810b09c                __retarget_lock_release_recursive
 .text.memcpy   0x0810b09e       0x1c /Applications/STM32CubeIDE.app/Contents/Eclipse/plugins/com.st.stm32cube.ide.mcu.externaltools.gnu-tools-for-stm32.12.3.rel1.macos64_1.0.200.202406191456/tools/bin/../lib/gcc/arm-none-eabi/12.3.1/../../../../arm-none-eabi/lib/thumb/v7e-m+fp/hard/libc_nano.a(libc_a-memcpy-stub.o)
                0x0810b09e                memcpy
 .text.abort    0x0810b0ba        0xe /Applications/STM32CubeIDE.app/Contents/Eclipse/plugins/com.st.stm32cube.ide.mcu.externaltools.gnu-tools-for-stm32.12.3.rel1.macos64_1.0.200.202406191456/tools/bin/../lib/gcc/arm-none-eabi/12.3.1/../../../../arm-none-eabi/lib/thumb/v7e-m+fp/hard/libc_nano.a(libc_a-abort.o)
                0x0810b0ba                abort
 .text._free_r  0x0810b0c8       0x94 /Applications/STM32CubeIDE.app/Contents/Eclipse/plugins/com.st.stm32cube.ide.mcu.externaltools.gnu-tools-for-stm32.12.3.rel1.macos64_1.0.200.202406191456/tools/bin/../lib/gcc/arm-none-eabi/12.3.1/../../../../arm-none-eabi/lib/thumb/v7e-m+fp/hard/libc_nano.a(libc_a-freer.o)
                0x0810b0c8                _free_r
 .text.__ssputs_r
                0x0810b15c       0xb6 /Applications/STM32CubeIDE.app/Contents/Eclipse/plugins/com.st.stm32cube.ide.mcu.externaltools.gnu-tools-for-stm32.12.3.rel1.macos64_1.0.200.202406191456/tools/bin/../lib/gcc/arm-none-eabi/12.3.1/../../../../arm-none-eabi/lib/thumb/v7e-m+fp/hard/libc_nano.a(libc_a-nano-svfprintf.o)
                0x0810b15c                __ssputs_r
 *fill*         0x0810b212        0x2 
 .text._svfprintf_r
                0x0810b214      0x1f8 /Applications/STM32CubeIDE.app/Contents/Eclipse/plugins/com.st.stm32cube.ide.mcu.externaltools.gnu-tools-for-stm32.12.3.rel1.macos64_1.0.200.202406191456/tools/bin/../lib/gcc/arm-none-eabi/12.3.1/../../../../arm-none-eabi/lib/thumb/v7e-m+fp/hard/libc_nano.a(libc_a-nano-svfprintf.o)
                0x0810b214                _svfprintf_r
                0x0810b214                _svfiprintf_r
 .text.__sfputc_r
                0x0810b40c       0x2e /Applications/STM32CubeIDE.app/Contents/Eclipse/plugins/com.st.stm32cube.ide.mcu.externaltools.gnu-tools-for-stm32.12.3.rel1.macos64_1.0.200.202406191456/tools/bin/../lib/gcc/arm-none-eabi/12.3.1/../../../../arm-none-eabi/lib/thumb/v7e-m+fp/hard/libc_nano.a(libc_a-nano-vfprintf.o)
 .text.__sfputs_r
                0x0810b43a       0x24 /Applications/STM32CubeIDE.app/Contents/Eclipse/plugins/com.st.stm32cube.ide.mcu.externaltools.gnu-tools-for-stm32.12.3.rel1.macos64_1.0.200.202406191456/tools/bin/../lib/gcc/arm-none-eabi/12.3.1/../../../../arm-none-eabi/lib/thumb/v7e-m+fp/hard/libc_nano.a(libc_a-nano-vfprintf.o)
                0x0810b43a                __sfputs_r
 *fill*         0x0810b45e        0x2 
 .text._vfprintf_r
                0x0810b460      0x230 /Applications/STM32CubeIDE.app/Contents/Eclipse/plugins/com.st.stm32cube.ide.mcu.externaltools.gnu-tools-for-stm32.12.3.rel1.macos64_1.0.200.202406191456/tools/bin/../lib/gcc/arm-none-eabi/12.3.1/../../../../arm-none-eabi/lib/thumb/v7e-m+fp/hard/libc_nano.a(libc_a-nano-vfprintf.o)
                0x0810b460                _vfiprintf_r
                0x0810b460                _vfprintf_r
 .text._printf_common
                0x0810b690       0xda /Applications/STM32CubeIDE.app/Contents/Eclipse/plugins/com.st.stm32cube.ide.mcu.externaltools.gnu-tools-for-stm32.12.3.rel1.macos64_1.0.200.202406191456/tools/bin/../lib/gcc/arm-none-eabi/12.3.1/../../../../arm-none-eabi/lib/thumb/v7e-m+fp/hard/libc_nano.a(libc_a-nano-vfprintf_i.o)
                0x0810b690                _printf_common
 *fill*         0x0810b76a        0x2 
 .text._printf_i
                0x0810b76c      0x240 /Applications/STM32CubeIDE.app/Contents/Eclipse/plugins/com.st.stm32cube.ide.mcu.externaltools.gnu-tools-for-stm32.12.3.rel1.macos64_1.0.200.202406191456/tools/bin/../lib/gcc/arm-none-eabi/12.3.1/../../../../arm-none-eabi/lib/thumb/v7e-m+fp/hard/libc_nano.a(libc_a-nano-vfprintf_i.o)
                0x0810b76c                _printf_i
 .text.__sflush_r
                0x0810b9ac      0x108 /Applications/STM32CubeIDE.app/Contents/Eclipse/plugins/com.st.stm32cube.ide.mcu.externaltools.gnu-tools-for-stm32.12.3.rel1.macos64_1.0.200.202406191456/tools/bin/../lib/gcc/arm-none-eabi/12.3.1/../../../../arm-none-eabi/lib/thumb/v7e-m+fp/hard/libc_nano.a(libc_a-fflush.o)
                0x0810b9ac                __sflush_r
 .text._fflush_r
                0x0810bab4       0x50 /Applications/STM32CubeIDE.app/Contents/Eclipse/plugins/com.st.stm32cube.ide.mcu.externaltools.gnu-tools-for-stm32.12.3.rel1.macos64_1.0.200.202406191456/tools/bin/../lib/gcc/arm-none-eabi/12.3.1/../../../../arm-none-eabi/lib/thumb/v7e-m+fp/hard/libc_nano.a(libc_a-fflush.o)
                0x0810bab4                _fflush_r
 .text.__sread  0x0810bb04       0x22 /Applications/STM32CubeIDE.app/Contents/Eclipse/plugins/com.st.stm32cube.ide.mcu.externaltools.gnu-tools-for-stm32.12.3.rel1.macos64_1.0.200.202406191456/tools/bin/../lib/gcc/arm-none-eabi/12.3.1/../../../../arm-none-eabi/lib/thumb/v7e-m+fp/hard/libc_nano.a(libc_a-stdio.o)
                0x0810bb04                __sread
 .text.__swrite
                0x0810bb26       0x38 /Applications/STM32CubeIDE.app/Contents/Eclipse/plugins/com.st.stm32cube.ide.mcu.externaltools.gnu-tools-for-stm32.12.3.rel1.macos64_1.0.200.202406191456/tools/bin/../lib/gcc/arm-none-eabi/12.3.1/../../../../arm-none-eabi/lib/thumb/v7e-m+fp/hard/libc_nano.a(libc_a-stdio.o)
                0x0810bb26                __swrite
 .text.__sseek  0x0810bb5e       0x24 /Applications/STM32CubeIDE.app/Contents/Eclipse/plugins/com.st.stm32cube.ide.mcu.externaltools.gnu-tools-for-stm32.12.3.rel1.macos64_1.0.200.202406191456/tools/bin/../lib/gcc/arm-none-eabi/12.3.1/../../../../arm-none-eabi/lib/thumb/v7e-m+fp/hard/libc_nano.a(libc_a-stdio.o)
                0x0810bb5e                __sseek
 .text.__sclose
                0x0810bb82        0x8 /Applications/STM32CubeIDE.app/Contents/Eclipse/plugins/com.st.stm32cube.ide.mcu.externaltools.gnu-tools-for-stm32.12.3.rel1.macos64_1.0.200.202406191456/tools/bin/../lib/gcc/arm-none-eabi/12.3.1/../../../../arm-none-eabi/lib/thumb/v7e-m+fp/hard/libc_nano.a(libc_a-stdio.o)
                0x0810bb82                __sclose
 .text._realloc_r
                0x0810bb8a       0x5c /Applications/STM32CubeIDE.app/Contents/Eclipse/plugins/com.st.stm32cube.ide.mcu.externaltools.gnu-tools-for-stm32.12.3.rel1.macos64_1.0.200.202406191456/tools/bin/../lib/gcc/arm-none-eabi/12.3.1/../../../../arm-none-eabi/lib/thumb/v7e-m+fp/hard/libc_nano.a(libc_a-reallocr.o)
                0x0810bb8a                _realloc_r
 .text.__swbuf_r
                0x0810bbe6       0x7c /Applications/STM32CubeIDE.app/Contents/Eclipse/plugins/com.st.stm32cube.ide.mcu.externaltools.gnu-tools-for-stm32.12.3.rel1.macos64_1.0.200.202406191456/tools/bin/../lib/gcc/arm-none-eabi/12.3.1/../../../../arm-none-eabi/lib/thumb/v7e-m+fp/hard/libc_nano.a(libc_a-wbuf.o)
                0x0810bbe6                __swbuf_r
 *fill*         0x0810bc62        0x2 
 .text.__swsetup_r
                0x0810bc64       0xac /Applications/STM32CubeIDE.app/Contents/Eclipse/plugins/com.st.stm32cube.ide.mcu.externaltools.gnu-tools-for-stm32.12.3.rel1.macos64_1.0.200.202406191456/tools/bin/../lib/gcc/arm-none-eabi/12.3.1/../../../../arm-none-eabi/lib/thumb/v7e-m+fp/hard/libc_nano.a(libc_a-wsetup.o)
                0x0810bc64                __swsetup_r
 .text.__swhatbuf_r
                0x0810bd10       0x4c /Applications/STM32CubeIDE.app/Contents/Eclipse/plugins/com.st.stm32cube.ide.mcu.externaltools.gnu-tools-for-stm32.12.3.rel1.macos64_1.0.200.202406191456/tools/bin/../lib/gcc/arm-none-eabi/12.3.1/../../../../arm-none-eabi/lib/thumb/v7e-m+fp/hard/libc_nano.a(libc_a-makebuf.o)
                0x0810bd10                __swhatbuf_r
 .text.__smakebuf_r
                0x0810bd5c       0x78 /Applications/STM32CubeIDE.app/Contents/Eclipse/plugins/com.st.stm32cube.ide.mcu.externaltools.gnu-tools-for-stm32.12.3.rel1.macos64_1.0.200.202406191456/tools/bin/../lib/gcc/arm-none-eabi/12.3.1/../../../../arm-none-eabi/lib/thumb/v7e-m+fp/hard/libc_nano.a(libc_a-makebuf.o)
                0x0810bd5c                __smakebuf_r
 .text.memmove  0x0810bdd4       0x34 /Applications/STM32CubeIDE.app/Contents/Eclipse/plugins/com.st.stm32cube.ide.mcu.externaltools.gnu-tools-for-stm32.12.3.rel1.macos64_1.0.200.202406191456/tools/bin/../lib/gcc/arm-none-eabi/12.3.1/../../../../arm-none-eabi/lib/thumb/v7e-m+fp/hard/libc_nano.a(libc_a-memmove.o)
                0x0810bdd4                memmove
 .text._close_r
                0x0810be08       0x20 /Applications/STM32CubeIDE.app/Contents/Eclipse/plugins/com.st.stm32cube.ide.mcu.externaltools.gnu-tools-for-stm32.12.3.rel1.macos64_1.0.200.202406191456/tools/bin/../lib/gcc/arm-none-eabi/12.3.1/../../../../arm-none-eabi/lib/thumb/v7e-m+fp/hard/libc_nano.a(libc_a-closer.o)
                0x0810be08                _close_r
 .text._fstat_r
                0x0810be28       0x24 /Applications/STM32CubeIDE.app/Contents/Eclipse/plugins/com.st.stm32cube.ide.mcu.externaltools.gnu-tools-for-stm32.12.3.rel1.macos64_1.0.200.202406191456/tools/bin/../lib/gcc/arm-none-eabi/12.3.1/../../../../arm-none-eabi/lib/thumb/v7e-m+fp/hard/libc_nano.a(libc_a-fstatr.o)
                0x0810be28                _fstat_r
 .text._isatty_r
                0x0810be4c       0x20 /Applications/STM32CubeIDE.app/Contents/Eclipse/plugins/com.st.stm32cube.ide.mcu.externaltools.gnu-tools-for-stm32.12.3.rel1.macos64_1.0.200.202406191456/tools/bin/../lib/gcc/arm-none-eabi/12.3.1/../../../../arm-none-eabi/lib/thumb/v7e-m+fp/hard/libc_nano.a(libc_a-isattyr.o)
                0x0810be4c                _isatty_r
 .text._lseek_r
                0x0810be6c       0x24 /Applications/STM32CubeIDE.app/Contents/Eclipse/plugins/com.st.stm32cube.ide.mcu.externaltools.gnu-tools-for-stm32.12.3.rel1.macos64_1.0.200.202406191456/tools/bin/../lib/gcc/arm-none-eabi/12.3.1/../../../../arm-none-eabi/lib/thumb/v7e-m+fp/hard/libc_nano.a(libc_a-lseekr.o)
                0x0810be6c                _lseek_r
 .text._raise_r
                0x0810be90       0x50 /Applications/STM32CubeIDE.app/Contents/Eclipse/plugins/com.st.stm32cube.ide.mcu.externaltools.gnu-tools-for-stm32.12.3.rel1.macos64_1.0.200.202406191456/tools/bin/../lib/gcc/arm-none-eabi/12.3.1/../../../../arm-none-eabi/lib/thumb/v7e-m+fp/hard/libc_nano.a(libc_a-signal.o)
                0x0810be90                _raise_r
 .text.raise    0x0810bee0       0x10 /Applications/STM32CubeIDE.app/Contents/Eclipse/plugins/com.st.stm32cube.ide.mcu.externaltools.gnu-tools-for-stm32.12.3.rel1.macos64_1.0.200.202406191456/tools/bin/../lib/gcc/arm-none-eabi/12.3.1/../../../../arm-none-eabi/lib/thumb/v7e-m+fp/hard/libc_nano.a(libc_a-signal.o)
                0x0810bee0                raise
 .text._read_r  0x0810bef0       0x24 /Applications/STM32CubeIDE.app/Contents/Eclipse/plugins/com.st.stm32cube.ide.mcu.externaltools.gnu-tools-for-stm32.12.3.rel1.macos64_1.0.200.202406191456/tools/bin/../lib/gcc/arm-none-eabi/12.3.1/../../../../arm-none-eabi/lib/thumb/v7e-m+fp/hard/libc_nano.a(libc_a-readr.o)
                0x0810bef0                _read_r
 .text._kill_r  0x0810bf14       0x24 /Applications/STM32CubeIDE.app/Contents/Eclipse/plugins/com.st.stm32cube.ide.mcu.externaltools.gnu-tools-for-stm32.12.3.rel1.macos64_1.0.200.202406191456/tools/bin/../lib/gcc/arm-none-eabi/12.3.1/../../../../arm-none-eabi/lib/thumb/v7e-m+fp/hard/libc_nano.a(libc_a-signalr.o)
                0x0810bf14                _kill_r
 .text._getpid_r
                0x0810bf38        0x4 /Applications/STM32CubeIDE.app/Contents/Eclipse/plugins/com.st.stm32cube.ide.mcu.externaltools.gnu-tools-for-stm32.12.3.rel1.macos64_1.0.200.202406191456/tools/bin/../lib/gcc/arm-none-eabi/12.3.1/../../../../arm-none-eabi/lib/thumb/v7e-m+fp/hard/libc_nano.a(libc_a-signalr.o)
                0x0810bf38                _getpid_r
 .text._write_r
                0x0810bf3c       0x24 /Applications/STM32CubeIDE.app/Contents/Eclipse/plugins/com.st.stm32cube.ide.mcu.externaltools.gnu-tools-for-stm32.12.3.rel1.macos64_1.0.200.202406191456/tools/bin/../lib/gcc/arm-none-eabi/12.3.1/../../../../arm-none-eabi/lib/thumb/v7e-m+fp/hard/libc_nano.a(libc_a-writer.o)
                0x0810bf3c                _write_r
 .text._malloc_usable_size_r
                0x0810bf60       0x10 /Applications/STM32CubeIDE.app/Contents/Eclipse/plugins/com.st.stm32cube.ide.mcu.externaltools.gnu-tools-for-stm32.12.3.rel1.macos64_1.0.200.202406191456/tools/bin/../lib/gcc/arm-none-eabi/12.3.1/../../../../arm-none-eabi/lib/thumb/v7e-m+fp/hard/libc_nano.a(libc_a-msizer.o)
                0x0810bf60                _malloc_usable_size_r
 *(.glue_7)
 .glue_7        0x0810bf70        0x0 linker stubs
 *(.glue_7t)
 .glue_7t       0x0810bf70        0x0 linker stubs
 *(.eh_frame)
 .eh_frame      0x0810bf70        0x0 /Applications/STM32CubeIDE.app/Contents/Eclipse/plugins/com.st.stm32cube.ide.mcu.externaltools.gnu-tools-for-stm32.12.3.rel1.macos64_1.0.200.202406191456/tools/bin/../lib/gcc/arm-none-eabi/12.3.1/thumb/v7e-m+fp/hard/crtbegin.o
 *(.init)
 .init          0x0810bf70        0x4 /Applications/STM32CubeIDE.app/Contents/Eclipse/plugins/com.st.stm32cube.ide.mcu.externaltools.gnu-tools-for-stm32.12.3.rel1.macos64_1.0.200.202406191456/tools/bin/../lib/gcc/arm-none-eabi/12.3.1/thumb/v7e-m+fp/hard/crti.o
                0x0810bf70                _init
 .init          0x0810bf74        0x8 /Applications/STM32CubeIDE.app/Contents/Eclipse/plugins/com.st.stm32cube.ide.mcu.externaltools.gnu-tools-for-stm32.12.3.rel1.macos64_1.0.200.202406191456/tools/bin/../lib/gcc/arm-none-eabi/12.3.1/thumb/v7e-m+fp/hard/crtn.o
 *(.fini)
 .fini          0x0810bf7c        0x4 /Applications/STM32CubeIDE.app/Contents/Eclipse/plugins/com.st.stm32cube.ide.mcu.externaltools.gnu-tools-for-stm32.12.3.rel1.macos64_1.0.200.202406191456/tools/bin/../lib/gcc/arm-none-eabi/12.3.1/thumb/v7e-m+fp/hard/crti.o
                0x0810bf7c                _fini
 .fini          0x0810bf80        0x8 /Applications/STM32CubeIDE.app/Contents/Eclipse/plugins/com.st.stm32cube.ide.mcu.externaltools.gnu-tools-for-stm32.12.3.rel1.macos64_1.0.200.202406191456/tools/bin/../lib/gcc/arm-none-eabi/12.3.1/thumb/v7e-m+fp/hard/crtn.o
                0x0810bf88                        . = ALIGN (0x4)
                0x0810bf88                        _etext = .

.vfp11_veneer   0x0810bf88        0x0
 .vfp11_veneer  0x0810bf88        0x0 linker stubs

.v4_bx          0x0810bf88        0x0
 .v4_bx         0x0810bf88        0x0 linker stubs

.iplt           0x0810bf88        0x0
 .iplt          0x0810bf88        0x0 /Applications/STM32CubeIDE.app/Contents/Eclipse/plugins/com.st.stm32cube.ide.mcu.externaltools.gnu-tools-for-stm32.12.3.rel1.macos64_1.0.200.202406191456/tools/bin/../lib/gcc/arm-none-eabi/12.3.1/thumb/v7e-m+fp/hard/crtbegin.o

.rodata         0x0810bf88      0x390
                0x0810bf88                        . = ALIGN (0x4)
 *(.rodata)
 .rodata        0x0810bf88       0x3e ./Core/Src/main.o
 *fill*         0x0810bfc6        0x2 
 .rodata        0x0810bfc8        0x5 ./Middlewares/Third_Party/FreeRTOS/tasks.o
 *fill*         0x0810bfcd        0x3 
 .rodata        0x0810bfd0        0xd ./Middlewares/Third_Party/FreeRTOS/timers.o
 *fill*         0x0810bfdd        0x3 
 .rodata        0x0810bfe0       0xc0 ./Middlewares/Third_Party/OpenAMP/device.o
 .rodata        0x0810c0a0       0xef ./Middlewares/Third_Party/OpenAMP/remoteproc_virtio.o
 *fill*         0x0810c18f        0x1 
 .rodata        0x0810c190       0x13 ./Middlewares/Third_Party/OpenAMP/rpmsg_virtio.o
 *fill*         0x0810c1a3        0x1 
 .rodata        0x0810c1a4       0x1d ./OPENAMP/openamp.o
 *(.rodata*)
 *fill*         0x0810c1c1        0x3 
 .rodata.D1CorePrescTable
                0x0810c1c4       0x10 ./Common/Src/system_stm32h7xx_dualcore_boot_cm4_cm7.o
                0x0810c1c4                D1CorePrescTable
 .rodata.RxTask_attributes
                0x0810c1d4       0x24 ./Core/Src/main.o
                0x0810c1d4                RxTask_attributes
 .rodata.TxTask_attributes
                0x0810c1f8       0x24 ./Core/Src/main.o
                0x0810c1f8                TxTask_attributes
 .rodata.txSem_attributes
                0x0810c21c       0x10 ./Core/Src/main.o
                0x0810c21c                txSem_attributes
 .rodata.UARTPrescTable
                0x0810c22c       0x18 ./Drivers/STM32H7xx_HAL_Driver/stm32h7xx_hal_uart.o
                0x0810c22c                UARTPrescTable
 .rodata.numerator.1
                0x0810c244        0x8 ./Drivers/STM32H7xx_HAL_Driver/stm32h7xx_hal_uart_ex.o
 .rodata.denominator.0
                0x0810c24c        0x8 ./Drivers/STM32H7xx_HAL_Driver/stm32h7xx_hal_uart_ex.o
 .rodata.remoteproc_virtio_dispatch_funcs
                0x0810c254       0x24 ./Middlewares/Third_Party/OpenAMP/remoteproc_virtio.o
                0x0810c254                remoteproc_virtio_dispatch_funcs
 .rodata.__func__.1
                0x0810c278       0x1e ./Middlewares/Third_Party/OpenAMP/remoteproc_virtio.o
 *fill*         0x0810c296        0x2 
 .rodata.__func__.0
                0x0810c298        0xe ./Middlewares/Third_Party/OpenAMP/remoteproc_virtio.o
 .rodata.__assert_func.str1.1
                0x0810c2a6       0x3c /Applications/STM32CubeIDE.app/Contents/Eclipse/plugins/com.st.stm32cube.ide.mcu.externaltools.gnu-tools-for-stm32.12.3.rel1.macos64_1.0.200.202406191456/tools/bin/../lib/gcc/arm-none-eabi/12.3.1/../../../../arm-none-eabi/lib/thumb/v7e-m+fp/hard/libc_nano.a(libc_a-assert.o)
                                 0x3d (size before relaxing)
 .rodata._svfprintf_r.str1.1
                0x0810c2e2       0x11 /Applications/STM32CubeIDE.app/Contents/Eclipse/plugins/com.st.stm32cube.ide.mcu.externaltools.gnu-tools-for-stm32.12.3.rel1.macos64_1.0.200.202406191456/tools/bin/../lib/gcc/arm-none-eabi/12.3.1/../../../../arm-none-eabi/lib/thumb/v7e-m+fp/hard/libc_nano.a(libc_a-nano-svfprintf.o)
 .rodata._vfprintf_r.str1.1
                0x0810c2f3       0x11 /Applications/STM32CubeIDE.app/Contents/Eclipse/plugins/com.st.stm32cube.ide.mcu.externaltools.gnu-tools-for-stm32.12.3.rel1.macos64_1.0.200.202406191456/tools/bin/../lib/gcc/arm-none-eabi/12.3.1/../../../../arm-none-eabi/lib/thumb/v7e-m+fp/hard/libc_nano.a(libc_a-nano-vfprintf.o)
 .rodata._printf_i.str1.1
                0x0810c2f3       0x22 /Applications/STM32CubeIDE.app/Contents/Eclipse/plugins/com.st.stm32cube.ide.mcu.externaltools.gnu-tools-for-stm32.12.3.rel1.macos64_1.0.200.202406191456/tools/bin/../lib/gcc/arm-none-eabi/12.3.1/../../../../arm-none-eabi/lib/thumb/v7e-m+fp/hard/libc_nano.a(libc_a-nano-vfprintf_i.o)
                0x0810c318                        . = ALIGN (0x4)
 *fill*         0x0810c315        0x3 

.ARM.extab
 *(.ARM.extab* .gnu.linkonce.armextab.*)

.ARM            0x0810c318        0x8
                0x0810c318                        __exidx_start = .
 *(.ARM.exidx*)
 .ARM.exidx     0x0810c318        0x8 /Applications/STM32CubeIDE.app/Contents/Eclipse/plugins/com.st.stm32cube.ide.mcu.externaltools.gnu-tools-for-stm32.12.3.rel1.macos64_1.0.200.202406191456/tools/bin/../lib/gcc/arm-none-eabi/12.3.1/../../../../arm-none-eabi/lib/thumb/v7e-m+fp/hard/libc_nano.a(libc_a-strlen.o)
 .ARM.exidx     0x0810c320        0x0 /Applications/STM32CubeIDE.app/Contents/Eclipse/plugins/com.st.stm32cube.ide.mcu.externaltools.gnu-tools-for-stm32.12.3.rel1.macos64_1.0.200.202406191456/tools/bin/../lib/gcc/arm-none-eabi/12.3.1/../../../../arm-none-eabi/lib/thumb/v7e-m+fp/hard/libc_nano.a(libc_a-strcmp.o)
                                  0x8 (size before relaxing)
 .ARM.exidx     0x0810c320        0x0 /Applications/STM32CubeIDE.app/Contents/Eclipse/plugins/com.st.stm32cube.ide.mcu.externaltools.gnu-tools-for-stm32.12.3.rel1.macos64_1.0.200.202406191456/tools/bin/../lib/gcc/arm-none-eabi/12.3.1/../../../../arm-none-eabi/lib/thumb/v7e-m+fp/hard/libc_nano.a(libc_a-memchr.o)
                                  0x8 (size before relaxing)
 .ARM.exidx     0x0810c320        0x0 /Applications/STM32CubeIDE.app/Contents/Eclipse/plugins/com.st.stm32cube.ide.mcu.externaltools.gnu-tools-for-stm32.12.3.rel1.macos64_1.0.200.202406191456/tools/bin/../lib/gcc/arm-none-eabi/12.3.1/thumb/v7e-m+fp/hard/libgcc.a(_udivmoddi4.o)
                                  0x8 (size before relaxing)
                0x0810c320                        __exidx_end = .

.rel.dyn        0x0810c320        0x0